05-12 16:59:32.776  3334  3434 D ConnectivityService: Network NetworkAgentInfo [WIFI () - 100] was already satisfying request 1. No change.
05-12 16:59:32.776  3334  3434 D ConnectivityService: notifyType AVAILABLE for NetworkAgentInfo [WIFI () - 100]
05-12 16:59:32.780  3769  4362 D ConnectivityManager.CallbackHandler: CM callback handler got msg 524290
05-12 16:59:48.011  3334  3431 I logd    : uid=1000(system) too chatty comm=WifiStateMachin, expire 7 lines
05-12 16:59:48.011  3334  3434 D ConnectivityService: updateNetworkScore for NetworkAgentInfo [WIFI () - 100] to 56
05-12 16:59:48.011  3334  3434 D ConnectivityService: rematching NetworkAgentInfo [WIFI () - 100]
05-12 16:59:48.012  3334  3434 D ConnectivityService: Network NetworkAgentInfo [WIFI () - 100] was already satisfying request 1. No change.
05-12 16:59:48.012  3334  3434 D ConnectivityService: notifyType AVAILABLE for NetworkAgentInfo [WIFI () - 100]
05-12 16:59:48.020  3769  4362 D ConnectivityManager.CallbackHandler: CM callback handler got msg 524290
05-12 16:59:51.055  3334  3434 D ConnectivityService: updateNetworkScore for NetworkAgentInfo [WIFI () - 100] to 60
05-12 16:59:51.055  3334  3434 D ConnectivityService: rematching NetworkAgentInfo [WIFI () - 100]
05-12 16:59:51.056  3334  3434 D ConnectivityService: Network NetworkAgentInfo [WIFI () - 100] was already satisfying request 1. No change.
05-12 16:59:51.056  3334  3434 D ConnectivityService: notifyType AVAILABLE for NetworkAgentInfo [WIFI () - 100]
05-12 16:59:51.060  3769  4362 D ConnectivityManager.CallbackHandler: CM callback handler got msg 524290
05-12 16:59:54.097  3334  3434 D ConnectivityService: updateNetworkScore for NetworkAgentInfo [WIFI () - 100] to 56
05-12 16:59:54.097  3334  3434 D ConnectivityService: rematching NetworkAgentInfo [WIFI () - 100]
05-12 16:59:54.097  3334  3434 D ConnectivityService: Network NetworkAgentInfo [WIFI () - 100] was already satisfying request 1. No change.
05-12 16:59:54.097  3334  3434 D ConnectivityService: notifyType AVAILABLE for NetworkAgentInfo [WIFI () - 100]
05-12 16:59:54.101  3769  4362 D ConnectivityManager.CallbackHandler: CM callback handler got msg 524290
05-12 17:00:00.598 17598 20456 I EventLogService: Aggregate from 1431473389104 (log), 1431473389104 (data)
05-12 17:00:00.787 17598 20456 W EventLogAggregator: Unknown tag: sms_sent_by_user
05-12 17:00:00.788 17598 20456 W EventLogAggregator: Unknown tag: cert_pin_failure
05-12 17:00:00.788 17598 20456 W EventLogAggregator: Unknown tag: sms_denied_by_user
05-12 17:00:07.810  3334  3431 I logd    : uid=1000(system) too chatty comm=WifiStateMachin, expire 7 lines
05-12 17:00:21.608  3334  3434 D ConnectivityService: updateNetworkScore for NetworkAgentInfo [WIFI () - 100] to 60
05-12 17:00:21.608  3334  3434 D ConnectivityService: rematching NetworkAgentInfo [WIFI () - 100]
05-12 17:00:21.609  3334  3434 D ConnectivityService: Network NetworkAgentInfo [WIFI () - 100] was already satisfying request 1. No change.
05-12 17:00:21.609  3334  3434 D ConnectivityService: notifyType AVAILABLE for NetworkAgentInfo [WIFI () - 100]
05-12 17:00:21.614  3769  4362 D ConnectivityManager.CallbackHandler: CM callback handler got msg 524290
05-12 17:00:24.702  3334  3431 I logd    : uid=1000(system) too chatty comm=WifiStateMachin, expire 7 lines
05-12 17:00:24.703  3334  3434 D ConnectivityService: updateNetworkScore for NetworkAgentInfo [WIFI () - 100] to 56
05-12 17:00:24.703  3334  3434 D ConnectivityService: rematching NetworkAgentInfo [WIFI () - 100]
05-12 17:00:24.703  3334  3434 D ConnectivityService: Network NetworkAgentInfo [WIFI () - 100] was already satisfying request 1. No change.
05-12 17:00:24.703  3334  3434 D ConnectivityService: notifyType AVAILABLE for NetworkAgentInfo [WIFI () - 100]
05-12 17:00:24.707  3769  4362 D ConnectivityManager.CallbackHandler: CM callback handler got msg 524290
05-12 17:00:30.933  3334  3434 D ConnectivityService: updateNetworkScore for NetworkAgentInfo [WIFI () - 100] to 60
05-12 17:00:30.933  3334  3434 D ConnectivityService: rematching NetworkAgentInfo [WIFI () - 100]
05-12 17:00:30.933  3334  3434 D ConnectivityService: Network NetworkAgentInfo [WIFI () - 100] was already satisfying request 1. No change.
05-12 17:00:30.933  3334  3434 D ConnectivityService: notifyType AVAILABLE for NetworkAgentInfo [WIFI () - 100]
05-12 17:00:30.939  3769  4362 D ConnectivityManager.CallbackHandler: CM callback handler got msg 524290
05-12 17:00:40.163  3334  3434 D ConnectivityService: updateNetworkScore for NetworkAgentInfo [WIFI () - 100] to 56
05-12 17:00:40.164  3334  3434 D ConnectivityService: rematching NetworkAgentInfo [WIFI () - 100]
05-12 17:00:40.165  3334  3434 D ConnectivityService: Network NetworkAgentInfo [WIFI () - 100] was already satisfying request 1. No change.
05-12 17:00:40.166  3334  3434 D ConnectivityService: notifyType AVAILABLE for NetworkAgentInfo [WIFI () - 100]
05-12 17:00:40.226  3769  4362 D ConnectivityManager.CallbackHandler: CM callback handler got msg 524290
05-12 17:00:43.204  3334  3431 I logd    : uid=1000(system) too chatty comm=WifiStateMachin, expire 6 lines
05-12 17:00:43.205  3334  3434 D ConnectivityService: updateNetworkScore for NetworkAgentInfo [WIFI () - 100] to 60
05-12 17:00:43.205  3334  3434 D ConnectivityService: rematching NetworkAgentInfo [WIFI () - 100]
05-12 17:00:43.205  3334  3434 D ConnectivityService: Network NetworkAgentInfo [WIFI () - 100] was already satisfying request 1. No change.
05-12 17:00:43.205  3334  3434 D ConnectivityService: notifyType AVAILABLE for NetworkAgentInfo [WIFI () - 100]
05-12 17:00:43.209  3769  4362 D ConnectivityManager.CallbackHandler: CM callback handler got msg 524290
05-12 17:00:49.350  3334  3434 D ConnectivityService: updateNetworkScore for NetworkAgentInfo [WIFI () - 100] to 56
05-12 17:00:49.350  3334  3434 D ConnectivityService: rematching NetworkAgentInfo [WIFI () - 100]
05-12 17:00:49.350  3334  3434 D ConnectivityService: Network NetworkAgentInfo [WIFI () - 100] was already satisfying request 1. No change.
05-12 17:00:49.350  3334  3434 D ConnectivityService: notifyType AVAILABLE for NetworkAgentInfo [WIFI () - 100]
05-12 17:00:49.354  3769  4362 D ConnectivityManager.CallbackHandler: CM callback handler got msg 524290
05-12 17:00:56.771  3334  3420 I ActivityManager: Start proc 20515:com.google.android.volta/u0a25 for service com.google.android.volta/.BatteryStatsCollectorService
05-12 17:00:56.796  4248  4897 D GCM     : Message class com.google.f.a.a.i
05-12 17:00:56.799 20515 20515 I art     : Late-enabling JIT
05-12 17:00:56.809 20515 20515 I art     : JIT created with code_cache_capacity=2MB compile_threshold=1000
05-12 17:00:57.042 20515 20515 I Volta-DatabaseCleanupService: Successfully scheduled cleanup
05-12 17:00:57.044 20515 20515 I Volta-App: DUMP permission granted: false
05-12 17:00:57.058 20515 20552 V Volta-BatteryStatsCollectorService: Taking battery level snapshot
05-12 17:00:57.186 20515 20552 V Volta-BatteryStatsCollectorService: Scheduling next snapshot at 1431477057184
05-12 17:00:57.193  3334  3745 I ActivityManager: Killing 18600:com.google.android.gms.wearable/u10a9 (adj 15): empty #17
05-12 17:01:02.065 20515 20515 V Volta-DatabaseCleanupService: Finished cleaning databases
05-12 17:01:05.970  3334  3431 I logd    : uid=1000(system) too chatty comm=WifiStateMachin, expire 7 lines
05-12 17:01:17.126  3334  3434 D ConnectivityService: updateNetworkScore for NetworkAgentInfo [WIFI () - 100] to 60
05-12 17:01:17.126  3334  3434 D ConnectivityService: rematching NetworkAgentInfo [WIFI () - 100]
05-12 17:01:17.126  3334  3434 D ConnectivityService: Network NetworkAgentInfo [WIFI () - 100] was already satisfying request 1. No change.
05-12 17:01:17.126  3334  3434 D ConnectivityService: notifyType AVAILABLE for NetworkAgentInfo [WIFI () - 100]
05-12 17:01:17.130  3769  4362 D ConnectivityManager.CallbackHandler: CM callback handler got msg 524290
05-12 17:01:20.172  3334  3431 I logd    : uid=1000(system) too chatty comm=WifiStateMachin, expire 7 lines
05-12 17:01:20.173  3334  3434 D ConnectivityService: updateNetworkScore for NetworkAgentInfo [WIFI () - 100] to 56
05-12 17:01:20.173  3334  3434 D ConnectivityService: rematching NetworkAgentInfo [WIFI () - 100]
05-12 17:01:20.174  3334  3434 D ConnectivityService: Network NetworkAgentInfo [WIFI () - 100] was already satisfying request 1. No change.
05-12 17:01:20.174  3334  3434 D ConnectivityService: notifyType AVAILABLE for NetworkAgentInfo [WIFI () - 100]
05-12 17:01:20.178  3769  4362 D ConnectivityManager.CallbackHandler: CM callback handler got msg 524290
05-12 17:01:29.317  3334  3434 D ConnectivityService: updateNetworkScore for NetworkAgentInfo [WIFI () - 100] to 60
05-12 17:01:29.317  3334  3434 D ConnectivityService: rematching NetworkAgentInfo [WIFI () - 100]
05-12 17:01:29.317  3334  3434 D ConnectivityService: Network NetworkAgentInfo [WIFI () - 100] was already satisfying request 1. No change.
05-12 17:01:29.317  3334  3434 D ConnectivityService: notifyType AVAILABLE for NetworkAgentInfo [WIFI () - 100]
05-12 17:01:29.323  3769  4362 D ConnectivityManager.CallbackHandler: CM callback handler got msg 524290
05-12 17:01:44.563  3334  3434 D ConnectivityService: updateNetworkScore for NetworkAgentInfo [WIFI () - 100] to 56
05-12 17:01:44.564  3334  3434 D ConnectivityService: rematching NetworkAgentInfo [WIFI () - 100]
05-12 17:01:44.564  3334  3434 D ConnectivityService: Network NetworkAgentInfo [WIFI () - 100] was already satisfying request 1. No change.
05-12 17:01:44.564  3334  3434 D ConnectivityService: notifyType AVAILABLE for NetworkAgentInfo [WIFI () - 100]
05-12 17:01:44.568  3769  4362 D ConnectivityManager.CallbackHandler: CM callback handler got msg 524290
05-12 17:01:51.991  3334  3431 I logd    : uid=1000(system) too chatty comm=WifiStateMachin, expire 9 lines
05-12 17:02:15.120  3334  3434 D ConnectivityService: updateNetworkScore for NetworkAgentInfo [WIFI () - 100] to 60
05-12 17:02:15.120  3334  3434 D ConnectivityService: rematching NetworkAgentInfo [WIFI () - 100]
05-12 17:02:15.120  3334  3434 D ConnectivityService: Network NetworkAgentInfo [WIFI () - 100] was already satisfying request 1. No change.
05-12 17:02:15.120  3334  3434 D ConnectivityService: notifyType AVAILABLE for NetworkAgentInfo [WIFI () - 100]
05-12 17:02:15.124  3769  4362 D ConnectivityManager.CallbackHandler: CM callback handler got msg 524290
05-12 17:02:32.154  3334  3431 I logd    : uid=1000(system) too chatty comm=WifiStateMachin, expire 5 lines
05-12 17:02:33.365  3334  3434 D ConnectivityService: updateNetworkScore for NetworkAgentInfo [WIFI () - 100] to 56
05-12 17:02:33.365  3334  3434 D ConnectivityService: rematching NetworkAgentInfo [WIFI () - 100]
05-12 17:02:33.366  3334  3434 D ConnectivityService: Network NetworkAgentInfo [WIFI () - 100] was already satisfying request 1. No change.
05-12 17:02:33.366  3334  3434 D ConnectivityService: notifyType AVAILABLE for NetworkAgentInfo [WIFI () - 100]
05-12 17:02:33.370  3769  4362 D ConnectivityManager.CallbackHandler: CM callback handler got msg 524290
05-12 17:02:52.218  3334  3431 I logd    : uid=1000(system) too chatty comm=WifiStateMachin, expire 4 lines
05-12 17:02:57.196 20878 20878 D AndroidRuntime: >>>>>> START com.android.internal.os.RuntimeInit uid 0 <<<<<<
05-12 17:02:57.200 20878 20878 D AndroidRuntime: CheckJNI is ON
05-12 17:02:57.309 20878 20878 I art     : JIT created with code_cache_capacity=2MB compile_threshold=1000
05-12 17:02:57.325 20878 20878 D ICU     : No timezone override file found: /data/misc/zoneinfo/current/icu/icu_tzdata.dat
05-12 17:02:57.490 20878 20878 W art     : Method processed more than once: void android.text.TextUtils.<clinit>()
05-12 17:02:57.700 20878 20878 I Radio-JNI: register_android_hardware_Radio DONE
05-12 17:02:57.818 20878 20878 W art     : Method processed more than once: java.lang.String java.lang.IntegralToString.stringOf(char[])
05-12 17:02:57.869 20878 20878 W art     : Method processed more than once: void java.util.zip.ZipEntry.<init>(byte[], java.io.InputStream, java.nio.charset.Charset, boolean)
05-12 17:02:57.889 20878 20878 W art     : Method processed more than once: void java.util.jar.ManifestReader.readName()
05-12 17:02:57.891 20878 20878 W art     : Method processed more than once: java.lang.String java.io.ByteArrayOutputStream.toString(java.lang.String)
05-12 17:02:57.958 20878 20878 D AndroidRuntime: Calling main entry com.android.commands.pm.Pm
05-12 17:02:58.014  3334  3349 I UsageStatsService: User[0] Rolling over usage stats
05-12 17:02:58.016  3334  3349 I UsageStatsService: User[0] Flushing usage stats to disk
05-12 17:02:58.121 20086 20099 D DefContainer: Copying /data/local/tmp/ContactsProvider.apk to base.apk
05-12 17:02:58.251  3334  3361 I logd    : uid=1000(system) too chatty comm=PackageManager, expire 17 lines
05-12 17:02:58.274 20899 20899 I dex2oat : /system/bin/dex2oat --zip-fd=6 --zip-location=base.apk --oat-fd=7 --oat-location=/data/app/vmdl1167932799.tmp/oat/arm/base.odex --instruction-set=arm --instruction-set-variant=krait --instruction-set-features=default --runtime-arg -Xms64m --runtime-arg -Xmx512m --compiler-filter=verify-at-runtime --swap-fd=8
05-12 17:02:58.290  3334  3349 I UsageStatsService: User[0] Rollover scheduled @ 2015-05-13 17:00:00(1431561600000)
05-12 17:02:58.290  3334  3349 I UsageStatsService: User[0] Flushing usage stats to disk
05-12 17:02:58.397  3334  3349 I UsageStatsService: User[0] Rolling over usage stats complete. Took 383 milliseconds
05-12 17:02:58.453 20899 20899 I dex2oat : dex2oat took 179.279ms (threads: 4) arena alloc=0B java alloc=806KB native alloc=520KB free=1271KB
05-12 17:02:58.457  3334  3361 D PackageManager: Renaming /data/app/vmdl1167932799.tmp to /data/app/com.android.providers.contacts-1
05-12 17:02:58.458  3334  3350 I ActivityManager: Force stopping com.android.providers.contacts appid=10004 user=-1: replace pkg
05-12 17:02:58.459  3334  3350 I ActivityManager: Killing 20189:android.process.acore/u0a4 (adj 9): stop com.android.providers.contacts
05-12 17:02:58.462  3334  3361 W PackageManager: Trying to update system app code path from /data/app/com.android.providers.contacts-2 to /data/app/com.android.providers.contacts-1
05-12 17:02:58.469  3334  3361 W PackageManager: Code path for com.android.providers.contacts changing from /data/app/com.android.providers.contacts-2 to /data/app/com.android.providers.contacts-1
05-12 17:02:58.469  3334  3361 W PackageManager: Resource path for com.android.providers.contacts changing from /data/app/com.android.providers.contacts-2 to /data/app/com.android.providers.contacts-1
05-12 17:02:58.512  3334  3350 I ActivityManager: Killing 18252:android.process.acore/u10a4 (adj 11): stop com.android.providers.contacts
05-12 17:02:58.585  3334  3414 W ActivityManager: Spurious death for ProcessRecord{5e34dad 0:android.process.acore/u0a4}, curProc for 20189: null
05-12 17:02:58.585  3334  3743 W ActivityManager: Spurious death for ProcessRecord{440f8e2 0:android.process.acore/u10a4}, curProc for 18252: null
05-12 17:02:58.915  3334  3361 D PackageSettings: Wrote domain verification for package: com.google.android.calendar
05-12 17:02:58.975  3334  3361 D PackageSettings: Wrote domain verification for package: com.google.android.apps.books
05-12 17:02:58.984  3334  3361 D PackageSettings: Wrote domain verification for package: com.google.android.keep
05-12 17:02:58.989  3334  3361 D PackageSettings: Wrote domain verification for package: com.google.android.talk
05-12 17:02:59.031  3334  3361 D PackageSettings: Wrote domain verification for package: com.google.android.apps.magazines
05-12 17:02:59.056  3334  3361 D PackageSettings: Wrote domain verification for package: com.google.earth
05-12 17:02:59.059  3334  3361 D PackageSettings: Wrote domain verification for package: com.google.android.inputmethod.latin
05-12 17:02:59.745  3334  3750 W art     : Long monitor contention event with owner method=void com.android.server.pm.PackageManagerService.updateSettingsLI(android.content.pm.PackageParser$Package, java.lang.String, java.lang.String, int[], boolean[], com.android.server.pm.PackageManagerService$PackageInstalledInfo, android.os.UserHandle) from PackageManagerService.java:11288 waiters=0 for 1.082s
05-12 17:03:10.654  3334  3361 D PackageSettings: Wrote domain verification for package: com.google.android.youtube
05-12 17:03:10.717  3334  3361 D PackageSettings: Wrote domain verification for package: com.google.android.apps.docs.editors.docs
05-12 17:03:10.758  3334  3361 D PackageSettings: Wrote domain verification for package: com.google.android.apps.docs.editors.sheets
05-12 17:03:10.762  3334  3361 D PackageSettings: Wrote domain verification for package: com.google.android.apps.docs.editors.slides
05-12 17:03:10.781  3334  3361 D PackageSettings: Wrote domain verification for package: com.android.vending
05-12 17:03:10.832  3334  3361 D PackageSettings: Wrote domain verification for package: com.google.android.setupwizard
05-12 17:03:10.856  3334  3361 D PackageSettings: Wrote domain verification for package: com.google.android.music
05-12 17:03:10.892  3334  3361 D PackageSettings: Wrote domain verification for package: com.google.android.apps.cloudprint
05-12 17:03:10.897  3334  3361 D PackageSettings: Wrote domain verification for package: com.google.android.apps.docs
05-12 17:03:10.918  3334  3361 D PackageSettings: Wrote domain verification for package: com.google.android.apps.maps
05-12 17:03:10.924  3334  3361 D PackageSettings: Wrote domain verification for package: com.google.android.apps.plus
05-12 17:03:10.935  3334  3361 D PackageSettings: Wrote domain verification for package: com.google.android.apps.fitness
05-12 17:03:10.979  3334  3361 D PackageSettings: Wrote domain verification for package: com.android.chrome
05-12 17:03:10.999  3334  3361 D PackageSettings: Wrote domain verification for package: com.google.android.gms
05-12 17:03:11.025  3334  3361 D PackageSettings: Wrote domain verification for package: com.google.android.apps.walletnfcrel
05-12 17:03:11.033  3334  3361 D PackageSettings: Wrote domain verification for package: com.google.android.videos
05-12 17:03:11.044  3334  3361 D PackageSettings: Wrote domain verification for package: com.google.android.calendar
05-12 17:03:11.105  3334  3361 D PackageSettings: Wrote domain verification for package: com.google.android.apps.books
05-12 17:03:11.114  3334  3361 D PackageSettings: Wrote domain verification for package: com.google.android.keep
05-12 17:03:11.119  3334  3361 D PackageSettings: Wrote domain verification for package: com.google.android.talk
05-12 17:03:11.162  3334  3361 D PackageSettings: Wrote domain verification for package: com.google.android.apps.magazines
05-12 17:03:11.187  3334  3361 D PackageSettings: Wrote domain verification for package: com.google.earth
05-12 17:03:11.190  3334  3361 D PackageSettings: Wrote domain verification for package: com.google.android.inputmethod.latin
05-12 17:03:11.843  3334  3348 W art     : Long monitor contention event with owner method=void com.android.server.pm.PackageManagerService.updateSettingsLI(android.content.pm.PackageParser$Package, java.lang.String, java.lang.String, int[], boolean[], com.android.server.pm.PackageManagerService$PackageInstalledInfo, android.os.UserHandle) from PackageManagerService.java:11298 waiters=0 for 11.836s
05-12 17:03:11.843  3334  3431 W art     : Long monitor contention event with owner method=void com.android.server.pm.PackageManagerService.updateSettingsLI(android.content.pm.PackageParser$Package, java.lang.String, java.lang.String, int[], boolean[], com.android.server.pm.PackageManagerService$PackageInstalledInfo, android.os.UserHandle) from PackageManagerService.java:11298 waiters=1 for 10.932s
05-12 17:03:11.844  3334  3742 W art     : Long monitor contention event with owner method=void com.android.server.pm.PackageManagerService.updateSettingsLI(android.content.pm.PackageParser$Package, java.lang.String, java.lang.String, int[], boolean[], com.android.server.pm.PackageManagerService$PackageInstalledInfo, android.os.UserHandle) from PackageManagerService.java:11298 waiters=2 for 8.055s
05-12 17:03:11.844  3334  3361 D PackageManager: No domain URLs, so no need to verify any IntentFilter!
05-12 17:03:11.845  3334  3420 W art     : Long monitor contention event with owner method=int com.android.server.am.ActivityManagerService.broadcastIntent(android.app.IApplicationThread, android.content.Intent, java.lang.String, android.content.IIntentReceiver, int, java.lang.String, android.os.Bundle, java.lang.String, int, boolean, boolean, int) from ActivityManagerService.java:16484 waiters=0 for 10.658s
05-12 17:03:11.845  3334  3350 W art     : Long monitor contention event with owner method=int com.android.server.am.ActivityManagerService.broadcastIntent(android.app.IApplicationThread, android.content.Intent, java.lang.String, android.content.IIntentReceiver, int, java.lang.String, android.os.Bundle, java.lang.String, int, boolean, boolean, int) from ActivityManagerService.java:16484 waiters=1 for 1.838s
05-12 17:03:11.846  3334  3350 W BroadcastQueue: Timeout of broadcast BroadcastRecord{c4b0473 u-1 android.intent.action.TIME_TICK} - receiver=android.os.BinderProxy@dce22db, started 11840ms ago
05-12 17:03:11.846  3334  3350 W BroadcastQueue: Receiver during timeout: BroadcastFilter{2f62051 u0 ReceiverList{fc5c178 3769 com.android.systemui/10022/u0 remote:dce22db}}
05-12 17:03:11.893  3334  3350 I Process : Sending signal. PID: 3769 SIG: 3
05-12 17:03:11.893  3769  3781 I art     : Thread[3,tid=3781,WaitingInMainSignalCatcherLoop,Thread*=0xb4fb9f00,peer=0x12c530a0,"Signal Catcher"]: reacting to signal 3
05-12 17:03:11.898  3334  3361 W Settings: Setting install_non_market_apps has moved from android.provider.Settings.Global to android.provider.Settings.Secure, returning read-only value.
05-12 17:03:11.898  3334  3361 I art     : Starting a blocking GC Explicit
05-12 17:03:12.033  3334  3361 I art     : Explicit concurrent mark sweep GC freed 31317(1643KB) AllocSpace objects, 4(80KB) LOS objects, 32% free, 32MB/48MB, paused 723us total 135.158ms
05-12 17:03:12.039  3334  3361 W PackageManager: Couldn't remove dex file for package:  at location /data/app/com.android.providers.contacts-2/base.apk, retcode=-1
05-12 17:03:12.043  3334  3361 I ActivityManager: Force stopping com.android.providers.contacts appid=10004 user=0: pkg removed
05-12 17:03:12.056 20878 20878 I art     : System.exit called, status: 0
05-12 17:03:12.056 20878 20878 I AndroidRuntime: VM exiting with result code 0.
05-12 17:03:12.065  3334  3361 I ActivityManager: Force stopping com.android.providers.contacts appid=10004 user=10: pkg removed
05-12 17:03:12.093  3334  3350 I Process : Sending signal. PID: 3334 SIG: 3
05-12 17:03:12.093  3334  3339 I art     : Thread[2,tid=3339,WaitingInMainSignalCatcherLoop,Thread*=0xa95ca900,peer=0x12c010a0,"Signal Catcher"]: reacting to signal 3
05-12 17:03:12.137 14871 14884 E StrictMode: A resource was acquired at attached stack trace but never released. See java.io.Closeable for information on avoiding resource leaks.
05-12 17:03:12.137 14871 14884 E StrictMode: java.lang.Throwable: Explicit termination method 'close' not called
05-12 17:03:12.137 14871 14884 E StrictMode: 	at dalvik.system.CloseGuard.open(CloseGuard.java:180)
05-12 17:03:12.137 14871 14884 E StrictMode: 	at android.os.ParcelFileDescriptor.<init>(ParcelFileDescriptor.java:181)
05-12 17:03:12.137 14871 14884 E StrictMode: 	at android.os.ParcelFileDescriptor$2.createFromParcel(ParcelFileDescriptor.java:952)
05-12 17:03:12.137 14871 14884 E StrictMode: 	at android.os.ParcelFileDescriptor$2.createFromParcel(ParcelFileDescriptor.java:942)
05-12 17:03:12.137 14871 14884 E StrictMode: 	at com.android.internal.app.IBatteryStats$Stub$Proxy.getStatisticsStream(IBatteryStats.java:1010)
05-12 17:03:12.137 14871 14884 E StrictMode: 	at com.android.internal.os.BatteryStatsHelper.getStats(BatteryStatsHelper.java:735)
05-12 17:03:12.137 14871 14884 E StrictMode: 	at com.android.internal.os.BatteryStatsHelper.load(BatteryStatsHelper.java:726)
05-12 17:03:12.137 14871 14884 E StrictMode: 	at com.android.internal.os.BatteryStatsHelper.getStats(BatteryStatsHelper.java:230)
05-12 17:03:12.137 14871 14884 E StrictMode: 	at com.android.internal.os.BatteryStatsHelper.refreshStats(BatteryStatsHelper.java:312)
05-12 17:03:12.137 14871 14884 E StrictMode: 	at com.android.internal.os.BatteryStatsHelper.refreshStats(BatteryStatsHelper.java:305)
05-12 17:03:12.137 14871 14884 E StrictMode: 	at com.android.internal.os.BatteryStatsHelper.refreshStats(BatteryStatsHelper.java:298)
05-12 17:03:12.137 14871 14884 E StrictMode: 	at com.android.settings.applications.InstalledAppDetails$BatteryUpdater.doInBackground(InstalledAppDetails.java:758)
05-12 17:03:12.137 14871 14884 E StrictMode: 	at com.android.settings.applications.InstalledAppDetails$BatteryUpdater.doInBackground(InstalledAppDetails.java:754)
05-12 17:03:12.137 14871 14884 E StrictMode: 	at android.os.AsyncTask$2.call(AsyncTask.java:295)
05-12 17:03:12.137 14871 14884 E StrictMode: 	at java.util.concurrent.FutureTask.run(FutureTask.java:237)
05-12 17:03:12.137 14871 14884 E StrictMode: 	at android.os.AsyncTask$SerialExecutor$1.run(AsyncTask.java:234)
05-12 17:03:12.137 14871 14884 E StrictMode: 	at java.util.concurrent.ThreadPoolExecutor.runWorker(ThreadPoolExecutor.java:1113)
05-12 17:03:12.137 14871 14884 E StrictMode: 	at java.util.concurrent.ThreadPoolExecutor$Worker.run(ThreadPoolExecutor.java:588)
05-12 17:03:12.137 14871 14884 E StrictMode: 	at java.lang.Thread.run(Thread.java:818)
05-12 17:03:12.161  3769  3781 W art     : Method processed more than once: void android.os.HandlerThread.run()
05-12 17:03:12.169  3334  3361 W ActivityManager: Skipping broadcast of Intent { act=android.intent.action.PACKAGE_ADDED dat=package:com.android.providers.contacts flg=0x4000010 (has extras) }: user 11 is stopped
05-12 17:03:12.176  3334  3361 W ActivityManager: Skipping broadcast of Intent { act=android.intent.action.PACKAGE_REPLACED dat=package:com.android.providers.contacts flg=0x4000010 (has extras) }: user 11 is stopped
05-12 17:03:12.177  3334  3361 W ActivityManager: Skipping broadcast of Intent { act=android.intent.action.MY_PACKAGE_REPLACED flg=0x4000010 pkg=com.android.providers.contacts (has extras) }: user 11 is stopped
05-12 17:03:12.189  3769  3781 W art     : Method processed more than once: android.os.Message android.os.MessageQueue.next()
05-12 17:03:12.189  3769  3781 W art     : Method processed more than once: void android.os.HandlerThread.run()
05-12 17:03:12.214  3769  3781 W art     : Method processed more than once: android.os.Message android.os.MessageQueue.next()
05-12 17:03:12.214  3769  3781 W art     : Method processed more than once: void android.os.HandlerThread.run()
05-12 17:03:12.238  3769  3781 W art     : Method processed more than once: android.os.Message android.os.MessageQueue.next()
05-12 17:03:12.239  3769  3781 W art     : Method processed more than once: void android.os.HandlerThread.run()
05-12 17:03:12.264  3769  3781 W art     : Method processed more than once: android.os.Message android.os.MessageQueue.next()
05-12 17:03:12.264  3769  3781 W art     : Method processed more than once: void android.os.HandlerThread.run()
05-12 17:03:12.265  3769  3781 W art     : Method processed more than once: void java.lang.Thread.parkFor$(long)
05-12 17:03:12.292  3769  3781 W art     : Method processed more than once: android.os.Message android.os.MessageQueue.next()
05-12 17:03:12.293  3769  3781 W art     : Method processed more than once: void android.os.HandlerThread.run()
05-12 17:03:12.294  3769  3781 W art     : Method processed more than once: void java.lang.Thread.parkFor$(long)
05-12 17:03:12.341  3769  3781 W art     : Method processed more than once: void java.lang.Thread.parkFor$(long)
05-12 17:03:12.367  3769  3781 W art     : Method processed more than once: void java.lang.Thread.parkFor$(long)
05-12 17:03:12.443  3769  3781 I art     : Wrote stack traces to '/data/anr/traces.txt'
05-12 17:03:13.047  3334  3350 I Process : Sending signal. PID: 4138 SIG: 3
05-12 17:03:13.051  4138  4152 I art     : Thread[3,tid=4152,WaitingInMainSignalCatcherLoop,Thread*=0xb4fba400,peer=0x12c590a0,"Signal Catcher"]: reacting to signal 3
05-12 17:03:13.054  3334  3350 I Process : Sending signal. PID: 4126 SIG: 3
05-12 17:03:13.054  4126  4136 I art     : Thread[3,tid=4136,WaitingInMainSignalCatcherLoop,Thread*=0xb4fba400,peer=0x12c580a0,"Signal Catcher"]: reacting to signal 3
05-12 17:03:13.257  3334  3350 I Process : Sending signal. PID: 4119 SIG: 3
05-12 17:03:13.257  4119  4132 I art     : Thread[3,tid=4132,WaitingInMainSignalCatcherLoop,Thread*=0xb4fba400,peer=0x12c570a0,"Signal Catcher"]: reacting to signal 3
05-12 17:03:13.297  4138  4152 W art     : Method processed more than once: android.os.Message android.os.MessageQueue.next()
05-12 17:03:13.308  4126  4136 I art     : Wrote stack traces to '/data/anr/traces.txt'
05-12 17:03:13.340  4138  4152 W art     : Method processed more than once: android.os.Message android.os.MessageQueue.next()
05-12 17:03:13.340  4138  4152 W art     : Method processed more than once: void android.os.HandlerThread.run()
05-12 17:03:13.362  4138  4152 W art     : Method processed more than once: android.os.Message android.os.MessageQueue.next()
05-12 17:03:13.363  4138  4152 W art     : Method processed more than once: void android.os.HandlerThread.run()
05-12 17:03:13.384  4138  4152 W art     : Method processed more than once: android.os.Message android.os.MessageQueue.next()
05-12 17:03:13.384  4138  4152 W art     : Method processed more than once: void android.os.HandlerThread.run()
05-12 17:03:13.407  4138  4152 W art     : Method processed more than once: android.os.Message android.os.MessageQueue.next()
05-12 17:03:13.407  4138  4152 W art     : Method processed more than once: void android.os.HandlerThread.run()
05-12 17:03:13.428  4119  4132 W art     : Method processed more than once: void com.android.nfc.ndefpush.NdefPushServer$ServerThread.run()
05-12 17:03:13.429  4138  4152 W art     : Method processed more than once: android.os.Message android.os.MessageQueue.next()
05-12 17:03:13.429  4138  4152 W art     : Method processed more than once: void android.os.HandlerThread.run()
05-12 17:03:13.449  4119  4132 W art     : Method processed more than once: void com.android.nfc.snep.SnepServer$ServerThread.run()
05-12 17:03:13.457  4138  4152 W art     : Method processed more than once: android.os.Message android.os.MessageQueue.next()
05-12 17:03:13.458  4138  4152 W art     : Method processed more than once: void android.os.HandlerThread.run()
05-12 17:03:13.471  4119  4132 W art     : Method processed more than once: void com.android.nfc.handover.HandoverServer$ServerThread.run()
05-12 17:03:13.479  4138  4152 W art     : Method processed more than once: android.os.Message android.os.MessageQueue.next()
05-12 17:03:13.479  4138  4152 W art     : Method processed more than once: void android.os.HandlerThread.run()
05-12 17:03:13.500  4138  4152 W art     : Method processed more than once: android.os.Message android.os.MessageQueue.next()
05-12 17:03:13.500  4138  4152 W art     : Method processed more than once: void android.os.HandlerThread.run()
05-12 17:03:13.501  4138  4152 W art     : Method processed more than once: void java.lang.Thread.parkFor$(long)
05-12 17:03:13.508  4119  4132 W art     : Method processed more than once: void java.lang.Thread.parkFor$(long)
05-12 17:03:13.508  4119  4132 W art     : Method processed more than once: void java.lang.Thread.parkFor$(long)
05-12 17:03:13.509  4119  4132 W art     : Method processed more than once: void java.lang.Thread.parkFor$(long)
05-12 17:03:13.509  4119  4132 W art     : Method processed more than once: void java.lang.Thread.parkFor$(long)
05-12 17:03:13.542  4138  4152 W art     : Method processed more than once: android.os.Message android.os.MessageQueue.next()
05-12 17:03:13.542  4138  4152 W art     : Method processed more than once: void android.os.HandlerThread.run()
05-12 17:03:13.549  4119  4132 I art     : Wrote stack traces to '/data/anr/traces.txt'
05-12 17:03:13.563  4138  4152 W art     : Method processed more than once: android.os.Message android.os.MessageQueue.next()
05-12 17:03:13.564  4138  4152 W art     : Method processed more than once: void android.os.HandlerThread.run()
05-12 17:03:13.586  4138  4152 W art     : Method processed more than once: android.os.Message android.os.MessageQueue.next()
05-12 17:03:13.586  4138  4152 W art     : Method processed more than once: void android.os.HandlerThread.run()
05-12 17:03:13.591  3334  3431 E WifiStateMachine: WifiStateMachine CMD_START_SCAN source -2 txSuccessRate=4.48 rxSuccessRate=-0.00 targetRoamBSSID=9c:1c:12:e5:c1:d2 RSSI=-65
05-12 17:03:13.592  3334  3431 E WifiStateMachine: startDelayedScan send -> 75 milli 20000
05-12 17:03:13.592  3334  3431 E WifiStateMachine: WifiStateMachine CMD_START_SCAN with age=222094 interval=341718 maxinterval=300000
05-12 17:03:13.592  3334  3431 E WifiStateMachine: WifiStateMachine CMD_START_SCAN full=false
05-12 17:03:13.608  4138  4152 W art     : Method processed more than once: android.os.Message android.os.MessageQueue.next()
05-12 17:03:13.608  4138  4152 W art     : Method processed more than once: void android.os.HandlerThread.run()
05-12 17:03:13.630  4138  4152 W art     : Method processed more than once: android.os.Message android.os.MessageQueue.next()
05-12 17:03:13.630  4138  4152 W art     : Method processed more than once: void android.os.HandlerThread.run()
05-12 17:03:13.678  4138  4152 W art     : Method processed more than once: void gov.nist.javax.sip.EventScanner.run()
05-12 17:03:13.699  4138  4152 W art     : Method processed more than once: void java.net.DatagramSocket.receive(java.net.DatagramPacket)
05-12 17:03:13.700  4138  4152 W art     : Method processed more than once: void gov.nist.javax.sip.stack.UDPMessageProcessor.run()
05-12 17:03:13.702  4138  4152 W art     : Method processed more than once: void gov.nist.javax.sip.stack.UDPMessageChannel.run()
05-12 17:03:13.723  4138  4152 W art     : Method processed more than once: android.os.Message android.os.MessageQueue.next()
05-12 17:03:13.742  4138  4152 I art     : Wrote stack traces to '/data/anr/traces.txt'
05-12 17:03:14.169  3334  3510 E WifiHAL : Error polling socket
05-12 17:03:14.897  3334  3431 E WifiStateMachine: calculateWifiScore() report new score 60
05-12 17:03:14.897  3334  3434 D ConnectivityService: updateNetworkScore for NetworkAgentInfo [WIFI () - 100] to 60
05-12 17:03:14.897  3334  3434 D ConnectivityService: rematching NetworkAgentInfo [WIFI () - 100]
05-12 17:03:14.897  3334  3434 D ConnectivityService: Network NetworkAgentInfo [WIFI () - 100] was already satisfying request 1. No change.
05-12 17:03:14.897  3334  3434 D ConnectivityService: notifyType AVAILABLE for NetworkAgentInfo [WIFI () - 100]
05-12 17:03:14.902  3769  4362 D ConnectivityManager.CallbackHandler: CM callback handler got msg 524290
05-12 17:03:15.223  3334  3339 I art     : Wrote stack traces to '/data/anr/traces.txt'
05-12 17:03:15.683  3334  3350 I art     : Starting a blocking GC Explicit
05-12 17:03:15.753  3334  3350 I art     : Explicit concurrent mark sweep GC freed 44529(2MB) AllocSpace objects, 0(0B) LOS objects, 32% free, 32MB/48MB, paused 590us total 69.452ms
05-12 17:03:15.753  3334  3344 I art     : WaitForGcToComplete blocked for 38.744ms for cause HeapTrim
05-12 17:03:16.380  3334  3350 E ActivityManager: ANR in com.android.systemui
05-12 17:03:16.380  3334  3350 E ActivityManager: PID: 3769
05-12 17:03:16.380  3334  3350 E ActivityManager: Reason: Broadcast of Intent { act=android.intent.action.TIME_TICK flg=0x50000014 (has extras) }
05-12 17:03:16.380  3334  3350 E ActivityManager: Load: 8.93 / 9.09 / 8.57
05-12 17:03:16.380  3334  3350 E ActivityManager: CPU usage from 6842ms to 0ms ago:
05-12 17:03:16.380  3334  3350 E ActivityManager:   91% 3334/system_server: 89% user + 2% kernel / faults: 967 minor
05-12 17:03:16.380  3334  3350 E ActivityManager:   1.4% 20885/kworker/1:1: 0% user + 1.4% kernel
05-12 17:03:16.380  3334  3350 E ActivityManager:   0.8% 120/mmcqd/1: 0% user + 0.8% kernel
05-12 17:03:16.380  3334  3350 E ActivityManager:   0.7% 2648/sensors.qcom: 0.4% user + 0.2% kernel / faults: 4 minor
05-12 17:03:16.380  3334  3350 E ActivityManager:   0.7% 19333/kworker/0:2: 0% user + 0.7% kernel
05-12 17:03:16.380  3334  3350 E ActivityManager:   0.5% 4696/mpdecision: 0.1% user + 0.4% kernel
05-12 17:03:16.380  3334  3350 E ActivityManager:   0.4% 4415/com.google.android.gms.persistent: 0.2% user + 0.1% kernel / faults: 5 minor
05-12 17:03:16.380  3334  3350 E ActivityManager:   0.2% 2617/jbd2/dm-0-8: 0% user + 0.2% kernel
05-12 17:03:16.380  3334  3350 E ActivityManager:   0.2% 14892/kworker/u:2: 0% user + 0.2% kernel
05-12 17:03:16.380  3334  3350 E ActivityManager:   0.1% 144/logd: 0% user + 0.1% kernel
05-12 17:03:16.380  3334  3350 E ActivityManager:   0.1% 193/adbd: 0% user + 0.1% kernel
05-12 17:03:16.380  3334  3350 E ActivityManager:   0.1% 227/kworker/0:2H: 0% user + 0.1% kernel
05-12 17:03:16.380  3334  3350 E ActivityManager:   0% 2797/logcat: 0% user + 0% kernel
05-12 17:03:16.380  3334  3350 E ActivityManager:   0.1% 3769/com.android.systemui: 0.1% user + 0% kernel / faults: 35 minor
05-12 17:03:16.380  3334  3350 E ActivityManager:   0% 3778/sdcard: 0% user + 0% kernel
05-12 17:03:16.380  3334  3350 E ActivityManager:   0% 19418/com.google.android.setupwizard: 0% user + 0% kernel / faults: 16 minor
05-12 17:03:16.380  3334  3350 E ActivityManager:   0.1% 20280/kworker/u:1: 0% user + 0.1% kernel
05-12 17:03:16.380  3334  3350 E ActivityManager: 56% TOTAL: 45% user + 3% kernel + 7.6% iowait
05-12 17:03:16.380  3334  3350 E ActivityManager: CPU usage from 3906ms to 4432ms later:
05-12 17:03:16.380  3334  3350 E ActivityManager:   18% 3334/system_server: 11% user + 6.8% kernel / faults: 10 minor
05-12 17:03:16.380  3334  3350 E ActivityManager:     10% 3350/ActivityManager: 5.1% user + 5.1% kernel
05-12 17:03:16.380  3334  3350 E ActivityManager:     3.4% 3351/android.ui: 1.7% user + 1.7% kernel
05-12 17:03:16.380  3334  3350 E ActivityManager:     3.4% 3357/PowerManagerSer: 1.7% user + 1.7% kernel
05-12 17:03:16.380  3334  3350 E ActivityManager:     1.7% 3365/system_server: 0% user + 1.7% kernel
05-12 17:03:16.380  3334  3350 E ActivityManager:     1.7% 3410/SensorService: 0% user + 1.7% kernel
05-12 17:03:16.380  3334  3350 E ActivityManager:   3.1% 3769/com.android.systemui: 3.1% user + 0% kernel / faults: 40 minor
05-12 17:03:16.380  3334  3350 E ActivityManager:     3.1% 3769/ndroid.systemui: 3.1% user + 0% kernel
05-12 17:03:16.380  3334  3350 E ActivityManager:   0.9% 177/surfaceflinger: 0% user + 0.9% kernel
05-12 17:03:16.380  3334  3350 E ActivityManager:     0.9% 177/surfaceflinger: 0% user + 0.9% kernel
05-12 17:03:16.380  3334  3350 E ActivityManager:   0.9% 2648/sensors.qcom: 0.9% user + 0% kernel
05-12 17:03:16.380  3334  3350 E ActivityManager:     0.9% 3229/sensors.qcom: 0.9% user + 0% kernel
05-12 17:03:16.380  3334  3350 E ActivityManager:     0.9% 3453/sensors.qcom: 0% user + 0.9% kernel
05-12 17:03:16.380  3334  3350 E ActivityManager:   1.1% 4696/mpdecision: 0% user + 1.1% kernel
05-12 17:03:16.380  3334  3350 E ActivityManager:     1.1% 4711/mpdecision: 0% user + 1.1% kernel
05-12 17:03:16.380  3334  3350 E ActivityManager:   1.2% 11391/kworker/u:3: 0% user + 1.2% kernel
05-12 17:03:16.380  3334  3350 E ActivityManager:   1.2% 14892/kworker/u:2: 0% user + 1.2% kernel
05-12 17:03:16.380  3334  3350 E ActivityManager:   1.3% 19333/kworker/0:2: 0% user + 1.3% kernel
05-12 17:03:16.380  3334  3350 E ActivityManager:  +0% 20961/workqueue_trust: 0% user + 0% kernel
05-12 17:03:16.380  3334  3350 E ActivityManager: 13% TOTAL: 7% user + 4% kernel + 2% iowait
05-12 17:03:16.386  3334  3350 I ActivityManager: Killing 3769:com.android.systemui/u0a22 (adj -12): bg anr
05-12 17:03:16.498  3334  3347 I WindowState: WIN DEATH: Window{97aba90 u0 com.android.systemui.ImageWallpaper}
05-12 17:03:16.498  2641 11857 D NuPlayerDriver: reset(0xb60dcb80)
05-12 17:03:16.505  3334  3433 D WifiService: Client connection lost with reason: 4
05-12 17:03:16.505  3334  3334 W WallpaperManagerService: Wallpaper service gone: ComponentInfo{com.android.systemui/com.android.systemui.ImageWallpaper}
05-12 17:03:16.505  3334  3743 D GraphicsStats: Buffer count: 2
05-12 17:03:16.506  3334  3752 W AudioService: Current remote volume controller died, unregistering
05-12 17:03:16.507  3334  3433 D WifiService: Client connection lost with reason: 4
05-12 17:03:16.507  3334  3752 W VolumeController: Error calling dismiss
05-12 17:03:16.507  3334  3752 W VolumeController: android.os.DeadObjectException
05-12 17:03:16.507  3334  3752 W VolumeController: 	at android.os.BinderProxy.transactNative(Native Method)
05-12 17:03:16.507  3334  3752 W VolumeController: 	at android.os.BinderProxy.transact(Binder.java:503)
05-12 17:03:16.507  3334  3752 W VolumeController: 	at android.media.IVolumeController$Stub$Proxy.dismiss(IVolumeController.java:162)
05-12 17:03:16.507  3334  3752 W VolumeController: 	at com.android.server.audio.AudioService$VolumeController.postDismiss(AudioService.java:5787)
05-12 17:03:16.507  3334  3752 W VolumeController: 	at com.android.server.audio.AudioService.setVolumeController(AudioService.java:5635)
05-12 17:03:16.507  3334  3752 W VolumeController: 	at com.android.server.audio.AudioService$3.binderDied(AudioService.java:5644)
05-12 17:03:16.507  3334  3752 W VolumeController: 	at android.os.BinderProxy.sendDeathNotice(Binder.java:558)
05-12 17:03:16.508  3334  3334 V KeyguardServiceDelegate: *** Keyguard disconnected (boo!)
05-12 17:03:16.508  3334  3752 D ConnectivityService: ConnectivityService NetworkRequestInfo binderDied(NetworkRequest [ id=3, legacyType=-1, [] ], android.os.BinderProxy@79357b7)
05-12 17:03:16.509  3334  3434 D ConnectivityService: releasing NetworkRequest NetworkRequest [ id=3, legacyType=-1, [] ]
05-12 17:03:16.512  2641 13039 D NuPlayerDriver: notifyResetComplete(0xb60dcb80)
05-12 17:03:16.512  3334  3434 E ConnectivityService: RemoteException caught trying to send a callback msg for NetworkRequest [ id=3, legacyType=-1, [] ]
05-12 17:03:16.512  2641 11857 W AudioFlinger: session id 22 not found for pid 3769
05-12 17:03:16.513  3334  3742 I WindowState: WIN DEATH: Window{7a3c047 u0 StatusBar}
05-12 17:03:16.516  3334  3422 W InputDispatcher: channel 'c1fabd1 NavigationBar (server)' ~ Consumer closed input channel or an error occurred.  events=0x9
05-12 17:03:16.516  3334  3422 E InputDispatcher: channel 'c1fabd1 NavigationBar (server)' ~ Channel is unrecoverably broken and will be disposed!
05-12 17:03:16.516  3334  3422 W InputDispatcher: channel '2468505 AssistPreviewPanel (server)' ~ Consumer closed input channel or an error occurred.  events=0x9
05-12 17:03:16.516  3334  3422 E InputDispatcher: channel '2468505 AssistPreviewPanel (server)' ~ Channel is unrecoverably broken and will be disposed!
05-12 17:03:16.519  3334  3744 I WindowState: WIN DEATH: Window{c1fabd1 u0 NavigationBar}
05-12 17:03:16.519  3334  3744 W InputDispatcher: Attempted to unregister already unregistered input channel 'c1fabd1 NavigationBar (server)'
05-12 17:03:16.523  3334  3743 I WindowState: WIN DEATH: Window{2468505 u0 AssistPreviewPanel}
05-12 17:03:16.523  3334  3743 W InputDispatcher: Attempted to unregister already unregistered input channel '2468505 AssistPreviewPanel (server)'
05-12 17:03:16.636  3334  3748 W libprocessgroup: failed to open /acct/uid_10022/pid_3769/cgroup.procs: No such file or directory
05-12 17:03:16.636  3334  3748 I ActivityManager: Process com.android.systemui (pid 3769) has died
05-12 17:03:16.637  3334  3748 W ActivityManager: Scheduling restart of crashed service com.android.systemui/.keyguard.KeyguardService in 0ms
05-12 17:03:16.637  3334  3748 W ActivityManager: Scheduling restart of crashed service com.android.systemui/.SystemUIService in 0ms
05-12 17:03:16.637  3334  3748 W ActivityManager: Scheduling restart of crashed service com.android.systemui/.ImageWallpaper in 0ms
05-12 17:03:16.677 20981 20981 I art     : Late-enabling JIT
05-12 17:03:16.677  3334  3748 I ActivityManager: Start proc 20981:com.android.systemui/u0a22 for restart com.android.systemui
05-12 17:03:16.685  3334  3334 D JobSchedulerService: Receieved: android.intent.action.PACKAGE_REMOVED
05-12 17:03:16.689  3334  3350 W BroadcastQueue: Failure sending broadcast Intent { act=android.intent.action.PACKAGE_REMOVED dat=package:com.android.providers.contacts flg=0x4000010 (has extras) }
05-12 17:03:16.689  3334  3350 W BroadcastQueue: android.os.RemoteException: app.thread must not be null
05-12 17:03:16.689  3334  3350 W BroadcastQueue: 	at com.android.server.am.BroadcastQueue.performReceiveLocked(BroadcastQueue.java:446)
05-12 17:03:16.689  3334  3350 W BroadcastQueue: 	at com.android.server.am.BroadcastQueue.deliverToRegisteredReceiverLocked(BroadcastQueue.java:529)
05-12 17:03:16.689  3334  3350 W BroadcastQueue: 	at com.android.server.am.BroadcastQueue.processNextBroadcast(BroadcastQueue.java:577)
05-12 17:03:16.689  3334  3350 W BroadcastQueue: 	at com.android.server.am.BroadcastQueue$BroadcastHandler.handleMessage(BroadcastQueue.java:162)
05-12 17:03:16.689  3334  3350 W BroadcastQueue: 	at android.os.Handler.dispatchMessage(Handler.java:102)
05-12 17:03:16.689  3334  3350 W BroadcastQueue: 	at android.os.Looper.loop(Looper.java:148)
05-12 17:03:16.689  3334  3350 W BroadcastQueue: 	at android.os.HandlerThread.run(HandlerThread.java:61)
05-12 17:03:16.689  3334  3350 W BroadcastQueue: 	at com.android.server.ServiceThread.run(ServiceThread.java:46)
05-12 17:03:16.692 20981 20981 I art     : JIT created with code_cache_capacity=2MB compile_threshold=1000
05-12 17:03:16.692  3334  3350 W BroadcastQueue: Failure sending broadcast Intent { act=android.intent.action.PACKAGE_REMOVED dat=package:com.android.providers.contacts flg=0x4000010 (has extras) }
05-12 17:03:16.692  3334  3350 W BroadcastQueue: android.os.RemoteException: app.thread must not be null
05-12 17:03:16.692  3334  3350 W BroadcastQueue: 	at com.android.server.am.BroadcastQueue.performReceiveLocked(BroadcastQueue.java:446)
05-12 17:03:16.692  3334  3350 W BroadcastQueue: 	at com.android.server.am.BroadcastQueue.deliverToRegisteredReceiverLocked(BroadcastQueue.java:529)
05-12 17:03:16.692  3334  3350 W BroadcastQueue: 	at com.android.server.am.BroadcastQueue.processNextBroadcast(BroadcastQueue.java:577)
05-12 17:03:16.692  3334  3350 W BroadcastQueue: 	at com.android.server.am.BroadcastQueue$BroadcastHandler.handleMessage(BroadcastQueue.java:162)
05-12 17:03:16.692  3334  3350 W BroadcastQueue: 	at android.os.Handler.dispatchMessage(Handler.java:102)
05-12 17:03:16.692  3334  3350 W BroadcastQueue: 	at android.os.Looper.loop(Looper.java:148)
05-12 17:03:16.692  3334  3350 W BroadcastQueue: 	at android.os.HandlerThread.run(HandlerThread.java:61)
05-12 17:03:16.692  3334  3350 W BroadcastQueue: 	at com.android.server.ServiceThread.run(ServiceThread.java:46)
05-12 17:03:16.719  3334  3350 W BroadcastQueue: Failure sending broadcast Intent { act=android.intent.action.PACKAGE_ADDED dat=package:com.android.providers.contacts flg=0x4000010 (has extras) }
05-12 17:03:16.719  3334  3350 W BroadcastQueue: android.os.RemoteException: app.thread must not be null
05-12 17:03:16.719  3334  3350 W BroadcastQueue: 	at com.android.server.am.BroadcastQueue.performReceiveLocked(BroadcastQueue.java:446)
05-12 17:03:16.719  3334  3350 W BroadcastQueue: 	at com.android.server.am.BroadcastQueue.deliverToRegisteredReceiverLocked(BroadcastQueue.java:529)
05-12 17:03:16.719  3334  3350 W BroadcastQueue: 	at com.android.server.am.BroadcastQueue.processNextBroadcast(BroadcastQueue.java:577)
05-12 17:03:16.719  3334  3350 W BroadcastQueue: 	at com.android.server.am.BroadcastQueue$BroadcastHandler.handleMessage(BroadcastQueue.java:162)
05-12 17:03:16.719  3334  3350 W BroadcastQueue: 	at android.os.Handler.dispatchMessage(Handler.java:102)
05-12 17:03:16.719  3334  3350 W BroadcastQueue: 	at android.os.Looper.loop(Looper.java:148)
05-12 17:03:16.719  3334  3350 W BroadcastQueue: 	at android.os.HandlerThread.run(HandlerThread.java:61)
05-12 17:03:16.719  3334  3350 W BroadcastQueue: 	at com.android.server.ServiceThread.run(ServiceThread.java:46)
05-12 17:03:16.731  3334  3350 W BroadcastQueue: Failure sending broadcast Intent { act=android.intent.action.PACKAGE_ADDED dat=package:com.android.providers.contacts flg=0x4000010 (has extras) }
05-12 17:03:16.731  3334  3350 W BroadcastQueue: android.os.RemoteException: app.thread must not be null
05-12 17:03:16.731  3334  3350 W BroadcastQueue: 	at com.android.server.am.BroadcastQueue.performReceiveLocked(BroadcastQueue.java:446)
05-12 17:03:16.731  3334  3350 W BroadcastQueue: 	at com.android.server.am.BroadcastQueue.deliverToRegisteredReceiverLocked(BroadcastQueue.java:529)
05-12 17:03:16.731  3334  3350 W BroadcastQueue: 	at com.android.server.am.BroadcastQueue.processNextBroadcast(BroadcastQueue.java:577)
05-12 17:03:16.731  3334  3350 W BroadcastQueue: 	at com.android.server.am.BroadcastQueue$BroadcastHandler.handleMessage(BroadcastQueue.java:162)
05-12 17:03:16.731  3334  3350 W BroadcastQueue: 	at android.os.Handler.dispatchMessage(Handler.java:102)
05-12 17:03:16.731  3334  3350 W BroadcastQueue: 	at android.os.Looper.loop(Looper.java:148)
05-12 17:03:16.731  3334  3350 W BroadcastQueue: 	at android.os.HandlerThread.run(HandlerThread.java:61)
