05-12 16:53:18.360 18464 18464 W art     : Found duplicated class when checking oat files: 'Landroid/support/v4/view/ViewPager$SavedState;' in /system/priv-app/PrebuiltGmsCore/PrebuiltGmsCore.apk:classes3.dex and /data/app/com.google.android.apps.walletnfcrel-1/base.apk
05-12 16:53:18.398  3334  3431 I logd    : uid=1000(system) too chatty comm=WifiStateMachin, expire 13 lines
05-12 16:53:18.398  3334  3434 D ConnectivityService: updateNetworkScore for NetworkAgentInfo [WIFI () - 100] to 60
05-12 16:53:18.399  3334  3434 D ConnectivityService: rematching NetworkAgentInfo [WIFI () - 100]
05-12 16:53:18.399  3334  3434 D ConnectivityService: Network NetworkAgentInfo [WIFI () - 100] was already satisfying request 1. No change.
05-12 16:53:18.399  3334  3434 D ConnectivityService: notifyType AVAILABLE for NetworkAgentInfo [WIFI () - 100]
05-12 16:53:18.405  3769  4362 D ConnectivityManager.CallbackHandler: CM callback handler got msg 524290
05-12 16:53:19.848 18464 18464 V JNIHelp : Registering com/google/android/gms/org/conscrypt/NativeCrypto's 227 native methods...
05-12 16:53:19.861  6728 18044 I logd    : uid=1010009(com.google.android.syncadapters.contacts) too chatty comm=com.google.android.gms, expire 2 lines
05-12 16:53:20.125 18464 18464 I ProviderInstaller: Installed default security provider GmsCore_OpenSSL
05-12 16:53:20.520  3334  3750 I ActivityManager: Start proc 18486:android.process.acore/u0a4 for broadcast com.android.providers.contacts/.PackageIntentReceiver
05-12 16:53:20.525  3334  3750 I ActivityManager: Killing 17980:com.android.musicfx/u10a17 (adj 15): empty #17
05-12 16:53:20.539 18486 18486 I art     : Late-enabling JIT
05-12 16:53:20.554 18486 18486 I art     : JIT created with code_cache_capacity=2MB compile_threshold=1000
05-12 16:53:20.893  3334  3747 I logd    : uid=1000(system) too chatty comm=Binder_A, expire 1 line
05-12 16:53:21.012  6728  6728 I logd    : uid=1010009(com.google.android.syncadapters.contacts) too chatty comm=com.google.android.gms, expire 4 lines
05-12 16:53:21.231  4248  4248 I ConfigService: onDestroy
05-12 16:53:21.336 16258 16323 D Finsky  : [866] AppStatesReplicator.handleContentSyncResponse: Completed 0 account content syncs with 0 successful.
05-12 16:53:21.337 16258 16258 D Finsky  : [1] 5.onFinished: Installation state replication succeeded.
05-12 16:53:21.433 18486 18486 W XXX     : PackageIntentReceiver: Intent { act=android.intent.action.PACKAGE_REPLACED dat=package:com.android.providers.contacts flg=0x4000010 cmp=com.android.providers.contacts/.PackageIntentReceiver (has extras) }
05-12 16:53:21.450  3334  3743 I ActivityManager: Start proc 18516:com.google.android.volta/u0a25 for broadcast com.google.android.volta/.PackageEventReceiver
05-12 16:53:21.452 18516 18516 I art     : Late-enabling JIT
05-12 16:53:21.453  3334  3743 I ActivityManager: Killing 17999:com.google.android.apps.enterprise.dmagent/u10a39 (adj 15): empty #17
05-12 16:53:21.467 18516 18516 I art     : JIT created with code_cache_capacity=2MB compile_threshold=1000
05-12 16:53:21.485 18486 18513 I ContactLocale: AddressBook Labels [en-US]: [, A, B, C, D, E, F, G, H, I, J, K, L, M, N, O, P, Q, R, S, T, U, V, W, X, Y, Z, , , , , , , , , , , , , , , , , , , , , , , , , , , , , , , , , , , , , , , , , , , , , , , , , , , , , , , , , , , , , , , , , , , , , , , , , , , , , , , , , , , , , , , , , , , , , , , , , , , , , , , , , , , , , , , , , , , , , , , , , , , , , , , , , , , , , , , , , , , , , , , , , , , , , , , , , , , , , , , , , , , , , , , , , , , , , , , , , , , , , , , , , , , #, ]
05-12 16:53:21.680 18516 18516 I Volta-DatabaseCleanupService: Successfully scheduled cleanup
05-12 16:53:21.683 18516 18516 I Volta-App: DUMP permission granted: false
05-12 16:53:21.686 18516 18516 I Volta-PackageEventReceiver: Package updated: com.android.providers.contacts
05-12 16:53:21.753 18532 18532 I art     : Late-enabling JIT
05-12 16:53:21.754  3334  3348 I ActivityManager: Start proc 18532:com.android.musicfx/u10a17 for broadcast com.android.musicfx/.Compatibility$Receiver
05-12 16:53:21.758  3334  3348 I ActivityManager: Killing 18025:com.google.android.gms.wearable/u10a9 (adj 15): empty #17
05-12 16:53:21.762 18532 18532 I art     : JIT created with code_cache_capacity=2MB compile_threshold=1000
05-12 16:53:21.883  6728 18552 I logd    : uid=1010009(com.google.android.syncadapters.contacts) too chatty comm=com.google.android.gms, expire 1 line
05-12 16:53:21.897  3334  3414 I ActivityManager: Start proc 18553:com.google.android.apps.cloudprint/u10a37 for broadcast com.google.android.apps.cloudprint/.printdialog.receivers.UpgradeBroadcastReceiver
05-12 16:53:21.897 18553 18553 I art     : Late-enabling JIT
05-12 16:53:21.913 18553 18553 I art     : JIT created with code_cache_capacity=2MB compile_threshold=1000
05-12 16:53:21.918  3334  3745 I ActivityManager: Killing 18093:com.google.android.gms:car/u10a9 (adj 15): empty #17
05-12 16:53:22.035 18553 18553 I MultiDex: VM with version 2.1.0 has multidex support
05-12 16:53:22.035 18553 18553 I MultiDex: install
05-12 16:53:22.035 18553 18553 I MultiDex: VM has multidex support, MultiDex support library is disabled.
05-12 16:53:22.131 18571 18571 I art     : Late-enabling JIT
05-12 16:53:22.132  3334  3753 I ActivityManager: Start proc 18571:com.google.android.apps.enterprise.dmagent/u10a39 for broadcast com.google.android.apps.enterprise.dmagent/.AppUpdateReceiver
05-12 16:53:22.141  3334  3745 I ActivityManager: Killing 18049:com.android.vending/u10a18 (adj 15): empty #17
05-12 16:53:22.145 18571 18571 I art     : JIT created with code_cache_capacity=2MB compile_threshold=1000
05-12 16:53:22.249 18380 18410 I GAV4    : Thread[GAThread,5,main]: No campaign data found.
05-12 16:53:22.464 18571 18571 W art     : Method processed more than once: java.lang.Object com.google.android.apps.enterprise.dmagent.b.a.a(java.lang.String)
05-12 16:53:22.606 18252 18252 W XXX     : PackageIntentReceiver: Intent { act=android.intent.action.PACKAGE_REPLACED dat=package:com.android.providers.contacts flg=0x4000010 cmp=com.android.providers.contacts/.PackageIntentReceiver (has extras) }
05-12 16:53:22.611  3334  3753 I ActivityManager: Killing 18142:com.google.android.apps.docs/u10a42 (adj 15): empty #17
05-12 16:53:22.661  4248  4248 E NetworkScheduler.SchedulerReceiver: Invalid parameter app
05-12 16:53:22.661  4248  4248 E NetworkScheduler.SchedulerReceiver: Invalid package name : Perhaps you didn't include a PendingIntent in the extras?
05-12 16:53:22.866  4248  4892 D GCM     : GcmService start Intent { act=com.google.android.gms.INITIALIZE flg=0x10 pkg=com.google.android.gms cmp=com.google.android.gms/.gcm.GcmService } com.google.android.gms.INITIALIZE
05-12 16:53:22.867  6728 18595 I logd    : uid=1010009(com.google.android.syncadapters.contacts) too chatty comm=com.google.android.gms, expire 1 line
05-12 16:53:22.973  3334  3750 I ActivityManager: Start proc 18600:com.google.android.gms.wearable/u10a9 for service com.google.android.gms/.wearable.service.WearableService
05-12 16:53:22.974 18600 18600 I logd    : uid=1010009(com.google.android.syncadapters.contacts) too chatty comm=com.google.android.gms.wearable, expire 8 lines
05-12 16:53:23.007  4248  4248 D AuthorizationBluetoothService: Received GmsCore event: Intent { act=com.google.android.gms.INITIALIZE flg=0x10 pkg=com.google.android.gms cmp=com.google.android.gms/.auth.be.proximity.authorization.bt.AuthorizationBluetoothService$AutoStarter }.
05-12 16:53:23.027 17598 17598 V GmsCoreStatsServiceLauncher: Received broadcast intent Intent { act=com.google.android.gms.INITIALIZE flg=0x10 pkg=com.google.android.gms cmp=com.google.android.gms/.common.stats.GmsCoreStatsServiceLauncher }
05-12 16:53:23.293 17598 18622 D LocationInitializer: Restart initialization of location
05-12 16:53:23.338  4248  4962 D GCM     : GcmService start Intent { act=com.google.android.gms.INITIALIZE flg=0x10 pkg=com.google.android.gms cmp=com.google.android.gms/.gcm.GcmService } com.google.android.gms.INITIALIZE
05-12 16:53:23.411 18624 18624 I art     : Late-enabling JIT
05-12 16:53:23.412  3334  3742 I ActivityManager: Start proc 18624:com.google.android.gms.wearable/u0a9 for service com.google.android.gms/.wearable.service.WearableService
05-12 16:53:23.420 18624 18624 I art     : JIT created with code_cache_capacity=2MB compile_threshold=1000
05-12 16:53:23.426  4248  4248 D AuthorizationBluetoothService: Received GmsCore event: Intent { act=com.google.android.gms.INITIALIZE flg=0x10 pkg=com.google.android.gms cmp=com.google.android.gms/.auth.be.proximity.authorization.bt.AuthorizationBluetoothService$AutoStarter }.
05-12 16:53:23.467 17598 17598 V GmsCoreStatsServiceLauncher: Received broadcast intent Intent { act=com.google.android.gms.INITIALIZE flg=0x10 pkg=com.google.android.gms cmp=com.google.android.gms/.common.stats.GmsCoreStatsServiceLauncher }
05-12 16:53:23.582 18624 18624 I MultiDex: VM with version 2.1.0 has multidex support
05-12 16:53:23.582 18624 18624 I MultiDex: install
05-12 16:53:23.582 18624 18624 I MultiDex: VM has multidex support, MultiDex support library is disabled.
05-12 16:53:23.622 18624 18624 I ProviderInstaller: Insert disabled by gate 'gms:security:enable_conscrypt_in_gms_application'
05-12 16:53:23.694 17598 18649 D LocationInitializer: Restart initialization of location
05-12 16:53:23.734 18624 18624 D WearableService: callingUid 10009, callindPid: 18624
05-12 16:53:23.752  6045  6045 I logd    : uid=1010009(com.google.android.syncadapters.contacts) too chatty comm=com.google.process.gapps, expire 2 lines
05-12 16:53:23.836  4415  4981 E MDM     : [190] b.run: Couldn't connect to Google API client: ConnectionResult{statusCode=API_UNAVAILABLE, resolution=null}
05-12 16:53:23.929  6728 18654 D LocationInitializer: Restart initialization of location
05-12 16:53:23.949  4415  4981 E MDM     : [190] b.run: Couldn't connect to Google API client: ConnectionResult{statusCode=API_UNAVAILABLE, resolution=null}
05-12 16:53:23.949  6159  7990 E MDM     : [356] b.run: Couldn't connect to Google API client: ConnectionResult{statusCode=API_UNAVAILABLE, resolution=null}
05-12 16:53:24.053  6045  6045 D AuthorizationBluetoothService: Received GmsCore event: Intent { act=com.google.android.gms.INITIALIZE flg=0x10 pkg=com.google.android.gms cmp=com.google.android.gms/.auth.be.proximity.authorization.bt.AuthorizationBluetoothService$AutoStarter }.
05-12 16:53:24.056  6045  6045 W AuthorizationBluetoothService: Proximity feature is not available from a managed profile.
05-12 16:53:24.072  6159  8152 E MDM     : [362] b.run: Couldn't connect to Google API client: ConnectionResult{statusCode=API_UNAVAILABLE, resolution=null}
05-12 16:53:24.077  6728  6728 V GmsCoreStatsServiceLauncher: Received broadcast intent Intent { act=com.google.android.gms.INITIALIZE flg=0x10 pkg=com.google.android.gms cmp=com.google.android.gms/.common.stats.GmsCoreStatsServiceLauncher }
05-12 16:53:24.095 18516 18516 V Volta-DatabaseCleanupService: Finished cleaning databases
05-12 16:53:24.252  6728 18660 D LocationInitializer: Restart initialization of location
05-12 16:53:24.271  6159  8021 E MDM     : [359] b.run: Couldn't connect to Google API client: ConnectionResult{statusCode=API_UNAVAILABLE, resolution=null}
05-12 16:53:24.280  4248  4248 E NetworkScheduler.SchedulerReceiver: Invalid parameter app
05-12 16:53:24.280  4248  4248 E NetworkScheduler.SchedulerReceiver: Invalid package name : Perhaps you didn't include a PendingIntent in the extras?
05-12 16:53:24.935  4248  4965 D GCM     : GcmService start Intent { act=com.google.android.gms.INITIALIZE flg=0x10 pkg=com.google.android.gms cmp=com.google.android.gms/.gcm.GcmService } com.google.android.gms.INITIALIZE
05-12 16:53:24.936  4248  4248 D AuthorizationBluetoothService: Received GmsCore event: Intent { act=com.google.android.gms.INITIALIZE flg=0x10 pkg=com.google.android.gms cmp=com.google.android.gms/.auth.be.proximity.authorization.bt.AuthorizationBluetoothService$AutoStarter }.
05-12 16:53:24.984 17598 17598 V GmsCoreStatsServiceLauncher: Received broadcast intent Intent { act=com.google.android.gms.INITIALIZE flg=0x10 pkg=com.google.android.gms cmp=com.google.android.gms/.common.stats.GmsCoreStatsServiceLauncher }
05-12 16:53:25.139 17598 18668 D LocationInitializer: Restart initialization of location
05-12 16:53:25.165  4415  5770 E MDM     : [195] b.run: Couldn't connect to Google API client: ConnectionResult{statusCode=API_UNAVAILABLE, resolution=null}
05-12 16:53:25.300  6045  6045 D AuthorizationBluetoothService: Received GmsCore event: Intent { act=com.google.android.gms.INITIALIZE flg=0x10 pkg=com.google.android.gms cmp=com.google.android.gms/.auth.be.proximity.authorization.bt.AuthorizationBluetoothService$AutoStarter }.
05-12 16:53:25.303  6045  6045 W AuthorizationBluetoothService: Proximity feature is not available from a managed profile.
05-12 16:53:25.378  6728  6728 V GmsCoreStatsServiceLauncher: Received broadcast intent Intent { act=com.google.android.gms.INITIALIZE flg=0x10 pkg=com.google.android.gms cmp=com.google.android.gms/.common.stats.GmsCoreStatsServiceLauncher }
05-12 16:53:25.562  6728 18671 D LocationInitializer: Restart initialization of location
05-12 16:53:25.589  6159  8104 E MDM     : [360] b.run: Couldn't connect to Google API client: ConnectionResult{statusCode=API_UNAVAILABLE, resolution=null}
05-12 16:53:26.098  6045  6045 I ConfigService: onDestroy
05-12 16:53:26.243  3334  3420 I ActivityManager: Start proc 18678:com.android.vending/u10a18 for service com.android.vending/com.google.android.finsky.services.ContentSyncService
05-12 16:53:26.244 18678 18678 I art     : Late-enabling JIT
05-12 16:53:26.259 18678 18678 I art     : JIT created with code_cache_capacity=2MB compile_threshold=1000
05-12 16:53:26.427 18678 18678 W art     : Method processed more than once: void android.content.SearchRecentSuggestionsProvider.setupSuggestions(java.lang.String, int)
05-12 16:53:26.701 18678 18678 D Finsky  : [1] FinskyApp.onCreate: Initializing network with DFE https://android.clients.google.com/dogfood/fdfe/
05-12 16:53:27.021 18678 18678 D Finsky  : [1] DailyHygiene.goMakeHygieneIfDirty: No need to run daily hygiene.
05-12 16:53:27.023 18678 18678 W art     : Method processed more than once: void android.provider.SearchRecentSuggestions.<init>(android.content.Context, java.lang.String, int)
05-12 16:53:27.154 18722 18722 I art     : Late-enabling JIT
05-12 16:53:27.157  3334  3751 I ActivityManager: Start proc 18722:com.google.android.gms:car/u10a9 for service com.google.android.gms/.car.CarService
05-12 16:53:27.169 18722 18722 I art     : JIT created with code_cache_capacity=2MB compile_threshold=1000
05-12 16:53:27.237 18678 18678 W Settings: Setting download_manager_max_bytes_over_mobile has moved from android.provider.Settings.Secure to android.provider.Settings.Global.
05-12 16:53:27.247 18678 18678 W Settings: Setting download_manager_recommended_max_bytes_over_mobile has moved from android.provider.Settings.Secure to android.provider.Settings.Global.
05-12 16:53:27.339 18722 18722 I MultiDex: VM with version 2.1.0 has multidex support
05-12 16:53:27.339 18722 18722 I MultiDex: install
05-12 16:53:27.339 18722 18722 I MultiDex: VM has multidex support, MultiDex support library is disabled.
05-12 16:53:27.395 18678 18739 W art     : Method processed more than once: java.lang.String com.google.protobuf.nano.CodedInputByteBufferNano.readString()
05-12 16:53:27.424 18722 18722 V JNIHelp : Registering com/google/android/gms/org/conscrypt/NativeCrypto's 227 native methods...
05-12 16:53:27.685 18678 18678 D Finsky  : [1] GmsCoreHelper.cleanupNlp: result=false type=4
05-12 16:53:27.695 18722 18722 I ProviderInstaller: Installed default security provider GmsCore_OpenSSL
05-12 16:53:27.704 18678 18678 D Finsky  : [1] 2.run: Loaded library for account: [Gsyxx9R3MhI22DOrwFddzaY_i9k]
05-12 16:53:27.705 18678 18678 D Finsky  : [1] 2.run: Finished loading 1 libraries.
05-12 16:53:27.762  6045  6045 D AuthorizationBluetoothService: Received GmsCore event: Intent { act=com.google.android.gms.INITIALIZE flg=0x10 pkg=com.google.android.gms cmp=com.google.android.gms/.auth.be.proximity.authorization.bt.AuthorizationBluetoothService$AutoStarter }.
05-12 16:53:27.763  6045  6045 W AuthorizationBluetoothService: Proximity feature is not available from a managed profile.
05-12 16:53:27.773  6728  6728 V GmsCoreStatsServiceLauncher: Received broadcast intent Intent { act=com.google.android.gms.INITIALIZE flg=0x10 pkg=com.google.android.gms cmp=com.google.android.gms/.common.stats.GmsCoreStatsServiceLauncher }
05-12 16:53:27.796 18678 18678 D Finsky  : [1] RestoreTracker.stopServiceIfDone: Restore complete with 0 success and 0 failed.
05-12 16:53:28.229  6728 18767 D LocationInitializer: Restart initialization of location
05-12 16:53:28.311  6159  8138 E MDM     : [361] b.run: Couldn't connect to Google API client: ConnectionResult{statusCode=API_UNAVAILABLE, resolution=null}
05-12 16:53:28.699 18678 18727 D Finsky  : [1098] AppStatesReplicator.handleContentSyncResponse: Completed 0 account content syncs with 0 successful.
05-12 16:53:28.720 18678 18678 D Finsky  : [1] 5.onFinished: Installation state replication succeeded.
05-12 16:53:28.733 18678 18678 V Finsky  : [1] GearheadStateMonitor.onReady: sIsProjecting:false
05-12 16:53:28.735 18722 18737 I CAR.SERVICE: listener not found in list
05-12 16:53:28.744  3334  3472 I ActivityManager: Killing 18201:com.google.android.apps.plus/u10a68 (adj 15): empty #17
05-12 16:53:30.239  3334  3348 I ActivityManager: Killing 18281:com.android.musicfx/u0a17 (adj 15): empty #17
05-12 16:53:31.004  3334  3347 I ActivityManager: Killing 18310:com.google.android.googlequicksearchbox:search/u0a24 (adj 15): empty #17
05-12 16:53:32.090  2649  2709 I ThermalEngine: TM Id 'battery_LCD_monitor' Sensor 'batt_therm' - alarm raised 3 at 350.0 degC
05-12 16:53:32.090  2649  2709 E ThermalEngine: override action 5000
05-12 16:53:32.090  2649  2709 E ThermalEngine: Thermal-Server: Thermal received msg override 5000
05-12 16:53:32.090  2649  2709 E ThermalEngine: override_notify : SS mode 1 override 5000
05-12 16:53:33.384  3334  3743 I ActivityManager: Killing 18334:com.google.android.apps.cloudprint/u0a37 (adj 15): empty #17
05-12 16:53:33.700  3334  3434 D ConnectivityService: updateNetworkScore for NetworkAgentInfo [WIFI () - 100] to 56
05-12 16:53:33.700  3334  3434 D ConnectivityService: rematching NetworkAgentInfo [WIFI () - 100]
05-12 16:53:33.700  3334  3434 D ConnectivityService: Network NetworkAgentInfo [WIFI () - 100] was already satisfying request 1. No change.
05-12 16:53:33.700  3334  3434 D ConnectivityService: notifyType AVAILABLE for NetworkAgentInfo [WIFI () - 100]
05-12 16:53:33.706  3769  4362 D ConnectivityManager.CallbackHandler: CM callback handler got msg 524290
05-12 16:53:42.821  3334  3434 D ConnectivityService: updateNetworkScore for NetworkAgentInfo [WIFI () - 100] to 60
05-12 16:53:42.821  3334  3434 D ConnectivityService: rematching NetworkAgentInfo [WIFI () - 100]
05-12 16:53:42.821  3334  3434 D ConnectivityService: Network NetworkAgentInfo [WIFI () - 100] was already satisfying request 1. No change.
05-12 16:53:42.821  3334  3434 D ConnectivityService: notifyType AVAILABLE for NetworkAgentInfo [WIFI () - 100]
05-12 16:53:42.827  3769  4362 D ConnectivityManager.CallbackHandler: CM callback handler got msg 524290
05-12 16:53:48.926  3334  3431 I logd    : uid=1000(system) too chatty comm=WifiStateMachin, expire 6 lines
05-12 16:53:48.927  3334  3434 D ConnectivityService: updateNetworkScore for NetworkAgentInfo [WIFI () - 100] to 56
05-12 16:53:48.927  3334  3434 D ConnectivityService: rematching NetworkAgentInfo [WIFI () - 100]
05-12 16:53:48.927  3334  3434 D ConnectivityService: Network NetworkAgentInfo [WIFI () - 100] was already satisfying request 1. No change.
05-12 16:53:48.927  3334  3434 D ConnectivityService: notifyType AVAILABLE for NetworkAgentInfo [WIFI () - 100]
05-12 16:53:48.933  3769  4362 D ConnectivityManager.CallbackHandler: CM callback handler got msg 524290
05-12 16:53:52.158  2649  2709 I ThermalEngine: TM Id 'SKIN_THERMAL_management_1' Sensor 'xo_therm_pu2' - alarm cleared 2 at 40.0 degC
05-12 16:53:52.158  2649  2709 I ThermalEngine: ACTION: CPU - Setting CPU[0] to 1958400
05-12 16:53:52.158  2649  2709 I ThermalEngine: ACTION: CPU - Setting CPU[1] to 1958400
05-12 16:53:52.158  2649  2709 I ThermalEngine: ACTION: CPU - Setting CPU[2] to 1958400
05-12 16:53:52.158  2649  2709 I ThermalEngine: ACTION: CPU - Setting CPU[3] to 1958400
05-12 16:53:52.159  2649  2709 I ThermalEngine: ACTION: LCD - Setting max LCD brightness to 229
05-12 16:53:55.047  3334  3434 D ConnectivityService: updateNetworkScore for NetworkAgentInfo [WIFI () - 100] to 60
05-12 16:53:55.048  3334  3434 D ConnectivityService: rematching NetworkAgentInfo [WIFI () - 100]
05-12 16:53:55.048  3334  3434 D ConnectivityService: Network NetworkAgentInfo [WIFI () - 100] was already satisfying request 1. No change.
05-12 16:53:55.048  3334  3434 D ConnectivityService: notifyType AVAILABLE for NetworkAgentInfo [WIFI () - 100]
05-12 16:53:55.053  3769  4362 D ConnectivityManager.CallbackHandler: CM callback handler got msg 524290
05-12 16:54:04.242  3334  3431 I logd    : uid=1000(system) too chatty comm=WifiStateMachin, expire 8 lines
05-12 16:54:04.244  3334  3434 D ConnectivityService: updateNetworkScore for NetworkAgentInfo [WIFI () - 100] to 56
05-12 16:54:04.244  3334  3434 D ConnectivityService: rematching NetworkAgentInfo [WIFI () - 100]
05-12 16:54:04.244  3334  3434 D ConnectivityService: Network NetworkAgentInfo [WIFI () - 100] was already satisfying request 1. No change.
05-12 16:54:04.244  3334  3434 D ConnectivityService: notifyType AVAILABLE for NetworkAgentInfo [WIFI () - 100]
05-12 16:54:04.248  3769  4362 D ConnectivityManager.CallbackHandler: CM callback handler got msg 524290
05-12 16:54:10.404  3334  3434 D ConnectivityService: updateNetworkScore for NetworkAgentInfo [WIFI () - 100] to 60
05-12 16:54:10.404  3334  3434 D ConnectivityService: rematching NetworkAgentInfo [WIFI () - 100]
05-12 16:54:10.404  3334  3434 D ConnectivityService: Network NetworkAgentInfo [WIFI () - 100] was already satisfying request 1. No change.
05-12 16:54:10.404  3334  3434 D ConnectivityService: notifyType AVAILABLE for NetworkAgentInfo [WIFI () - 100]
05-12 16:54:10.410  3769  4362 D ConnectivityManager.CallbackHandler: CM callback handler got msg 524290
05-12 16:54:13.502  3334  3434 D ConnectivityService: updateNetworkScore for NetworkAgentInfo [WIFI () - 100] to 56
05-12 16:54:13.502  3334  3434 D ConnectivityService: rematching NetworkAgentInfo [WIFI () - 100]
05-12 16:54:13.503  3334  3434 D ConnectivityService: Network NetworkAgentInfo [WIFI () - 100] was already satisfying request 1. No change.
05-12 16:54:13.503  3334  3434 D ConnectivityService: notifyType AVAILABLE for NetworkAgentInfo [WIFI () - 100]
05-12 16:54:13.508  3769  4362 D ConnectivityManager.CallbackHandler: CM callback handler got msg 524290
05-12 16:54:19.630  3334  3434 D ConnectivityService: updateNetworkScore for NetworkAgentInfo [WIFI () - 100] to 60
05-12 16:54:19.630  3334  3434 D ConnectivityService: rematching NetworkAgentInfo [WIFI () - 100]
05-12 16:54:19.630  3334  3434 D ConnectivityService: Network NetworkAgentInfo [WIFI () - 100] was already satisfying request 1. No change.
05-12 16:54:19.631  3334  3434 D ConnectivityService: notifyType AVAILABLE for NetworkAgentInfo [WIFI () - 100]
05-12 16:54:19.667  3769  4362 D ConnectivityManager.CallbackHandler: CM callback handler got msg 524290
05-12 16:54:22.746  3334  3431 I logd    : uid=1000(system) too chatty comm=WifiStateMachin, expire 9 lines
05-12 16:54:22.747  3334  3434 D ConnectivityService: updateNetworkScore for NetworkAgentInfo [WIFI () - 100] to 56
05-12 16:54:22.747  3334  3434 D ConnectivityService: rematching NetworkAgentInfo [WIFI () - 100]
05-12 16:54:22.747  3334  3434 D ConnectivityService: Network NetworkAgentInfo [WIFI () - 100] was already satisfying request 1. No change.
05-12 16:54:22.747  3334  3434 D ConnectivityService: notifyType AVAILABLE for NetworkAgentInfo [WIFI () - 100]
05-12 16:54:22.769  3769  4362 D ConnectivityManager.CallbackHandler: CM callback handler got msg 524290
05-12 16:54:52.204  2649  2709 I ThermalEngine: TM Id 'SKIN_THERMAL_management_1' Sensor 'xo_therm_pu2' - alarm cleared 1 at 38.0 degC
05-12 16:54:52.205  2649  2709 I ThermalEngine: ACTION: CPU - Setting CPU[0] to 2265600
05-12 16:54:52.205  2649  2709 I ThermalEngine: ACTION: CPU - Setting CPU[1] to 2265600
05-12 16:54:52.205  2649  2709 I ThermalEngine: ACTION: CPU - Setting CPU[2] to 2265600
05-12 16:54:52.205  2649  2709 I ThermalEngine: ACTION: CPU - Setting CPU[3] to 2265600
05-12 16:54:52.206  2649  2709 I ThermalEngine: ACTION: LCD - Setting max LCD brightness to 255
05-12 16:54:54.487  3334  3431 I logd    : uid=1000(system) too chatty comm=WifiStateMachin, expire 5 lines
05-12 16:54:59.597  3334  3434 D ConnectivityService: updateNetworkScore for NetworkAgentInfo [WIFI () - 100] to 60
05-12 16:54:59.597  3334  3434 D ConnectivityService: rematching NetworkAgentInfo [WIFI () - 100]
05-12 16:54:59.597  3334  3434 D ConnectivityService: Network NetworkAgentInfo [WIFI () - 100] was already satisfying request 1. No change.
05-12 16:54:59.597  3334  3434 D ConnectivityService: notifyType AVAILABLE for NetworkAgentInfo [WIFI () - 100]
05-12 16:54:59.601  3769  4362 D ConnectivityManager.CallbackHandler: CM callback handler got msg 524290
05-12 16:55:02.673  3334  3431 I logd    : uid=1000(system) too chatty comm=WifiStateMachin, expire 17 lines
05-12 16:55:02.674  3334  3434 D ConnectivityService: updateNetworkScore for NetworkAgentInfo [WIFI () - 100] to 56
05-12 16:55:02.674  3334  3434 D ConnectivityService: rematching NetworkAgentInfo [WIFI () - 100]
05-12 16:55:02.674  3334  3434 D ConnectivityService: Network NetworkAgentInfo [WIFI () - 100] was already satisfying request 1. No change.
05-12 16:55:02.674  3334  3434 D ConnectivityService: notifyType AVAILABLE for NetworkAgentInfo [WIFI () - 100]
05-12 16:55:02.678  3769  4362 D ConnectivityManager.CallbackHandler: CM callback handler got msg 524290
05-12 16:56:10.122  3334  3434 D ConnectivityService: updateNetworkScore for NetworkAgentInfo [WIFI () - 100] to 60
05-12 16:56:10.122  3334  3434 D ConnectivityService: rematching NetworkAgentInfo [WIFI () - 100]
05-12 16:56:10.123  3334  3434 D ConnectivityService: Network NetworkAgentInfo [WIFI () - 100] was already satisfying request 1. No change.
05-12 16:56:10.123  3334  3434 D ConnectivityService: notifyType AVAILABLE for NetworkAgentInfo [WIFI () - 100]
05-12 16:56:10.127  3769  4362 D ConnectivityManager.CallbackHandler: CM callback handler got msg 524290
05-12 16:56:14.757  3334  3431 I logd    : uid=1000(system) too chatty comm=WifiStateMachin, expire 5 lines
05-12 16:56:16.293  3334  3434 D ConnectivityService: updateNetworkScore for NetworkAgentInfo [WIFI () - 100] to 56
05-12 16:56:16.293  3334  3434 D ConnectivityService: rematching NetworkAgentInfo [WIFI () - 100]
05-12 16:56:16.293  3334  3434 D ConnectivityService: Network NetworkAgentInfo [WIFI () - 100] was already satisfying request 1. No change.
05-12 16:56:16.293  3334  3434 D ConnectivityService: notifyType AVAILABLE for NetworkAgentInfo [WIFI () - 100]
05-12 16:56:16.298  3769  4362 D ConnectivityManager.CallbackHandler: CM callback handler got msg 524290
05-12 16:56:19.392  3334  3431 I logd    : uid=1000(system) too chatty comm=WifiStateMachin, expire 6 lines
05-12 16:56:19.393  3334  3434 D ConnectivityService: updateNetworkScore for NetworkAgentInfo [WIFI () - 100] to 60
05-12 16:56:19.393  3334  3434 D ConnectivityService: rematching NetworkAgentInfo [WIFI () - 100]
05-12 16:56:19.393  3334  3434 D ConnectivityService: Network NetworkAgentInfo [WIFI () - 100] was already satisfying request 1. No change.
05-12 16:56:19.393  3334  3434 D ConnectivityService: notifyType AVAILABLE for NetworkAgentInfo [WIFI () - 100]
05-12 16:56:19.398  3769  4362 D ConnectivityManager.CallbackHandler: CM callback handler got msg 524290
05-12 16:56:28.654  3334  3434 D ConnectivityService: updateNetworkScore for NetworkAgentInfo [WIFI () - 100] to 56
05-12 16:56:28.654  3334  3434 D ConnectivityService: rematching NetworkAgentInfo [WIFI () - 100]
05-12 16:56:28.654  3334  3434 D ConnectivityService: Network NetworkAgentInfo [WIFI () - 100] was already satisfying request 1. No change.
05-12 16:56:28.654  3334  3434 D ConnectivityService: notifyType AVAILABLE for NetworkAgentInfo [WIFI () - 100]
05-12 16:56:28.658  3769  4362 D ConnectivityManager.CallbackHandler: CM callback handler got msg 524290
05-12 16:56:37.902  3334  3431 I logd    : uid=1000(system) too chatty comm=WifiStateMachin, expire 6 lines
05-12 16:56:37.903  3334  3434 D ConnectivityService: updateNetworkScore for NetworkAgentInfo [WIFI () - 100] to 60
05-12 16:56:37.903  3334  3434 D ConnectivityService: rematching NetworkAgentInfo [WIFI () - 100]
05-12 16:56:37.903  3334  3434 D ConnectivityService: Network NetworkAgentInfo [WIFI () - 100] was already satisfying request 1. No change.
05-12 16:56:37.903  3334  3434 D ConnectivityService: notifyType AVAILABLE for NetworkAgentInfo [WIFI () - 100]
05-12 16:56:37.907  3769  4362 D ConnectivityManager.CallbackHandler: CM callback handler got msg 524290
05-12 16:56:41.017  3334  3434 D ConnectivityService: updateNetworkScore for NetworkAgentInfo [WIFI () - 100] to 56
05-12 16:56:41.017  3334  3434 D ConnectivityService: rematching NetworkAgentInfo [WIFI () - 100]
05-12 16:56:41.017  3334  3434 D ConnectivityService: Network NetworkAgentInfo [WIFI () - 100] was already satisfying request 1. No change.
05-12 16:56:41.018  3334  3434 D ConnectivityService: notifyType AVAILABLE for NetworkAgentInfo [WIFI () - 100]
05-12 16:56:41.022  3769  4362 D ConnectivityManager.CallbackHandler: CM callback handler got msg 524290
05-12 16:56:52.196  2649  2709 I ThermalEngine: TM Id 'battery_LCD_monitor' Sensor 'batt_therm' - alarm cleared 3 at 340.0 degC
05-12 16:56:52.196  2649  2709 E ThermalEngine: override action 7500
05-12 16:56:52.196  2649  2709 E ThermalEngine: Thermal-Server: Thermal received msg override 7500
05-12 16:56:52.196  2649  2709 E ThermalEngine: override_notify : SS mode 1 override 7500
05-12 16:56:54.473  4248  4897 D GCM     : Message class com.google.f.a.a.i
05-12 16:56:54.629  6045  6045 I GoogleURLConnFactory: Using platform SSLCertificateSocketFactory
05-12 16:56:54.723  6045 19208 I PhenotypeConfigurator: Scheduling Phenotype every 7200 seconds, with flex of 1800 seconds
05-12 16:56:55.968  6045  6115 I GservicesProvider: main difference update completed
05-12 16:56:56.004  3334  3350 I ActivityManager: Start proc 19233:com.google.android.configupdater/u10a38 for broadcast com.google.android.configupdater/.CertPin.CertPinUpdateRequestReceiver
05-12 16:56:56.009 19233 19233 I art     : Late-enabling JIT
05-12 16:56:56.015 19233 19233 I art     : JIT created with code_cache_capacity=2MB compile_threshold=1000
05-12 16:56:56.083  6728 19222 I PhenotypeFlagCommitter: Experiment Configs successfully retrieved for com.google.android.gms.phenotype
05-12 16:56:56.196 19233 19233 E ConfigUpdater: Received malformed URL while handling Gservices.CHANGED_ACTION intent_firewall: null null
05-12 16:56:56.239 19233 19233 E ConfigUpdater: Received malformed URL while handling Gservices.CHANGED_ACTION apn_db: null null
05-12 16:56:56.260 19233 19233 E ConfigUpdater: Received malformed URL while handling Gservices.CHANGED_ACTION tzdata: null null
05-12 16:56:56.280 19233 19233 E ConfigUpdater: Received malformed URL while handling Gservices.CHANGED_ACTION selinux: null null
05-12 16:56:56.299 19233 19233 E ConfigUpdater: Received malformed URL while handling Gservices.CHANGED_ACTION carrier_provisioning_urls: null null
05-12 16:56:56.314 19276 19276 I art     : Late-enabling JIT
05-12 16:56:56.314  3334  3472 I ActivityManager: Start proc 19276:com.google.android.apps.gcs/u10a8 for broadcast com.google.android.apps.gcs/.receiver.GservicesChangedReceiver
05-12 16:56:56.316  3334  3472 I ActivityManager: Killing 18354:com.google.android.apps.enterprise.dmagent/u0a39 (adj 15): empty #17
05-12 16:56:56.327 19276 19276 I art     : JIT created with code_cache_capacity=2MB compile_threshold=1000
05-12 16:56:56.387  3334  3431 I logd    : uid=1000(system) too chatty comm=WifiStateMachin, expire 5 lines
05-12 16:56:56.388  3334  3434 D ConnectivityService: updateNetworkScore for NetworkAgentInfo [WIFI () - 100] to 60
05-12 16:56:56.388  3334  3434 D ConnectivityService: rematching NetworkAgentInfo [WIFI () - 100]
05-12 16:56:56.388  3334  3434 D ConnectivityService: Network NetworkAgentInfo [WIFI () - 100] was already satisfying request 1. No change.
05-12 16:56:56.388  3334  3434 D ConnectivityService: notifyType AVAILABLE for NetworkAgentInfo [WIFI () - 100]
05-12 16:56:56.395  3769  4362 D ConnectivityManager.CallbackHandler: CM callback handler got msg 524290
05-12 16:56:56.627 19276 19276 W ClientExperimentManager: [1] d.a: com.google.android.apps.gcs does not have permission com.google.android.apps.gcs.WRITE_EXPERIMENTS; disabling overrides
05-12 16:56:56.787  3334  3747 I ActivityManager: Start proc 19313:com.google.android.partnersetup/u10a14 for broadcast com.google.android.partnersetup/.GservicesChangedReceiver
05-12 16:56:56.787 19313 19313 I art     : Late-enabling JIT
05-12 16:56:56.796  3334  3747 I ActivityManager: Killing 18380:com.google.android.apps.magazines/u0a62 (adj 15): empty #17
05-12 16:56:56.802 19313 19313 I art     : JIT created with code_cache_capacity=2MB compile_threshold=1000
05-12 16:56:57.123  6728  6728 I SystemUpdateService: receiver: Intent { act=com.google.gservices.intent.action.GSERVICES_CHANGED flg=0x10 cmp=com.google.android.gms/.update.SystemUpdateService$Receiver }
05-12 16:56:57.125  6728 19353 I CheckinService: Checking schedule, now: 1431475017125 next: 1431477944658
05-12 16:56:57.125  6728 19353 I CheckinService: active receiver: disabled
05-12 16:56:57.168  6728  6728 D SystemUpdateService: onCreate
05-12 16:56:57.178  6728  6728 D SystemUpdateService: onStartCommand: intent: Intent { cmp=com.google.android.gms/.update.SystemUpdateService (has extras) }
05-12 16:56:57.207  6728  6728 D SystemEventReceiver: Received GSERVICES_CHANGED broadcast
05-12 16:56:57.212  6728 19354 I SystemUpdateService: cancelUpdate (empty URL)
05-12 16:56:57.212  6728 19354 I SystemUpdateService: active receiver: disabled
05-12 16:56:57.218  6728  6728 V FeaturePrerequisiteCheckerUtil: Build version: 22
05-12 16:56:57.218  6728  6728 V FeaturePrerequisiteCheckerUtil: Model: Nexus 5
05-12 16:56:57.218  6728  6728 V FeaturePrerequisiteCheckerUtil: CPU_ABI: armeabi-v7a
05-12 16:56:57.218  6728  6728 V FeaturePrerequisiteCheckerUtil: CPU_ABI2: armeabi
05-12 16:56:57.220  6728  6728 V FeaturePrerequisiteCheckerUtil: Camera #0 is a rear-facing camera.
05-12 16:56:57.224  6728  6728 D CreditCardPrerequisiteChecker: All prerequisites OK.
05-12 16:56:57.224  6728  6728 I OcrUtils: Updating ocr activity enabled=true
05-12 16:56:57.252  6159  6159 I GCoreUlr: Starting service, intent=Intent { act=com.google.android.location.reporting.ACTION_UPDATE_WORLD cmp=com.google.android.gms/com.google.android.location.reporting.service.DispatchingService (has extras) }, extras=Bundle[{receiverAction=com.google.gservices.intent.action.GSERVICES_CHANGED}]
05-12 16:56:57.267  6728  6728 D SystemUpdateService: onDestroy
05-12 16:56:57.277  3334  3745 I ActivityManager: Killing 18464:com.google.android.apps.walletnfcrel/u0a27 (adj 15): empty #17
05-12 16:56:57.405  6159  6159 I GCoreUlr: DispatchingService.onCreate()
05-12 16:56:58.152  6159 19364 I GCoreUlr: WorldUpdater received intent Intent { act=com.google.android.location.reporting.ACTION_UPDATE_WORLD cmp=com.google.android.gms/com.google.android.location.reporting.service.DispatchingService (has extras) } with receiverAction com.google.gservices.intent.action.GSERVICES_CHANGED
05-12 16:56:58.378  6159  6168 E DataBuffer: Internal data leak within a DataBuffer object detected!  Be sure to explicitly call release() on all DataBuffer extending objects when you are done with them. (internal object: com.google.android.gms.common.data.DataHolder@f74b445)
05-12 16:56:58.560  6159 19364 I GCoreUlr: WorldUpdater:com.google.gservices.intent.action.GSERVICES_CHANGED: Ensuring that reporting is stopped because of reasons: {account#-2#=[InactiveReason{mVersionCode=0, mIdentifier=6, mName='ReportingNotEnabled'}]}
05-12 16:56:58.592  6159 19364 I GCoreUlr: Unbound from all location providers
05-12 16:56:58.685  6159  6159 I GCoreUlr: DispatchingService.onDestroy()
05-12 16:56:58.703 19380 19380 I art     : Late-enabling JIT
05-12 16:56:58.706  3334  3745 I ActivityManager: Start proc 19380:com.google.android.apps.plus/u10a68 for broadcast com.google.android.apps.plus/com.google.android.apps.moviemaker.app.ApplicationEnabler$Receiver
05-12 16:56:58.713 19380 19380 I art     : JIT created with code_cache_capacity=2MB compile_threshold=1000
05-12 16:56:58.759  6159  6159 I GCoreUlr: Unbound from all location providers
05-12 16:56:58.847  6045 19379 I GLSActivity: [ab] getting account id
05-12 16:56:58.969  6045 19379 I GLSUser : [t] Fetched account id for omakoto@google.com : 107219451117334219408
05-12 16:56:59.079  6045 19379 I GLSActivity: [ab] getting account id
05-12 16:56:59.157  6045 19379 I GLSUser : [t] Fetched account id for omakoto@google.com : 107219451117334219408
05-12 16:56:59.230  6045 19379 I GLSActivity: [ab] getting account id
05-12 16:56:59.326  6045 19379 I GLSUser : [t] Fetched account id for omakoto@google.com : 107219451117334219408
05-12 16:56:59.519  6045  8853 I GLSActivity: [ab] getting account id
05-12 16:56:59.578  6045  8853 I GLSUser : [t] Fetched account id for omakoto@google.com : 107219451117334219408
05-12 16:56:59.639  6045  6115 I GLSActivity: [ab] getting account id
05-12 16:56:59.710  6045  6115 I GLSUser : [t] Fetched account id for omakoto@google.com : 107219451117334219408
05-12 16:56:59.822  6045  6822 I GLSActivity: [ab] getting account id
05-12 16:56:59.896  6045  6822 I GLSUser : [t] Fetched account id for omakoto@google.com : 107219451117334219408
05-12 16:56:59.977  3334  3472 I ActivityManager: Killing 18486:android.process.acore/u0a4 (adj 15): empty #17
05-12 16:56:59.983  6045  6060 I GLSActivity: [ab] getting account id
05-12 16:57:00.083  6045  6060 I GLSUser : [t] Fetched account id for omakoto@google.com : 107219451117334219408
05-12 16:57:00.153  6728  6728 D ChimeraRcvrProxy: Creating receiver proxy ComponentInfo{com.google.android.gms/com.google.android.gms.kids.chimera.SystemEventReceiverProxy}
05-12 16:57:00.153  6728  6728 D ChimeraRcvrProxy: Proxying container receiver ComponentInfo{com.google.android.gms/com.google.android.gms.kids.chimera.SystemEventReceiverProxy} to Chimera receiver impl com.google.android.gms.kids.account.SystemEventReceiver
05-12 16:57:00.153  6728  6728 D ChimeraCfgMgr: Loading module com.google.android.gms.kids from APK com.google.android.gms
05-12 16:57:00.176  6045  6822 I GLSActivity: [ab] getting account id
05-12 16:57:00.224  6728  6728 D ChimeraSrvcProxy: Creating service proxy ComponentInfo{com.google.android.gms/com.google.android.gms.kids.chimera.KidsApiServiceProxy}
05-12 16:57:00.224  6728  6728 D ChimeraSrvcProxy: Proxying container service ComponentInfo{com.google.android.gms/com.google.android.gms.kids.chimera.KidsApiServiceProxy} to Chimera service impl com.google.android.gms.kids.common.service.KidsApiService
05-12 16:57:00.224  6728  6728 D ChimeraCfgMgr: Loading module com.google.android.gms.kids from APK com.google.android.gms
05-12 16:57:00.241 19418 19418 I art     : Late-enabling JIT
05-12 16:57:00.242  3334  3472 I ActivityManager: Start proc 19418:com.google.android.setupwizard/u10a20 for broadcast com.google.android.setupwizard/.util.GservicesChangedReceiver
05-12 16:57:00.248 19418 19418 I art     : JIT created with code_cache_capacity=2MB compile_threshold=1000
05-12 16:57:00.335  6045  6822 I GLSUser : [t] Fetched account id for omakoto@google.com : 107219451117334219408
05-12 16:57:00.495  6045  6977 I GLSActivity: [ab] getting account id
05-12 16:57:00.537  6045  6059 I GLSUser : [GLSUser] getTokenFromCache: [account: Account {name=omakoto@google.com, type=com.google}, callingPkg: com.google.android.gms, service: ac2dm]
05-12 16:57:00.570  6045  6977 I GLSUser : [t] Fetched account id for omakoto@google.com : 107219451117334219408
05-12 16:57:00.759  6045 15076 I GLSActivity: [ab] getting account id
05-12 16:57:00.786 19418 19418 I SetupWizard.LoggingHelper: Connected to Google Play Services.
05-12 16:57:00.884  6045  6045 V GLSActivity: AuthDelegateWrapperCreated with selected intent: Intent { cmp=com.google.android.gms/.auth.DefaultAuthDelegateService }
05-12 16:57:00.910  3334  3744 I ActivityManager: Killing 18532:com.android.musicfx/u10a17 (adj 15): empty #17
05-12 16:57:01.021  6045  6045 V GLSActivity: AuthDelegateWrapperCreated with selected intent: Intent { cmp=com.google.android.gms/.auth.DefaultAuthDelegateService }
05-12 16:57:01.021 19418 19436 I SetupWizard.FrpHelper: FRP status: supported: false, challengeRequired: false
05-12 16:57:01.100  6045 15076 I GLSUser : [t] Fetched account id for omakoto@google.com : 107219451117334219408
05-12 16:57:01.170  6045  6045 V GLSActivity: AuthDelegateWrapperCreated with selected intent: Intent { cmp=com.google.android.gms/.auth.DefaultAuthDelegateService }
05-12 16:57:01.189  6728 19417 E WakeLockTracker: missing wakeLock key. null
05-12 16:57:01.222  6728 19444 I CheckinService: Checking schedule, now: 1431475021221 next: 1431474182658
05-12 16:57:01.222  6728 19444 I CheckinService: active receiver: enabled
05-12 16:57:01.232  6728 19444 I CheckinService: Preparing to send checkin request
05-12 16:57:01.232  6728 19444 I EventLogService: Accumulating logs since 1431474125588
05-12 16:57:01.242  6045  6976 I GLSActivity: [ab] getting account id
05-12 16:57:01.349  6045  6976 I GLSUser : [t] Fetched account id for omakoto@google.com : 107219451117334219408
05-12 16:57:01.389  6728 19444 W EventLogAggregator: Unknown tag: SYSTEM_FSCK
05-12 16:57:01.389  6728 19444 W EventLogAggregator: Unknown tag: activity_launch_time
05-12 16:57:01.391  6728 19444 W EventLogAggregator: Unknown tag: am_kill_for_memory
05-12 16:57:01.400  6728 19444 W EventLogAggregator: Unknown tag: cert_pin_failure
05-12 16:57:01.402  6728 19444 W EventLogAggregator: Unknown tag: dvm_gc_info
05-12 16:57:01.405  6728 19444 W EventLogAggregator: Unknown tag: facelock_activated
05-12 16:57:01.405  6728 19444 W EventLogAggregator: Unknown tag: facelock_black_frames
05-12 16:57:01.405  6728 19444 W EventLogAggregator: Unknown tag: facelock_deactivated
05-12 16:57:01.405  6728 19444 W EventLogAggregator: Unknown tag: facelock_demo_mode
05-12 16:57:01.405  6728 19444 W EventLogAggregator: Unknown tag: facelock_detection_timeout
05-12 16:57:01.405  6728 19444 W EventLogAggregator: Unknown tag: facelock_fail
05-12 16:57:01.405  6728 19444 W EventLogAggregator: Unknown tag: facelock_low_light
05-12 16:57:01.405  6728 19444 W EventLogAggregator: Unknown tag: facelock_no_face
05-12 16:57:01.405  6728 19444 W EventLogAggregator: Unknown tag: facelock_no_template
05-12 16:57:01.405  6728 19444 W EventLogAggregator: Unknown tag: facelock_recognition_timeout
05-12 16:57:01.405  6728 19444 W EventLogAggregator: Unknown tag: facelock_success
05-12 16:57:01.406  6728 19444 W EventLogAggregator: Unknown tag: faceunlock_failure
05-12 16:57:01.406  6728 19444 W EventLogAggregator: Unknown tag: faceunlock_recognized
05-12 16:57:01.406  6728 19444 W EventLogAggregator: Unknown tag: faceunlock_rejected
05-12 16:57:01.406  6728 19444 W EventLogAggregator: Unknown tag: gmail_perf_end
05-12 16:57:01.406  6728 19444 W EventLogAggregator: Unknown tag: gmail_perf_start
05-12 16:57:01.408  6728 19444 W EventLogAggregator: Unknown tag: led_status
05-12 16:57:01.409  6728 19444 W EventLogAggregator: Unknown tag: music_download_status
05-12 16:57:01.409  6728 19444 W EventLogAggregator: Unknown tag: music_pause_playback_requested
05-12 16:57:01.409  6728 19444 W EventLogAggregator: Unknown tag: music_start_playback_requested
05-12 16:57:01.409  6728 19444 W EventLogAggregator: Unknown tag: music_stop_playback_requested
05-12 16:57:01.409  6728 19444 W EventLogAggregator: Unknown tag: music_track_saved_as_ringtone
05-12 16:57:01.413  6728 19444 W EventLogAggregator: Unknown tag: qsb_event
05-12 16:57:01.415  6728 19444 W EventLogAggregator: Unknown tag: sf_jank
05-12 16:57:01.415  6728 19444 W EventLogAggregator: Unknown tag: sms_denied_by_user
05-12 16:57:01.415  6728 19444 W EventLogAggregator: Unknown tag: sms_sent_by_user
05-12 16:57:01.416  6728 19444 W EventLogAggregator: Unknown tag: snet_gcore
05-12 16:57:01.416  6728 19444 W EventLogAggregator: Unknown tag: snet_launch_service
05-12 16:57:01.417  6728 19444 W EventLogAggregator: Unknown tag: time_audio_played
05-12 16:57:01.417  6728 19444 W EventLogAggregator: Unknown tag: time_video_played
05-12 16:57:01.417  6728 19444 W EventLogAggregator: Unknown tag: total_audio_played
05-12 16:57:01.417  6728 19444 W EventLogAggregator: Unknown tag: total_video_played
05-12 16:57:01.419  6728 19444 W EventLogAggregator: Unknown tag: wifi_driver_state_changed
05-12 16:57:01.419  6728 19444 W EventLogAggregator: Unknown tag: wifi_interface_configuration_state_changed
05-12 16:57:01.419  6728 19444 W EventLogAggregator: Unknown tag: wifi_network_state_changed
05-12 16:57:01.419  6728 19444 W EventLogAggregator: Unknown tag: wifi_supplicant_connection_state_changed
05-12 16:57:01.437  6045  8853 I GLSActivity: [ab] getting account id
05-12 16:57:01.521  6045  8853 I GLSUser : [t] Fetched account id for omakoto@google.com : 107219451117334219408
05-12 16:57:01.602  6045  6059 I GLSActivity: [ab] getting account id
05-12 16:57:01.664  6045  6059 I GLSUser : [t] Fetched account id for omakoto@google.com : 107219451117334219408
05-12 16:57:01.676  6728 19444 I CheckinRequestBuilder: Checkin reason type: 8 attempt count: 1
05-12 16:57:01.821  6045 15076 I GLSActivity: [ab] getting account id
05-12 16:57:01.920  6045 15076 I GLSUser : [t] Fetched account id for omakoto@google.com : 107219451117334219408
05-12 16:57:02.132  6045  8853 I GLSActivity: [ab] getting account id
05-12 16:57:02.234  6045  8853 I GLSUser : [t] Fetched account id for omakoto@google.com : 107219451117334219408
05-12 16:57:02.264  6045  6977 I GLSUser : [GLSUser] getTokenFromCache: [account: Account {name=omakoto@google.com, type=com.google}, callingPkg: com.google.android.gms, service: AndroidCheckInServer]
05-12 16:57:02.348  6045  6977 I GLSActivity: [ab] getting account id
05-12 16:57:02.447  6045  6977 I GLSUser : [t] Fetched account id for omakoto@google.com : 107219451117334219408
05-12 16:57:02.532 19449 19449 I art     : Late-enabling JIT
05-12 16:57:02.533  3334  3414 I ActivityManager: Start proc 19449:com.google.android.gms.unstable/u10a9 for service com.google.android.gms/.droidguard.DroidGuardService
05-12 16:57:02.541 19449 19449 I art     : JIT created with code_cache_capacity=2MB compile_threshold=1000
05-12 16:57:02.663 19449 19449 I MultiDex: VM with version 2.1.0 has multidex support
05-12 16:57:02.663 19449 19449 I MultiDex: install
05-12 16:57:02.663 19449 19449 I MultiDex: VM has multidex support, MultiDex support library is disabled.
05-12 16:57:02.705 19449 19449 V JNIHelp : Registering com/google/android/gms/org/conscrypt/NativeCrypto's 227 native methods...
05-12 16:57:02.940 19449 19449 I ProviderInstaller: Installed default security provider GmsCore_OpenSSL
05-12 16:57:02.980  6045  6045 D AuthorizationBluetoothService: Received GmsCore event: Intent { act=com.google.android.gms.INITIALIZE flg=0x10 pkg=com.google.android.gms cmp=com.google.android.gms/.auth.be.proximity.authorization.bt.AuthorizationBluetoothService$AutoStarter }.
05-12 16:57:02.982  6045  6045 W AuthorizationBluetoothService: Proximity feature is not available from a managed profile.
05-12 16:57:02.988  6728  6728 V GmsCoreStatsServiceLauncher: Received broadcast intent Intent { act=com.google.android.gms.INITIALIZE flg=0x10 pkg=com.google.android.gms cmp=com.google.android.gms/.common.stats.GmsCoreStatsServiceLauncher }
05-12 16:57:03.081  6728 19478 D LocationInitializer: Restart initialization of location
05-12 16:57:03.201  2641 15037 D WVCdm   : Instantiating CDM.
05-12 16:57:03.202  2641 11857 I WVCdm   : CdmEngine::OpenSession
05-12 16:57:03.202  2641 11857 I WVCdm   : Level3 Library May  1 2015 15:45:12
05-12 16:57:03.205  2641 11857 W WVCdm   : Could not read /data/mediadrm/IDM1013/ay64.dat2: No such file or directory
05-12 16:57:03.206  2641 11857 D DrmWidevineDash: OEMCrypto_Initialize: starts! g_qsee_apps_version = 0x11
05-12 16:57:03.206  2641 11857 D DrmWidevineDash: Service_Initialize: starts!
05-12 16:57:03.206  2641 11857 D QSEECOMAPI: : QSEECom_get_handle sb_length = 0x19000
05-12 16:57:03.206  2641 11857 D QSEECOMAPI: : App is not loaded in QSEE
05-12 16:57:03.220  2641 11857 D QSEECOMAPI: : Loaded image: APP id = 3
05-12 16:57:03.220  2641 11857 D DrmWidevineDash: Service_Initialize: ends! returns 0
05-12 16:57:03.220  2641 11857 D DrmWidevineDash: OEMCrypto_Initialize sion_buffer g_wv_fhandle->ion_sbuffer  0x0xb30d4000
05-12 16:57:03.220  2641 11857 E DrmWidevineDash: sion_buffer g_wv_fhandle->ion_sbuffer  0x0xb30d4000
05-12 16:57:03.245  2641 11857 D DrmWidevineDash: OEMCrypto_Initialize: ends! returns 0
05-12 16:57:03.245  2641 11857 D DrmWidevineDash: OEMCrypto_APIVersion: starts!
05-12 16:57:03.253  2641 11857 D DrmWidevineDash: hlos api version =  9
