--------- beginning of system
05-12 16:31:46.083  8153  8532 F libc    : Fatal signal 11 (SIGSEGV), code 1, fault addr 0xcef802dc in tid 8532 (Thread-556)
05-12 16:31:46.147  2638  2638 F DEBUG   : *** *** *** *** *** *** *** *** *** *** *** *** *** *** *** ***
05-12 16:31:46.148  2638  2638 F DEBUG   : Build fingerprint: 'google/hammerhead/hammerhead:MNC/MASTER/omakoto05121133:eng/dev-keys'
05-12 16:31:46.148  2638  2638 F DEBUG   : Revision: '0'
05-12 16:31:46.148  2638  2638 F DEBUG   : ABI: 'arm'
05-12 16:29:02.936  3334  3350 I ActivityManager: START u0 {act=android.intent.action.MAIN cat=[android.intent.category.HOME] flg=0x10000000 cmp=com.google.android.googlequicksearchbox/com.google.android.launcher.GEL} from uid 0 on display 0
03-22 10:13:42.628   176   176 I vold    : Vold 3.0 (the awakening) firing up
03-22 10:13:43.548   176   222 D VoldCmdListener: cryptfs mountdefaultencrypted
03-22 10:13:43.549   176   222 D Cryptfs : Password is not default - starting min framework to prompt
03-22 10:13:55.881   804   804 I logd    : uid=1000(system) too chatty comm=system_server, expire 197 lines
03-22 10:13:57.199   804   841 I logd    : uid=1000(system) too chatty comm=system_server, expire 69 lines
03-22 10:13:57.202   804   842 I logd    : uid=1000(system) too chatty comm=system_server, expire 3 lines
03-22 10:13:57.485   804   846 I logd    : uid=1000(system) too chatty comm=system_server, expire 4 lines
03-22 10:13:57.520   804   848 I logd    : uid=1000(system) too chatty comm=system_server, expire 1 line
03-22 10:14:40.840   804  1157 I logd    : uid=1000(system) too chatty comm=system_server, expire 20 lines
03-22 10:14:40.862   804  1158 I logd    : uid=1000(system) too chatty comm=system_server, expire 5 lines
03-22 10:14:42.214   176  1203 I fstrim  : Starting fstrim work...
03-22 10:14:42.215   176  1203 I fstrim  : Invoking FITRIM ioctl on /data
03-22 10:14:42.215   176  1203 E fstrim  : FITRIM ioctl failed on /data (error 25/Not a typewriter)
03-22 10:14:42.215   176  1203 I fstrim  : Invoking FITRIM ioctl on /cache
03-22 10:14:42.663   176  1203 I fstrim  : Trimmed 710172672 bytes on /cache
03-22 10:14:42.663   176  1203 I fstrim  : Finished fstrim work.
03-22 10:14:44.059   804   804 I logd    : uid=1000(system) too chatty comm=system_server, expire 91 lines
03-22 10:14:45.082   804  1238 I logd    : uid=1000(system) too chatty comm=system_server, expire 4 lines
03-22 10:14:45.120   804  1239 I logd    : uid=1000(system) too chatty comm=system_server, expire 5 lines
03-22 10:14:45.173   804   847 I logd    : uid=1000(system) too chatty comm=system_server, expire 2 lines
03-22 10:14:45.833   804   838 I logd    : uid=1000(system) too chatty comm=system_server, expire 4 lines
03-22 10:14:46.526   804  1164 I logd    : uid=1000(system) too chatty comm=system_server, expire 3 lines
03-22 10:14:46.555   804  1157 I logd    : uid=1000(system) too chatty comm=system_server, expire 4 lines
03-22 10:14:46.560   804  1158 I logd    : uid=1000(system) too chatty comm=system_server, expire 10 lines
03-22 10:14:46.584   804   843 I logd    : uid=1000(system) too chatty comm=system_server, expire 1 line
03-22 10:14:46.721   804  1334 I logd    : uid=1000(system) too chatty comm=system_server, expire 1 line
03-22 10:14:49.826   804  1264 I logd    : uid=1000(system) too chatty comm=system_server, expire 1 line
03-22 10:14:50.470   176   222 D vold    : Linking /storage/emulated/0 to /mnt/user/0/primary
03-22 10:14:50.474   804  1158 I logd    : uid=1000(system) too chatty comm=system_server, expire 6 lines
03-22 10:14:50.492   804   841 I logd    : uid=1000(system) too chatty comm=system_server, expire 6 lines
03-22 10:14:50.962   804   840 I logd    : uid=1000(system) too chatty comm=system_server, expire 1 line
03-22 10:14:51.045   804   804 I logd    : uid=1000(system) too chatty comm=system_server, expire 2 lines
03-22 10:14:51.561   804  2024 I logd    : uid=1000(system) too chatty comm=system_server, expire 3 lines
03-22 10:14:51.918   804  2015 I logd    : uid=1000(system) too chatty comm=system_server, expire 3 lines
03-22 10:14:52.063  1794  2059 E ActivityThread: Failed to find provider info for com.android.contacts
03-22 10:14:52.079  1794  2059 E ActivityThread: Failed to find provider info for com.android.contacts
03-22 10:14:52.108  1794  2060 E ActivityThread: Failed to find provider info for user_dictionary
03-22 10:14:52.108  1794  1794 E ActivityThread: Failed to find provider info for user_dictionary
03-22 10:14:52.625   176   222 D VoldCmdListener: cryptfs getpwtype
03-22 10:14:52.733   804   839 I logd    : uid=1000(system) too chatty comm=system_server, expire 4 lines
03-22 10:14:53.737   804  1761 I logd    : uid=1000(system) too chatty comm=system_server, expire 2 lines
03-22 10:14:53.846   804   841 I logd    : uid=1000(system) too chatty comm=system_server, expire 1 line
03-22 10:14:54.145  1794  1794 E ActivityThread: Failed to find provider info for user_dictionary
03-22 10:14:54.168  1794  1794 E ActivityThread: Failed to find provider info for user_dictionary
03-22 10:14:54.265  1794  1794 E ActivityThread: Failed to find provider info for user_dictionary
03-22 10:14:54.362  1794  1794 E ActivityThread: Failed to find provider info for user_dictionary
03-22 10:14:54.442  1794  1794 E ActivityThread: Failed to find provider info for user_dictionary
03-22 10:14:54.655  1794  1794 E ActivityThread: Failed to find provider info for user_dictionary
03-22 10:14:54.763  1794  2062 E ActivityThread: Failed to find provider info for downloads
03-22 10:14:59.591  1327  2162 E ActivityThread: Failed to find provider info for com.android.contacts
03-22 10:15:01.719   804   846 I logd    : uid=1000(system) too chatty comm=system_server, expire 5 lines
03-22 10:15:05.945   804  2442 I logd    : uid=1000(system) too chatty comm=system_server, expire 4 lines
03-22 10:15:06.602  2446  2466 E ActivityThread: Failed to find provider info for call_log
03-22 10:15:07.968  1794  1794 E ActivityThread: Failed to find provider info for user_dictionary
03-22 10:15:08.763  1907  2504 E ActivityThread: Failed to find provider info for com.android.contacts
03-22 10:15:09.417   804  1238 I logd    : uid=1000(system) too chatty comm=system_server, expire 1 line
03-22 10:15:27.608   176   222 I Cryptfs : cryptfs_check_passwd
03-22 10:15:27.612   176   222 D Cryptfs : crypt_ftr->fs_size = 57102292
03-22 10:15:27.612   176   222 I Cryptfs : Using scrypt with keymaster for cryptfs KDF
03-22 10:15:28.348   176   222 I Cryptfs : Signing safely-padded object
03-22 10:15:29.082   176   222 I Cryptfs : Enabling support for allow_discards in dmcrypt.
03-22 10:15:29.084   176   218 D vold    : Disk at 254:0 changed
03-22 10:15:29.699   176   222 I Cryptfs : Password matches
03-22 10:15:29.699   176   222 D Cryptfs : test_mount_encrypted_fs(): Master key saved
03-22 10:15:29.701   176   222 I Cryptfs : keymaster version is 3
03-22 10:15:29.701   804  1158 I logd    : uid=1000(system) too chatty comm=system_server, expire 1 line
03-22 10:15:30.708   804  1157 I logd    : uid=1000(system) too chatty comm=system_server, expire 1 line
03-22 10:15:30.711   176   222 I Cryptfs : cryptfs_restart
03-22 10:15:30.745   176   222 D Cryptfs : Just asked init to shut down class main
03-22 10:15:30.752   804  1232 I logd    : uid=1000(system) too chatty comm=system_server, expire 2 lines
03-22 10:15:30.774   804  1241 I logd    : uid=1000(system) too chatty comm=system_server, expire 4 lines
03-22 10:15:32.816   176   222 D Cryptfs : unmounting /data succeeded
03-22 10:15:33.143   176   222 D Cryptfs : Just triggered post_fs_data
03-22 10:15:33.393   176   222 D Cryptfs : post_fs_data done
03-22 10:15:33.394   176   222 D Cryptfs : Just triggered restart_framework
05-12 16:27:33.604   176   222 W SocketClient: write error (Broken pipe)
05-12 16:27:33.604   176   222 W SocketClient: Unable to send msg '200 13 0'
05-12 16:27:41.259  3334  3334 I logd    : uid=1000(system) too chatty comm=system_server, expire 15 lines
05-12 16:27:41.757  3334  3350 I logd    : uid=1000(system) too chatty comm=ActivityManager, expire 1 line
05-12 16:27:41.765  3334  3351 I logd    : uid=1000(system) too chatty comm=android.ui, expire 1 line
05-12 16:27:42.351  3334  3355 I logd    : uid=1000(system) too chatty comm=android.display, expire 3 lines
05-12 16:27:42.381  3334  3357 I logd    : uid=1000(system) too chatty comm=PowerManagerSer, expire 1 line
05-12 16:27:42.900  3334  3334 D SELinuxMMAC: Using policy file /system/etc/security/mac_permissions.xml
05-12 16:27:44.413  3334  3334 W PackageManager: Unknown permission: com.google.android.gms.permission.CONTACTS_SYNC_DELEGATION
05-12 16:27:44.608  3334  3334 W PackageManager: Unknown permission: com.google.android.gms.permission.CONTACTS_SYNC_DELEGATION
05-12 16:27:44.707  3334  3334 W PackageManager: Unknown permission: com.google.android.gms.permission.CONTACTS_SYNC_DELEGATION
05-12 16:27:44.957  3334  3334 W PackageManager: Unknown permission: com.google.android.gms.permission.CONTACTS_SYNC_DELEGATION
05-12 16:27:45.074  3334  3334 W PackageManager: Unknown permission: com.google.android.gms.permission.CONTACTS_SYNC_DELEGATION
05-12 16:27:46.019  3334  3334 W PackageManager: Unknown permission: com.google.android.gms.permission.CONTACTS_SYNC_DELEGATION
05-12 16:27:47.644  3334  3334 W PackageManager: Library not found: /system/framework/org.apache.http.legacy.jar
05-12 16:27:47.917  3334  3334 W PackageManager: Permission android.permission.MANAGE_PROFILE_AND_DEVICE_OWNERS from package android in an unknown group android.permission-group.SYSTEM_TOOLS
05-12 16:27:47.928  3334  3334 W PackageManager: Permission android.permission.RECEIVE_DEVICE_INITIALIZER_STATUS from package android in an unknown group android.permission-group.SYSTEM_TOOLS
05-12 16:27:48.092  3334  3334 I PackageManager: Package com.android.providers.contacts at /system/priv-app/ContactsProvider ignored: updated version 22 better than this 22
05-12 16:27:48.093  3334  3334 W PackageManager: Failed to parse /system/priv-app/ContactsProvider: null
05-12 16:27:48.136  3334  3334 W PackageManager: Permission android.permission.DOWNLOAD_WITHOUT_NOTIFICATION from package com.android.providers.downloads in an unknown group android.permission-group.NETWORK
05-12 16:27:48.269  3334  3334 W PackageParser: No actions in intent filter at /system/priv-app/GoogleContacts/GoogleContacts.apk Binary XML file line #390
05-12 16:27:48.303  3334  3334 W PackageParser: No actions in intent filter at /system/priv-app/GoogleDialer/GoogleDialer.apk Binary XML file line #192
05-12 16:27:48.335  3334  3334 W PackageParser: Unknown element under <manifest>: uses-library at /system/priv-app/GoogleFeedback/GoogleFeedback.apk Binary XML file line #30
05-12 16:27:48.427  3334  3334 W PackageParser: Ignoring duplicate uses-permissions/uses-permissions-sdk-m: android.permission.RECEIVE_BOOT_COMPLETED in package: com.google.android.partnersetup at: Binary XML file line #32
05-12 16:27:48.427  3334  3334 W PackageParser: Ignoring duplicate uses-permissions/uses-permissions-sdk-m: com.google.android.providers.gsf.permission.READ_GSERVICES in package: com.google.android.partnersetup at: Binary XML file line #35
05-12 16:27:48.530  3334  3334 W PackageManager: Permission com.google.android.providers.talk.permission.READ_ONLY from package com.google.android.gsf in an unknown group android.permission-group.MESSAGES
05-12 16:27:48.530  3334  3334 W PackageManager: Permission com.google.android.providers.talk.permission.WRITE_ONLY from package com.google.android.gsf in an unknown group android.permission-group.MESSAGES
05-12 16:27:48.530  3334  3334 W PackageManager: Permission com.google.android.gtalkservice.permission.GTALK_SERVICE from package com.google.android.gsf in an unknown group android.permission-group.MESSAGES
05-12 16:27:48.531  3334  3334 W PackageManager: Permission com.google.android.gtalkservice.permission.SEND_HEARTBEAT from package com.google.android.gsf in an unknown group android.permission-group.NETWORK
05-12 16:27:48.531  3334  3334 W PackageManager: Permission com.google.android.permission.BROADCAST_DATA_MESSAGE from package com.google.android.gsf in an unknown group android.permission-group.NETWORK
05-12 16:27:48.531  3334  3334 W PackageManager: Permission com.google.android.c2dm.permission.SEND from package com.google.android.gsf in an unknown group android.permission-group.NETWORK
05-12 16:27:48.531  3334  3334 W PackageManager: Permission com.google.android.c2dm.permission.RECEIVE from package com.google.android.gsf in an unknown group android.permission-group.NETWORK
05-12 16:27:48.531  3334  3334 W PackageManager: Permission com.google.android.xmpp.permission.BROADCAST from package com.google.android.gsf in an unknown group android.permission-group.NETWORK
05-12 16:27:48.532  3334  3334 W PackageManager: Permission com.google.android.xmpp.permission.SEND_RECEIVE from package com.google.android.gsf in an unknown group android.permission-group.NETWORK
05-12 16:27:48.532  3334  3334 W PackageManager: Permission com.google.android.xmpp.permission.XMPP_ENDPOINT_BROADCAST from package com.google.android.gsf in an unknown group android.permission-group.NETWORK
05-12 16:27:48.532  3334  3334 W PackageManager: Permission com.google.android.xmpp.permission.USE_XMPP_ENDPOINT from package com.google.android.gsf in an unknown group android.permission-group.NETWORK
05-12 16:27:48.551  3334  3334 W PackageParser: Ignoring duplicate uses-permissions/uses-permissions-sdk-m: android.permission.GET_ACCOUNTS in package: com.google.android.talk at: Binary XML file line #90
05-12 16:27:48.552  3334  3334 W PackageParser: Ignoring duplicate uses-permissions/uses-permissions-sdk-m: android.permission.INTERNET in package: com.google.android.talk at: Binary XML file line #91
05-12 16:27:48.552  3334  3334 W PackageParser: Ignoring duplicate uses-permissions/uses-permissions-sdk-m: android.permission.USE_CREDENTIALS in package: com.google.android.talk at: Binary XML file line #94
05-12 16:27:48.553  3334  3334 W PackageParser: Ignoring duplicate uses-permissions/uses-permissions-sdk-m: android.permission.ACCESS_NETWORK_STATE in package: com.google.android.talk at: Binary XML file line #96
05-12 16:27:48.619  3334  3334 D PackageParser: hasDomainURLs:true for package:com.google.android.talk
05-12 16:27:48.620  3334  3334 I PackageManager: Package com.google.android.talk at /system/priv-app/Hangouts ignored: updated version 22347370 better than this 22289234
05-12 16:27:48.620  3334  3334 W PackageManager: Failed to parse /system/priv-app/Hangouts: null
05-12 16:27:48.791  3334  3334 D PackageParser: hasDomainURLs:true for package:com.android.vending
05-12 16:27:48.792  3334  3334 I PackageManager: Package com.android.vending at /system/priv-app/Phonesky ignored: updated version 80350500 better than this 80321300
05-12 16:27:48.792  3334  3334 W PackageManager: Failed to parse /system/priv-app/Phonesky: null
05-12 16:27:48.835  3334  3334 W PackageParser: Ignoring duplicate uses-permissions/uses-permissions-sdk-m: android.permission.SUBSCRIBED_FEEDS_READ in package: com.google.android.gms at: Binary XML file line #87
05-12 16:27:48.835  3334  3334 W PackageParser: Ignoring duplicate uses-permissions/uses-permissions-sdk-m: android.permission.SUBSCRIBED_FEEDS_WRITE in package: com.google.android.gms at: Binary XML file line #88
05-12 16:27:48.837  3334  3334 W PackageParser: Ignoring duplicate uses-permissions/uses-permissions-sdk-m: android.permission.WRITE_SETTINGS in package: com.google.android.gms at: Binary XML file line #131
05-12 16:27:48.839  3334  3334 W PackageParser: Ignoring duplicate uses-permissions/uses-permissions-sdk-m: android.permission.SYSTEM_ALERT_WINDOW in package: com.google.android.gms at: Binary XML file line #157
05-12 16:27:48.840  3334  3334 W PackageParser: Ignoring duplicate uses-permissions/uses-permissions-sdk-m: android.permission.READ_SYNC_SETTINGS in package: com.google.android.gms at: Binary XML file line #161
05-12 16:27:48.840  3334  3334 W PackageParser: Ignoring duplicate uses-permissions/uses-permissions-sdk-m: android.permission.WRITE_SYNC_SETTINGS in package: com.google.android.gms at: Binary XML file line #162
05-12 16:27:48.841  3334  3334 W PackageParser: Ignoring duplicate uses-permissions/uses-permissions-sdk-m: android.permission.VIBRATE in package: com.google.android.gms at: Binary XML file line #164
05-12 16:27:48.842  3334  3334 W PackageParser: Ignoring duplicate uses-permissions/uses-permissions-sdk-m: android.permission.VIBRATE in package: com.google.android.gms at: Binary XML file line #194
05-12 16:27:48.842  3334  3334 W PackageParser: Ignoring duplicate uses-permissions/uses-permissions-sdk-m: android.permission.ACCESS_FINE_LOCATION in package: com.google.android.gms at: Binary XML file line #204
05-12 16:27:48.845  3334  3334 W PackageParser: Ignoring duplicate uses-permissions/uses-permissions-sdk-m: android.permission.READ_CONTACTS in package: com.google.android.gms at: Binary XML file line #245
05-12 16:27:48.849  3334  3334 W PackageParser: Ignoring duplicate uses-permissions/uses-permissions-sdk-m: android.permission.WRITE_SETTINGS in package: com.google.android.gms at: Binary XML file line #277
05-12 16:27:49.161  3334  3334 D PackageParser: hasDomainURLs:true for package:com.google.android.gms
05-12 16:27:49.253  3334  3334 W PackageManager: New decl Package{c790f0 com.google.android.gms} of permission  com.google.android.gms.auth.permission.FACE_UNLOCK is system; overriding com.android.facelock
05-12 16:27:49.262  3334  3334 W PackageManager: New decl Package{c790f0 com.google.android.gms} of permission  com.google.android.gms.permission.GAMES_DEBUG_SETTINGS is system; overriding com.google.android.play.games
05-12 16:27:49.299  3334  3334 W PackageParser: Ignoring duplicate uses-permissions/uses-permissions-sdk-m: android.permission.USE_CREDENTIALS in package: com.android.settings at: Binary XML file line #51
05-12 16:27:49.300  3334  3334 W PackageParser: Ignoring duplicate uses-permissions/uses-permissions-sdk-m: android.permission.READ_SYNC_SETTINGS in package: com.android.settings at: Binary XML file line #56
05-12 16:27:49.301  3334  3334 W PackageParser: Ignoring duplicate uses-permissions/uses-permissions-sdk-m: android.permission.WRITE_SYNC_SETTINGS in package: com.android.settings at: Binary XML file line #57
05-12 16:27:49.522  3334  3334 W PackageParser: No actions in intent filter at /system/priv-app/SetupWizard/SetupWizard.apk Binary XML file line #180
05-12 16:27:49.547  3334  3334 D PackageParser: hasDomainURLs:true for package:com.google.android.setupwizard
05-12 16:27:49.613  3334  3334 W PackageParser: Ignoring duplicate uses-permissions/uses-permissions-sdk-m: android.permission.CONFIGURE_WIFI_DISPLAY in package: com.android.systemui at: Binary XML file line #117
05-12 16:27:50.009  3334  3334 D PackageParser: hasDomainURLs:true for package:com.google.android.apps.walletnfcrel
05-12 16:27:50.011  3334  3334 I PackageManager: Package com.google.android.apps.walletnfcrel at /system/priv-app/Wallet ignored: updated version 920612400 better than this 819025440
05-12 16:27:50.011  3334  3334 W PackageManager: Failed to parse /system/priv-app/Wallet: null
05-12 16:27:50.059  3334  3334 W PackageParser: Ignoring duplicate uses-permissions/uses-permissions-sdk-m: android.permission.READ_CONTACTS in package: com.android.bluetooth at: Binary XML file line #56
05-12 16:27:50.059  3334  3334 W PackageParser: Ignoring duplicate uses-permissions/uses-permissions-sdk-m: android.permission.READ_PHONE_STATE in package: com.android.bluetooth at: Binary XML file line #57
05-12 16:27:50.068  3334  3334 W PackageParser: No actions in intent filter at /system/app/Bluetooth/Bluetooth.apk Binary XML file line #203
05-12 16:27:50.122  3334  3334 D PackageParser: hasDomainURLs:true for package:com.google.android.apps.books
05-12 16:27:50.123  3334  3334 I PackageManager: Package com.google.android.apps.books at /system/app/Books ignored: updated version 30341 better than this 30335
05-12 16:27:50.123  3334  3334 W PackageManager: Failed to parse /system/app/Books: null
05-12 16:27:50.159  3334  3334 W PackageParser: Ignoring duplicate uses-permissions/uses-permissions-sdk-m: android.permission.READ_SYNC_SETTINGS in package: com.google.android.calendar at: Binary XML file line #30
05-12 16:27:50.159  3334  3334 W PackageParser: Ignoring duplicate uses-permissions/uses-permissions-sdk-m: android.permission.READ_CALENDAR in package: com.google.android.calendar at: Binary XML file line #35
05-12 16:27:50.160  3334  3334 W PackageParser: Ignoring duplicate uses-permissions/uses-permissions-sdk-m: android.permission.WRITE_CALENDAR in package: com.google.android.calendar at: Binary XML file line #36
05-12 16:27:50.189  3334  3334 D PackageParser: hasDomainURLs:true for package:com.google.android.calendar
05-12 16:27:50.282  3334  3334 D PackageParser: hasDomainURLs:true for package:com.android.chrome
05-12 16:27:50.283  3334  3334 I PackageManager: Package com.android.chrome at /system/app/Chrome ignored: updated version 2311111 better than this 2272096
05-12 16:27:50.283  3334  3334 W PackageManager: Failed to parse /system/app/Chrome: null
05-12 16:27:50.308  3334  3334 D PackageParser: hasDomainURLs:true for package:com.google.android.apps.cloudprint
05-12 16:27:50.487  3334  3334 D PackageParser: hasDomainURLs:true for package:com.google.android.apps.docs
05-12 16:27:50.488  3334  3334 I PackageManager: Package com.google.android.apps.docs at /system/app/Drive ignored: updated version 51810135 better than this 50832235
05-12 16:27:50.488  3334  3334 W PackageManager: Failed to parse /system/app/Drive: null
05-12 16:27:50.497  3334  3334 I PackageManager: Package com.google.android.apps.docs.editors.docs at /system/app/EditorsDocsStub ignored: updated version 51820235 better than this 1
05-12 16:27:50.497  3334  3334 W PackageManager: Failed to parse /system/app/EditorsDocsStub: null
05-12 16:27:50.507  3334  3334 I PackageManager: Package com.google.android.apps.docs.editors.sheets at /system/app/EditorsSheetsStub ignored: updated version 51720235 better than this 1
05-12 16:27:50.507  3334  3334 W PackageManager: Failed to parse /system/app/EditorsSheetsStub: null
05-12 16:27:50.516  3334  3334 I PackageManager: Package com.google.android.apps.docs.editors.slides at /system/app/EditorsSlidesStub ignored: updated version 51820235 better than this 1
05-12 16:27:50.517  3334  3334 W PackageManager: Failed to parse /system/app/EditorsSlidesStub: null
05-12 16:27:50.767  3334  3334 W PackageManager: Failed to parse /system/app/ExactCalculator: Application package com.android.calculator2 already installed.  Skipping duplicate.
05-12 16:27:50.801  3334  3334 W PackageParser: No actions in intent filter at /system/app/FitnessPrebuilt/FitnessPrebuilt.apk Binary XML file line #73
05-12 16:27:50.812  3334  3334 D PackageParser: hasDomainURLs:true for package:com.google.android.apps.fitness
05-12 16:27:50.931  3334  3334 W PackageParser: Unknown element under <manifest>: supports-gl-texture at /system/app/GoogleEarth/GoogleEarth.apk Binary XML file line #25
05-12 16:27:50.941  3334  3334 D PackageParser: hasDomainURLs:true for package:com.google.earth
05-12 16:27:51.049  3334  3334 I PackageManager: Package com.google.android.tts at /system/app/GoogleTTS ignored: updated version 210305010 better than this 210304060
05-12 16:27:51.050  3334  3334 W PackageManager: Failed to parse /system/app/GoogleTTS: null
05-12 16:27:51.134  3334  3334 D PackageParser: hasDomainURLs:true for package:com.google.android.inputmethod.latin
05-12 16:27:51.205  3334  3334 W PackageParser: Ignoring duplicate uses-permissions/uses-permissions-sdk-m: android.permission.WAKE_LOCK in package: com.google.android.apps.maps at: Binary XML file line #88
05-12 16:27:51.548  3334  3334 D PackageParser: hasDomainURLs:true for package:com.google.android.apps.maps
05-12 16:27:51.549  3334  3334 I PackageManager: Package com.google.android.apps.maps at /system/app/Maps ignored: updated version 907100124 better than this 903008024
05-12 16:27:51.549  3334  3334 W PackageManager: Failed to parse /system/app/Maps: null
05-12 16:27:51.639  3334  3334 D PackageParser: hasDomainURLs:true for package:com.google.android.music
05-12 16:27:51.707  3334  3334 D PackageParser: hasDomainURLs:true for package:com.google.android.apps.magazines
05-12 16:27:51.739  3334  3334 W PackageParser: Ignoring duplicate uses-permissions/uses-permissions-sdk-m: android.permission.CHANGE_WIFI_STATE in package: com.android.nfc at: Binary XML file line #47
05-12 16:27:51.739  3334  3334 W PackageParser: Ignoring duplicate uses-permissions/uses-permissions-sdk-m: android.permission.ACCESS_WIFI_STATE in package: com.android.nfc at: Binary XML file line #48
05-12 16:27:51.771  3334  3334 W PackageParser: No actions in intent filter at /system/app/OmaDmclient/OmaDmclient.apk Binary XML file line #31
05-12 16:27:51.772  3334  3334 W PackageParser: No actions in intent filter at /system/app/OmaDmclient/OmaDmclient.apk Binary XML file line #41
05-12 16:27:51.787  3334  3334 W PackageParser: Ignoring duplicate uses-permissions/uses-permissions-sdk-m: android.permission.ACCESS_NETWORK_STATE in package: com.redbend.vdmc at: Binary XML file line #301
05-12 16:27:51.791  3334  3334 W PackageParser: Ignoring duplicate uses-permissions/uses-permissions-sdk-m: android.permission.SYSTEM_ALERT_WINDOW in package: com.redbend.vdmc at: Binary XML file line #331
05-12 16:27:51.875  3334  3334 W PackageParser: Unknown element under <activity-alias>: category at /system/app/Photos/Photos.apk Binary XML file line #84
05-12 16:27:52.100  3334  3334 D PackageParser: hasDomainURLs:true for package:com.google.android.apps.plus
05-12 16:27:52.101  3334  3334 I PackageManager: Package com.google.android.apps.plus at /system/app/PlusOne ignored: updated version 413873313 better than this 413801691
05-12 16:27:52.102  3334  3334 W PackageManager: Failed to parse /system/app/PlusOne: null
05-12 16:27:52.157  3334  3334 W PackageParser: Ignoring duplicate uses-permissions/uses-permissions-sdk-m: android.permission.WRITE_CONTACTS in package: com.google.android.email at: Binary XML file line #34
05-12 16:27:52.350  3334  3334 D PackageParser: hasDomainURLs:true for package:com.google.android.keep
05-12 16:27:52.351  3334  3334 I PackageManager: Package com.google.android.keep at /system/app/PrebuiltKeep ignored: updated version 3119 better than this 3003
05-12 16:27:52.351  3334  3334 W PackageManager: Failed to parse /system/app/PrebuiltKeep: null
05-12 16:27:52.447  3334  3334 W PackageParser: Ignoring duplicate uses-permissions/uses-permissions-sdk-m: android.permission.WRITE_SETTINGS in package: com.lge.SprintHiddenMenu at: Binary XML file line #32
05-12 16:27:52.449  3334  3334 W PackageParser: Ignoring duplicate uses-permissions/uses-permissions-sdk-m: android.permission.WRITE_SECURE_SETTINGS in package: com.lge.SprintHiddenMenu at: Binary XML file line #33
05-12 16:27:52.627  3334  3334 D PackageParser: hasDomainURLs:true for package:com.google.android.videos
05-12 16:27:52.703  3334  3334 D PackageParser: hasDomainURLs:true for package:com.google.android.youtube
05-12 16:27:52.703  3334  3334 I PackageManager: Package com.google.android.youtube at /system/app/YouTube ignored: updated version 101456134 better than this 101155130
05-12 16:27:52.704  3334  3334 W PackageManager: Failed to parse /system/app/YouTube: null
05-12 16:27:52.753  3334  3334 W PackageParser: Unknown element under <application>: uses-permission at /system/app/shutdownlistener/shutdownlistener.apk Binary XML file line #11
05-12 16:27:52.778  3334  3334 I PackageManager: Package com.google.android.marvin.talkback at /system/app/talkback ignored: updated version 40200003 better than this 40100004
05-12 16:27:52.779  3334  3334 W PackageManager: Failed to parse /system/app/talkback: null
05-12 16:27:53.317  3334  3334 D PackageParser: hasDomainURLs:true for package:com.android.vending
05-12 16:27:53.840  3334  3334 W PackageParser: Ignoring duplicate uses-permissions/uses-permissions-sdk-m: android.permission.WAKE_LOCK in package: com.google.android.apps.maps at: Binary XML file line #92
05-12 16:27:54.543  3334  3334 D PackageParser: hasDomainURLs:true for package:com.google.android.apps.maps
05-12 16:27:55.055  3334  3334 D PackageParser: hasDomainURLs:true for package:com.google.android.youtube
05-12 16:27:55.636  3334  3334 D PackageParser: hasDomainURLs:true for package:com.google.android.apps.docs
05-12 16:27:56.235  3334  3334 D PackageParser: hasDomainURLs:true for package:com.google.android.apps.walletnfcrel
05-12 16:27:57.482  3334  3334 D PackageParser: hasDomainURLs:true for package:com.android.chrome
05-12 16:27:59.188  3334  3334 D PackageParser: hasDomainURLs:true for package:com.google.android.keep
05-12 16:27:59.918  3334  3334 D PackageParser: hasDomainURLs:true for package:com.google.android.apps.docs.editors.docs
05-12 16:28:00.872  3334  3334 D PackageParser: hasDomainURLs:true for package:com.google.android.apps.docs.editors.sheets
05-12 16:28:01.973  3334  3334 D PackageParser: hasDomainURLs:true for package:com.google.android.apps.docs.editors.slides
05-12 16:28:02.954  3334  3334 W PackageParser: Ignoring duplicate uses-permissions/uses-permissions-sdk-m: android.permission.GET_ACCOUNTS in package: com.google.android.talk at: Binary XML file line #91
05-12 16:28:02.955  3334  3334 W PackageParser: Ignoring duplicate uses-permissions/uses-permissions-sdk-m: android.permission.INTERNET in package: com.google.android.talk at: Binary XML file line #92
05-12 16:28:02.956  3334  3334 W PackageParser: Ignoring duplicate uses-permissions/uses-permissions-sdk-m: android.permission.USE_CREDENTIALS in package: com.google.android.talk at: Binary XML file line #95
05-12 16:28:02.957  3334  3334 W PackageParser: Ignoring duplicate uses-permissions/uses-permissions-sdk-m: android.permission.ACCESS_NETWORK_STATE in package: com.google.android.talk at: Binary XML file line #97
05-12 16:28:03.088  3334  3334 D PackageParser: hasDomainURLs:true for package:com.google.android.talk
05-12 16:28:04.013  3334  3334 D PackageParser: hasDomainURLs:true for package:com.google.android.apps.books
05-12 16:28:04.819  3334  3334 D PackageParser: hasDomainURLs:true for package:com.google.android.apps.plus
05-12 16:28:05.643  3334  3334 W PackageManager: Package com.google.android.gms desires unavailable shared library com.google.android.ble; ignoring!
05-12 16:28:05.645  3334  3334 W PackageManager: Package com.google.android.GoogleCamera desires unavailable shared library com.google.android.gestureservice; ignoring!
05-12 16:28:05.646  3334  3334 I PackageManager: Adjusting ABI for : com.google.android.syncadapters.contacts to armeabi-v7a
05-12 16:28:05.647  3334  3334 I PackageManager: Adjusting ABI for : com.google.android.gsf to armeabi-v7a
05-12 16:28:05.649  3334  3334 I PackageManager: Adjusting ABI for : com.google.android.gsf.login to armeabi-v7a
05-12 16:28:05.650  3334  3334 I PackageManager: Adjusting ABI for : com.google.android.backuptransport to armeabi-v7a
05-12 16:28:05.651  3334  3334 I PackageManager: Adjusting ABI for : com.android.settings to armeabi-v7a
05-12 16:28:05.652  3334  3334 I PackageManager: Adjusting ABI for : com.android.providers.settings to armeabi-v7a
05-12 16:28:05.654  3334  3334 I PackageManager: Adjusting ABI for : com.android.location.fused to armeabi-v7a
05-12 16:28:05.655  3334  3334 I PackageManager: Adjusting ABI for : com.lge.SprintHiddenMenu to armeabi-v7a
05-12 16:28:05.657  3334  3334 I PackageManager: Adjusting ABI for : com.android.keychain to armeabi-v7a
05-12 16:28:05.658  3334  3334 I PackageManager: Adjusting ABI for : com.android.server.telecom to armeabi-v7a
05-12 16:28:05.659  3334  3334 I PackageManager: Adjusting ABI for : com.android.inputdevices to armeabi-v7a
05-12 16:28:05.709  3334  3334 I PackageManager: Time to scan packages: 18.132 seconds
05-12 16:28:05.713  3334  3334 W PackageManager: Not granting permission android.permission.MANAGE_DOCUMENTS to package com.google.android.youtube (protectionLevel=2 flags=0x18183ec5)
05-12 16:28:06.191  3334  3334 W PackageManager: Unknown permission com.google.android.voicesearch.SHORTCUTS_ACCESS in package com.google.android.googlequicksearchbox
05-12 16:28:06.191  3334  3334 W PackageManager: Unknown permission com.google.android.voicesearch.ACCESS_SETTINGS in package com.google.android.googlequicksearchbox
05-12 16:28:06.192  3334  3334 W PackageManager: Unknown permission com.android.browser.permission.PRELOAD in package com.google.android.googlequicksearchbox
05-12 16:28:06.193  3334  3334 W PackageManager: Unknown permission com.google.android.apps.googlevoice.permission.AUTO_SEND in package com.google.android.googlequicksearchbox
05-12 16:28:06.194  3334  3334 W PackageManager: Unknown permission com.android.chrome.PRERENDER_URL in package com.google.android.googlequicksearchbox
05-12 16:28:06.667  3334  3334 W PackageManager: Unknown permission android.permission.WRITE_SYNC_STATS in package com.google.android.apps.docs.editors.docs
05-12 16:28:06.668  3334  3334 W PackageManager: Not granting permission com.google.android.gm.permission.READ_GMAIL to package com.google.android.apps.docs.editors.docs (protectionLevel=2 flags=0x1818bec5)
05-12 16:28:06.668  3334  3334 W PackageManager: Not granting permission com.google.android.googleapps.permission.GOOGLE_AUTH.ALL_SERVICES to package com.google.android.apps.docs.editors.docs (protectionLevel=2 flags=0x1818bec5)
05-12 16:28:06.669  3334  3334 W PackageManager: Unknown permission com.android.launcher.permission.READ_SETTINGS in package com.google.android.onetimeinitializer
05-12 16:28:06.669  3334  3334 W PackageManager: Unknown permission com.android.launcher.permission.WRITE_SETTINGS in package com.google.android.onetimeinitializer
05-12 16:28:06.671  3334  3334 W PackageManager: Not granting permission android.permission.WRITE_SECURE_SETTINGS to package com.google.android.apps.enterprise.dmagent (protectionLevel=50 flags=0x18083e05)
05-12 16:28:06.671  3334  3334 W PackageManager: Not granting permission android.permission.CONNECTIVITY_INTERNAL to package com.google.android.apps.enterprise.dmagent (protectionLevel=18 flags=0x18083e05)
05-12 16:28:06.671  3334  3334 W PackageManager: Not granting permission android.permission.MANAGE_USB to package com.google.android.apps.enterprise.dmagent (protectionLevel=18 flags=0x18083e05)
05-12 16:28:06.671  3334  3334 W PackageManager: Not granting permission android.permission.CHANGE_COMPONENT_ENABLED_STATE to package com.google.android.apps.enterprise.dmagent (protectionLevel=18 flags=0x18083e05)
05-12 16:28:06.672  3334  3334 W PackageManager: Not granting permission android.permission.MANAGE_CA_CERTIFICATES to package com.google.android.apps.enterprise.dmagent (protectionLevel=18 flags=0x18083e05)
05-12 16:28:06.672  3334  3334 W PackageManager: Not granting permission android.permission.MANAGE_USERS to package com.google.android.apps.enterprise.dmagent (protectionLevel=18 flags=0x18083e05)
05-12 16:28:07.140  3334  3334 W PackageManager: Unknown permission android.permission.WRITE_SYNC_STATS in package com.google.android.apps.docs.editors.sheets
05-12 16:28:07.141  3334  3334 W PackageManager: Not granting permission com.google.android.gm.permission.READ_GMAIL to package com.google.android.apps.docs.editors.sheets (protectionLevel=2 flags=0x1818bec5)
05-12 16:28:07.141  3334  3334 W PackageManager: Not granting permission com.google.android.googleapps.permission.GOOGLE_AUTH.ALL_SERVICES to package com.google.android.apps.docs.editors.sheets (protectionLevel=2 flags=0x1818bec5)
05-12 16:28:07.142  3334  3334 W PackageManager: Unknown permission android.permission.WRITE_SYNC_STATS in package com.google.android.apps.docs.editors.slides
05-12 16:28:07.143  3334  3334 W PackageManager: Not granting permission com.google.android.gm.permission.READ_GMAIL to package com.google.android.apps.docs.editors.slides (protectionLevel=2 flags=0x18583ec5)
05-12 16:28:07.143  3334  3334 W PackageManager: Not granting permission com.google.android.googleapps.permission.GOOGLE_AUTH.ALL_SERVICES to package com.google.android.apps.docs.editors.slides (protectionLevel=2 flags=0x18583ec5)
05-12 16:28:08.530  3334  3334 W PackageManager: Not granting permission android.permission.SEND_DOWNLOAD_COMPLETED_INTENTS to package com.android.vending (protectionLevel=2 flags=0x180abec5)
05-12 16:28:08.531  3334  3334 W PackageManager: Unknown permission android.permission.SEND_SMS_NO_CONFIRMATION in package com.android.vending
05-12 16:28:08.990  3334  3334 W PackageManager: Unknown permission com.sprint.internal.permission.SYSTEMPROPERTIES in package com.lge.SprintHiddenMenu
05-12 16:28:08.991  3334  3334 W PackageManager: Unknown permission com.sprint.internal.permission.SYSTEMPROPERTIES_WRITE in package com.lge.SprintHiddenMenu
05-12 16:28:08.991  3334  3334 W PackageManager: Unknown permission com.sprint.internal.permission.CONNECTIONMANAGER in package com.lge.SprintHiddenMenu
05-12 16:28:08.991  3334  3334 W PackageManager: Unknown permission com.sprint.internal.permission.PLATFORM in package com.lge.SprintHiddenMenu
05-12 16:28:08.992  3334  3334 W PackageManager: Unknown permission com.sprint.internal.permission.OMADM in package com.lge.SprintHiddenMenu
05-12 16:28:08.992  3334  3334 W PackageManager: Unknown permission android.permission.FACTORY in package com.lge.SprintHiddenMenu
05-12 16:28:08.992  3334  3334 W PackageManager: Unknown permission com.lge.permission.LGHIDDEN in package com.lge.SprintHiddenMenu
05-12 16:28:08.993  3334  3334 W PackageManager: Unknown permission android.permission.MMS_PUSH in package com.lge.SprintHiddenMenu
05-12 16:28:10.428  3334  3334 W PackageManager: Unknown permission android.permission.NFC_UNLOCK in package com.android.nfc
05-12 16:28:10.890  3334  3334 W PackageManager: Unknown permission com.android.launcher.permission.READ_SETTINGS in package com.google.android.launcher
05-12 16:28:10.890  3334  3334 W PackageManager: Unknown permission com.android.launcher.permission.WRITE_SETTINGS in package com.google.android.launcher
05-12 16:28:10.891  3334  3334 W PackageManager: Not granting permission android.permission.DEVICE_POWER to package com.google.android.deskclock (protectionLevel=2 flags=0x1848be45)
05-12 16:28:11.359  3334  3334 W PackageManager: Unknown permission android.permission.READ_OWNER_DATA in package com.google.android.setupwizard
05-12 16:28:11.360  3334  3334 W PackageManager: Unknown permission android.permission.WRITE_OWNER_DATA in package com.google.android.setupwizard
05-12 16:28:11.830  3334  3334 W PackageManager: Not granting permission android.permission.DUMP to package com.google.android.volta (protectionLevel=50 flags=0x10083e44)
05-12 16:28:11.830  3334  3334 W PackageManager: Not granting permission android.permission.BATTERY_STATS to package com.google.android.volta (protectionLevel=50 flags=0x10083e44)
05-12 16:28:11.830  3334  3334 W PackageManager: Not granting permission android.permission.READ_LOGS to package com.google.android.volta (protectionLevel=50 flags=0x10083e44)
05-12 16:28:11.833  3334  3334 W PackageManager: Unknown permission com.sprint.internal.permission.SYSTEMPROPERTIES in package com.redbend.vdmc
05-12 16:28:11.834  3334  3334 W PackageManager: Unknown permission com.sprint.internal.permission.SYSTEMPROPERTIES_WRITE in package com.redbend.vdmc
05-12 16:28:11.834  3334  3334 W PackageManager: Unknown permission com.sprint.internal.permission.CONNECTIONMANAGER in package com.redbend.vdmc
05-12 16:28:11.834  3334  3334 W PackageManager: Unknown permission com.sprint.internal.permission.PLATFORM in package com.redbend.vdmc
05-12 16:28:12.298  3334  3334 W PackageManager: Unknown permission android.permission.WRITE_SYNC_STATS in package com.google.android.apps.docs
05-12 16:28:12.302  3334  3334 W PackageManager: Unknown permission com.google.android.gallery3d.permission.PICASA_STORE in package com.google.android.apps.plus
05-12 16:28:13.699  3334  3334 W PackageManager: Unknown permission com.google.android.gms.permission.CONTACTS_SYNC_DELEGATION in package com.google.android.syncadapters.contacts
05-12 16:28:14.162  3334  3334 W PackageManager: Unknown permission com.chrome.permission.DEVICE_EXTRAS in package com.android.chrome
05-12 16:28:14.162  3334  3334 W PackageManager: Unknown permission com.sec.enterprise.knox.MDM_CONTENT_PROVIDER in package com.android.chrome
05-12 16:28:14.171  3334  3334 W PackageManager: Unknown permission com.google.android.wearable.READ_SETTINGS in package com.google.android.gms
05-12 16:28:14.172  3334  3334 W PackageManager: Not granting permission android.permission.MANAGE_DOCUMENTS to package com.google.android.gms (protectionLevel=2 flags=0x98483e45)
05-12 16:28:15.124  3334  3334 W PackageManager: Unknown permission com.android.launcher.permission.PRELOAD_WORKSPACE in package com.google.android.partnersetup
05-12 16:28:16.980  3334  3334 W PackageManager: Unknown permission com.google.android.gallery3d.permission.PICASA_STORE in package com.google.android.apps.photos
05-12 16:28:16.980  3334  3334 W PackageManager: Not granting permission com.google.android.hangouts.START_HANGOUT to package com.google.android.apps.photos (protectionLevel=2 flags=0x18083e45)
05-12 16:28:16.980  3334  3334 W PackageManager: Not granting permission com.google.googlenav.friend.permission.OPT_IN to package com.google.android.apps.photos (protectionLevel=2 flags=0x18083e45)
05-12 16:28:17.451  3334  3334 W PackageManager: Not granting permission android.permission.CONTROL_KEYGUARD to package com.google.android.gsf.login (protectionLevel=2 flags=0x1848be45)
05-12 16:28:17.459  3334  3334 W PackageManager: Unknown permission com.android.vending.billing.IBillingAccountService.BIND2 in package com.google.android.gsf.login
05-12 16:28:18.383  3334  3334 W PackageManager: Unknown permission com.android.launcher.permission.READ_SETTINGS in package com.android.settings
05-12 16:28:18.383  3334  3334 W PackageManager: Unknown permission com.android.launcher.permission.WRITE_SETTINGS in package com.android.settings
05-12 16:28:18.861  3334  3334 W PackageManager: Unknown permission com.android.smspush.WAPPUSH_MANAGER_BIND in package com.android.phone
05-12 16:28:21.224  3334  3334 W PackageManager: Unknown permission com.android.gallery3d.permission.GALLERY_PROVIDER in package com.android.bluetooth
05-12 16:28:23.491  3334  3334 W PackageManager: Not granting permission android.permission.BIND_WALLPAPER to package com.google.android.GoogleCamera (protectionLevel=18 flags=0x18583c45)
05-12 16:28:23.494  3334  3334 D PackageManager: Start priming domain verifications
05-12 16:28:23.496  3334  3334 D PackageManager: Setting domains to existing IntentFilterVerificationInfo for packageName: com.google.android.youtube and with domains: youtu.be m.youtube.com youtube.com www.youtube.com
05-12 16:28:23.496  3334  3334 D PackageManager: Priming domain verifications for package: com.google.android.youtube with hosts:youtu.be m.youtube.com youtube.com www.youtube.com
05-12 16:28:23.499  3334  3334 D PackageManager: Setting domains to existing IntentFilterVerificationInfo for packageName: com.google.android.apps.docs.editors.docs and with domains: docs.google.com
05-12 16:28:23.499  3334  3334 D PackageManager: Priming domain verifications for package: com.google.android.apps.docs.editors.docs with hosts:docs.google.com
05-12 16:28:23.501  3334  3334 D PackageManager: Setting domains to existing IntentFilterVerificationInfo for packageName: com.google.android.apps.docs.editors.sheets and with domains: docs.google.com spreadsheets.google.com
05-12 16:28:23.501  3334  3334 D PackageManager: Priming domain verifications for package: com.google.android.apps.docs.editors.sheets with hosts:docs.google.com spreadsheets.google.com
05-12 16:28:23.503  3334  3334 D PackageManager: Setting domains to existing IntentFilterVerificationInfo for packageName: com.google.android.apps.docs.editors.slides and with domains: docs.google.com
05-12 16:28:23.503  3334  3334 D PackageManager: Priming domain verifications for package: com.google.android.apps.docs.editors.slides with hosts:docs.google.com
05-12 16:28:23.506  3334  3334 D PackageManager: Setting domains to existing IntentFilterVerificationInfo for packageName: com.android.vending and with domains: search play.google.com market.android.com
05-12 16:28:23.506  3334  3334 D PackageManager: Priming domain verifications for package: com.android.vending with hosts:search play.google.com market.android.com
05-12 16:28:23.507  3334  3334 D PackageManager: Setting domains to existing IntentFilterVerificationInfo for packageName: com.google.android.setupwizard and with domains: *
05-12 16:28:23.507  3334  3334 D PackageManager: Priming domain verifications for package: com.google.android.setupwizard with hosts:*
05-12 16:28:23.509  3334  3334 D PackageManager: Setting domains to existing IntentFilterVerificationInfo for packageName: com.google.android.music and with domains: music.google.com play.google.com
05-12 16:28:23.509  3334  3334 D PackageManager: Priming domain verifications for package: com.google.android.music with hosts:music.google.com play.google.com
05-12 16:28:23.512  3334  3334 D PackageManager: Setting domains to existing IntentFilterVerificationInfo for packageName: com.google.android.apps.cloudprint and with domains: google.com www.google.com www.cloudprint.sandbox.google.com www.cloudprint-nightly.sandbox.google.com cloudprint.sandbox.google.com cloudprint-nightly.sandbox.google.com
05-12 16:28:23.512  3334  3334 D PackageManager: Priming domain verifications for package: com.google.android.apps.cloudprint with hosts:google.com www.google.com www.cloudprint.sandbox.google.com www.cloudprint-nightly.sandbox.google.com cloudprint.sandbox.google.com cloudprint-nightly.sandbox.google.com
05-12 16:28:23.515  3334  3334 D PackageManager: Setting domains to existing IntentFilterVerificationInfo for packageName: com.google.android.apps.docs and with domains: * docs.google.com drive.google.com spreadsheets.google.com
05-12 16:28:23.516  3334  3334 D PackageManager: Priming domain verifications for package: com.google.android.apps.docs with hosts:* docs.google.com drive.google.com spreadsheets.google.com
