05-12 16:57:03.253  2641 11857 D DrmWidevineDash: tz api version =  9
05-12 16:57:03.253  2641 11857 D DrmWidevineDash: OEMCrypto_APIVersion: ends! returns version 9
05-12 16:57:03.253  2641 11857 D DrmWidevineDash: OEMCrypto_IsKeyboxValid: starts!
05-12 16:57:03.263  2641 11857 D DrmWidevineDash: OEMCrypto_IsKeyboxValid: ends! returns 0
05-12 16:57:03.263  2641 11857 D WVCdm   : OEMCrypto_Initialize Level 1 success. I will use level 1.
05-12 16:57:03.263  2641 11857 D DrmWidevineDash: OEMCrypto_OpenSession: starts! SID=0xaf873154
05-12 16:57:03.269  2641 11857 D DrmWidevineDash: OEMCrypto_OpenSession SID = 1
05-12 16:57:03.269  2641 11857 D DrmWidevineDash: OEMCrypto_OpenSession: ends! returns 0
05-12 16:57:03.269  2641 11857 D DrmWidevineDash: OEMCrypto_GetRandom: starts! randomData=0xb283a328, dataLength=8
05-12 16:57:03.274  2641 11857 D DrmWidevineDash: OEMCrypto_GetRandom: ends! returns 0
05-12 16:57:03.275  2641 11857 D DrmWidevineDash: OEMCrypto_LoadDeviceRSAKey: starts!SID=1, wrapped_rsa_key=0xb60a1400, wrapped_rsa_key_length=1280
05-12 16:57:03.284  2641 11857 D DrmWidevineDash: OEMCrypto_LoadDeviceRSAKey: ends! returns 0
05-12 16:57:03.284  2641 11857 I WVCdm   : CdmEngine::QueryKeyControlInfo
05-12 16:57:03.285  2641  3962 W WVCdm   : BufferReader::Read<T> : Failure during parse: Not enough bytes (4)
05-12 16:57:03.285  2641  3962 W WVCdm   : CdmEngine::ExtractWidevinePssh: Unable to read atom size.
05-12 16:57:03.285  2641  3962 I WVCdm   : CdmEngine::GenerateKeyRequest
05-12 16:57:03.285  2641  3962 D DrmWidevineDash: OEMCrypto_GetDeviceID: starts! deviceID=0xb2f96660, idLength=0xb4c08f4c
05-12 16:57:03.297  2641  3962 D DrmWidevineDash: OEMCrypto_GetDeviceID: ends! returns 0
05-12 16:57:03.297  2641  3962 D DrmWidevineDash: OEMCrypto_SupportsUsageTable: starts!
05-12 16:57:03.304  2641  3962 D DrmWidevineDash: OEMCrypto_SupportsUsageTable: is_supported = 1
05-12 16:57:03.304  2641  3962 D DrmWidevineDash: OEMCrypto_SupportsUsageTable: wv_app_version = 21
05-12 16:57:03.304  2641  3962 D DrmWidevineDash: OEMCrypto_SupportsUsageTable: ends! returns 0x0
05-12 16:57:03.304  2641  3962 D DrmWidevineDash: OEMCrypto_APIVersion: starts!
05-12 16:57:03.310 18600 18600 D WearableService: callingUid 1010009, callindPid: 18600
05-12 16:57:03.311  2641  3962 D DrmWidevineDash: hlos api version =  9
05-12 16:57:03.311  2641  3962 D DrmWidevineDash: tz api version =  9
05-12 16:57:03.311  2641  3962 D DrmWidevineDash: OEMCrypto_APIVersion: ends! returns version 9
05-12 16:57:03.311  2641  3962 D DrmWidevineDash: OEMCrypto_GetHDCPCapability: starts!
05-12 16:57:03.317  2641  3962 D DrmWidevineDash: OEMCrypto_GetHDCPCapability: ends! returns 0x0
05-12 16:57:03.317  2641  3962 D DrmWidevineDash: OEMCrypto_GenerateNonce: starts! SID=1
05-12 16:57:03.322  2641  3962 D DrmWidevineDash: OEMCrypto_GenerateNonce: ends! returns 0
05-12 16:57:03.323  2641  3962 D WVCdm   : PrepareKeyRequest: nonce=3426572748
05-12 16:57:03.323  2641  3962 D DrmWidevineDash: OEMCrypto_GenerateRSASignature starts! SID=1, message=0xb60ac000
05-12 16:57:03.323  2641  3962 D DrmWidevineDash: message_length=1640, signature=0xb60fa840, signature_length=3032518692
05-12 16:57:03.333  6159  7990 E MDM     : [356] b.run: Couldn't connect to Google API client: ConnectionResult{statusCode=API_UNAVAILABLE, resolution=null}
05-12 16:57:03.404  2641  3962 D DrmWidevineDash: OEMCrypto_GenerateRSASignature returns 0
05-12 16:57:03.404  2641 16554 I WVCdm   : CdmEngine::CloseSession
05-12 16:57:03.404  2641 16554 D DrmWidevineDash: OEMCrypto_CloseSession: starts! SID=1
05-12 16:57:03.410  2641 16554 D DrmWidevineDash: OEMCrypto_CloseSession: ends! returns 0
05-12 16:57:03.410  2641 16554 D DrmWidevineDash: OEMCrypto_Terminate: starts!
05-12 16:57:03.415  2641 16554 D DrmWidevineDash: Service_Uninitialize: starts!
05-12 16:57:03.415  2641 16554 D QSEECOMAPI: : QSEECom_dealloc_memory
05-12 16:57:03.415  2641 16554 D QSEECOMAPI: : QSEECom_shutdown_app, app_id = 3
05-12 16:57:03.416  2641 16554 D DrmWidevineDash: Service_Uninitialize: ends! returns 0x0
05-12 16:57:03.416  2641 16554 D DrmWidevineDash: OEMCrypto_Terminate: ends! returns 0
05-12 16:57:03.799  2641 16554 I WVCdm   : CdmEngine::OpenSession
05-12 16:57:03.799  2641 16554 I WVCdm   : Level3 Library May  1 2015 15:45:12
05-12 16:57:03.802  2641 16554 W WVCdm   : Could not read /data/mediadrm/IDM1013/ay64.dat2: No such file or directory
05-12 16:57:03.803  2641 16554 D DrmWidevineDash: OEMCrypto_Initialize: starts! g_qsee_apps_version = 0x11
05-12 16:57:03.803  2641 16554 D DrmWidevineDash: Service_Initialize: starts!
05-12 16:57:03.803  2641 16554 D QSEECOMAPI: : QSEECom_get_handle sb_length = 0x19000
05-12 16:57:03.803  2641 16554 D QSEECOMAPI: : App is not loaded in QSEE
05-12 16:57:03.815  2641 16554 D QSEECOMAPI: : Loaded image: APP id = 3
05-12 16:57:03.815  2641 16554 D DrmWidevineDash: Service_Initialize: ends! returns 0
05-12 16:57:03.815  2641 16554 D DrmWidevineDash: OEMCrypto_Initialize sion_buffer g_wv_fhandle->ion_sbuffer  0x0xb30d4000
05-12 16:57:03.815  2641 16554 E DrmWidevineDash: sion_buffer g_wv_fhandle->ion_sbuffer  0x0xb30d4000
05-12 16:57:03.823  2641 16554 D DrmWidevineDash: OEMCrypto_Initialize: ends! returns 0
05-12 16:57:03.823  2641 16554 D DrmWidevineDash: OEMCrypto_APIVersion: starts!
05-12 16:57:03.828  2641 16554 D DrmWidevineDash: hlos api version =  9
05-12 16:57:03.828  2641 16554 D DrmWidevineDash: tz api version =  9
05-12 16:57:03.829  2641 16554 D DrmWidevineDash: OEMCrypto_APIVersion: ends! returns version 9
05-12 16:57:03.829  2641 16554 D DrmWidevineDash: OEMCrypto_IsKeyboxValid: starts!
05-12 16:57:03.838  2641 16554 D DrmWidevineDash: OEMCrypto_IsKeyboxValid: ends! returns 0
05-12 16:57:03.838  2641 16554 D WVCdm   : OEMCrypto_Initialize Level 1 success. I will use level 1.
05-12 16:57:03.838  2641 16554 D DrmWidevineDash: OEMCrypto_OpenSession: starts! SID=0xaed7c154
05-12 16:57:03.844  2641 16554 D DrmWidevineDash: OEMCrypto_OpenSession SID = 1
05-12 16:57:03.844  2641 16554 D DrmWidevineDash: OEMCrypto_OpenSession: ends! returns 0
05-12 16:57:03.844  2641 16554 D DrmWidevineDash: OEMCrypto_GetRandom: starts! randomData=0xb283a328, dataLength=8
05-12 16:57:03.849  2641 16554 D DrmWidevineDash: OEMCrypto_GetRandom: ends! returns 0
05-12 16:57:03.849  2641 16554 D DrmWidevineDash: OEMCrypto_LoadDeviceRSAKey: starts!SID=1, wrapped_rsa_key=0xb3275c00, wrapped_rsa_key_length=1280
05-12 16:57:03.858  2641 16554 D DrmWidevineDash: OEMCrypto_LoadDeviceRSAKey: ends! returns 0
05-12 16:57:03.858  2641 16554 I WVCdm   : CdmEngine::QueryKeyControlInfo
05-12 16:57:03.861  2641 15037 W WVCdm   : BufferReader::Read<T> : Failure during parse: Not enough bytes (4)
05-12 16:57:03.861  2641 15037 W WVCdm   : CdmEngine::ExtractWidevinePssh: Unable to read atom size.
05-12 16:57:03.861  2641 15037 I WVCdm   : CdmEngine::GenerateKeyRequest
05-12 16:57:03.861  2641 15037 D DrmWidevineDash: OEMCrypto_GetDeviceID: starts! deviceID=0xb5f3e280, idLength=0xaef7af4c
05-12 16:57:03.873  2641 15037 D DrmWidevineDash: OEMCrypto_GetDeviceID: ends! returns 0
05-12 16:57:03.873  2641 15037 D DrmWidevineDash: OEMCrypto_SupportsUsageTable: starts!
05-12 16:57:03.879  2641 15037 D DrmWidevineDash: OEMCrypto_SupportsUsageTable: is_supported = 1
05-12 16:57:03.879  2641 15037 D DrmWidevineDash: OEMCrypto_SupportsUsageTable: wv_app_version = 21
05-12 16:57:03.879  2641 15037 D DrmWidevineDash: OEMCrypto_SupportsUsageTable: ends! returns 0x0
05-12 16:57:03.879  2641 15037 D DrmWidevineDash: OEMCrypto_APIVersion: starts!
05-12 16:57:03.886  2641 15037 D DrmWidevineDash: hlos api version =  9
05-12 16:57:03.886  2641 15037 D DrmWidevineDash: tz api version =  9
05-12 16:57:03.886  2641 15037 D DrmWidevineDash: OEMCrypto_APIVersion: ends! returns version 9
05-12 16:57:03.886  2641 15037 D DrmWidevineDash: OEMCrypto_GetHDCPCapability: starts!
05-12 16:57:03.891  2641 15037 D DrmWidevineDash: OEMCrypto_GetHDCPCapability: ends! returns 0x0
05-12 16:57:03.891  2641 15037 D DrmWidevineDash: OEMCrypto_GenerateNonce: starts! SID=1
05-12 16:57:03.896  2641 15037 D DrmWidevineDash: OEMCrypto_GenerateNonce: ends! returns 0
05-12 16:57:03.896  2641 15037 D WVCdm   : PrepareKeyRequest: nonce=3350561855
05-12 16:57:03.896  2641 15037 D DrmWidevineDash: OEMCrypto_GenerateRSASignature starts! SID=1, message=0xb60ace00
05-12 16:57:03.896  2641 15037 D DrmWidevineDash: message_length=1675, signature=0xb60fbb00, signature_length=2935468068
05-12 16:57:03.992  2641 15037 D DrmWidevineDash: OEMCrypto_GenerateRSASignature returns 0
05-12 16:57:03.992  2641  2641 I WVCdm   : CdmEngine::CloseSession
05-12 16:57:03.993  2641  2641 D DrmWidevineDash: OEMCrypto_CloseSession: starts! SID=1
05-12 16:57:03.998  2641  2641 D DrmWidevineDash: OEMCrypto_CloseSession: ends! returns 0
05-12 16:57:03.998  2641  2641 D DrmWidevineDash: OEMCrypto_Terminate: starts!
05-12 16:57:04.004  2641  2641 D DrmWidevineDash: Service_Uninitialize: starts!
05-12 16:57:04.004  2641  2641 D QSEECOMAPI: : QSEECom_dealloc_memory
05-12 16:57:04.004  2641  2641 D QSEECOMAPI: : QSEECom_shutdown_app, app_id = 3
05-12 16:57:04.004  2641  2641 D DrmWidevineDash: Service_Uninitialize: ends! returns 0x0
05-12 16:57:04.005  2641  2641 D DrmWidevineDash: OEMCrypto_Terminate: ends! returns 0
05-12 16:57:04.014 19449 19492 W art     : Method processed more than once: void com.google.android.gms.droidguard.b.m.<clinit>()
05-12 16:57:04.083 19508 19508 I dex2oat : /system/bin/dex2oat --runtime-arg -classpath --runtime-arg  --compiler-filter=interpret-only --instruction-set=arm --instruction-set-features=smp,div,atomic_ldrd_strd --debuggable --runtime-arg -Xrelocate --boot-image=/system/framework/boot.art --runtime-arg -Xms64m --runtime-arg -Xmx512m --compiler-filter=verify-at-runtime --instruction-set-variant=krait --instruction-set-features=default --dex-file=/data/user/10/com.google.android.gms/app_fb/f.apk --oat-file=/data/user/10/com.google.android.gms/app_fb/f.dex
05-12 16:57:04.130 19508 19508 I dex2oat : dex2oat took 47.807ms (threads: 4) arena alloc=0B java alloc=74KB native alloc=453KB free=826KB
05-12 16:57:04.156 19449 19492 I Adreno-EGL: <qeglDrvAPI_eglInitialize:379>: QUALCOMM Build: 01/14/15, ab0075f, Id3510ff6dc
05-12 16:57:04.309 19449 19492 W art     : Method processed more than once: java.lang.String com.google.android.gms.droidguard.n.a(byte[])
05-12 16:57:04.379  6728 19444 I CheckinRequestBuilder: Classify the device as Phone.
05-12 16:57:04.387  6728 19444 E ActivityThread: Failed to find provider info for com.google.android.wearable.settings
05-12 16:57:04.741  6728 19444 I CheckinTask: Sending checkin request (65243 bytes)
05-12 16:57:05.011 19380 19408 W art     : Method processed more than once: java.lang.String aes.d()
05-12 16:57:05.012 19380 19408 I GAV2    : Thread[GAThread,5,main]: No campaign data found.
05-12 16:57:05.697  6728 19444 I CheckinResponseProcessor: From server: 1031 gservices [full]
05-12 16:57:06.102  6045  6976 I GservicesProvider: main update completed
05-12 16:57:06.131  6728 19444 I CheckinRequestBuilder: Checkin reason type: 8 attempt count: 1
05-12 16:57:06.164 19233 19233 E ConfigUpdater: Received malformed URL while handling Gservices.CHANGED_ACTION intent_firewall: null null
05-12 16:57:06.197 19233 19233 E ConfigUpdater: Received malformed URL while handling Gservices.CHANGED_ACTION apn_db: null null
05-12 16:57:06.212 19233 19233 E ConfigUpdater: Received malformed URL while handling Gservices.CHANGED_ACTION tzdata: null null
05-12 16:57:06.226 19233 19233 E ConfigUpdater: Received malformed URL while handling Gservices.CHANGED_ACTION selinux: null null
05-12 16:57:06.236 19233 19233 E ConfigUpdater: Received malformed URL while handling Gservices.CHANGED_ACTION carrier_provisioning_urls: null null
05-12 16:57:06.286  6045  6977 I art     : Waiting for a blocking GC DisableMovingGc
05-12 16:57:06.286  6045  6977 I art     : Starting a blocking GC DisableMovingGc
05-12 16:57:06.726  6045  6822 I GLSUser : [GLSUser] getTokenFromCache: [account: Account {name=omakoto@google.com, type=com.google}, callingPkg: com.google.android.gms, service: AndroidCheckInServer]
05-12 16:57:06.734  6728  6728 I SystemUpdateService: receiver: Intent { act=com.google.gservices.intent.action.GSERVICES_CHANGED flg=0x10 cmp=com.google.android.gms/.update.SystemUpdateService$Receiver }
05-12 16:57:06.758  6728  6728 D SystemUpdateService: onCreate
05-12 16:57:06.781  6728  6728 D SystemUpdateService: onStartCommand: intent: Intent { cmp=com.google.android.gms/.update.SystemUpdateService (has extras) }
05-12 16:57:06.793  6728 19444 I CheckinRequestBuilder: Classify the device as Phone.
05-12 16:57:06.802  6728 19444 E ActivityThread: Failed to find provider info for com.google.android.wearable.settings
05-12 16:57:06.824  6728  6728 D SystemEventReceiver: Received GSERVICES_CHANGED broadcast
05-12 16:57:06.827  6728  6728 V FeaturePrerequisiteCheckerUtil: Build version: 22
05-12 16:57:06.827  6728  6728 V FeaturePrerequisiteCheckerUtil: Model: Nexus 5
05-12 16:57:06.827  6728  6728 V FeaturePrerequisiteCheckerUtil: CPU_ABI: armeabi-v7a
05-12 16:57:06.827  6728  6728 V FeaturePrerequisiteCheckerUtil: CPU_ABI2: armeabi
05-12 16:57:06.828  6728  6728 V FeaturePrerequisiteCheckerUtil: Camera #0 is a rear-facing camera.
05-12 16:57:06.829  6728  6728 D CreditCardPrerequisiteChecker: All prerequisites OK.
05-12 16:57:06.829  6728  6728 I OcrUtils: Updating ocr activity enabled=true
05-12 16:57:06.830  6728 19554 I SystemUpdateService: cancelUpdate (empty URL)
05-12 16:57:06.830  6728 19554 I SystemUpdateService: active receiver: disabled
05-12 16:57:06.856  6159  6159 I GCoreUlr: Starting service, intent=Intent { act=com.google.android.location.reporting.ACTION_UPDATE_WORLD cmp=com.google.android.gms/com.google.android.location.reporting.service.DispatchingService (has extras) }, extras=Bundle[{receiverAction=com.google.gservices.intent.action.GSERVICES_CHANGED}]
05-12 16:57:06.873  6728  6728 D SystemUpdateService: onDestroy
05-12 16:57:07.036  6159  6159 I GCoreUlr: DispatchingService.onCreate()
05-12 16:57:07.167  6728 19444 I CheckinTask: Sending checkin request (60250 bytes)
05-12 16:57:07.751 19449 19458 E StrictMode: A resource was acquired at attached stack trace but never released. See java.io.Closeable for information on avoiding resource leaks.
05-12 16:57:07.751 19449 19458 E StrictMode: java.lang.Throwable: Explicit termination method 'release' not called
05-12 16:57:07.751 19449 19458 E StrictMode: 	at dalvik.system.CloseGuard.open(CloseGuard.java:180)
05-12 16:57:07.751 19449 19458 E StrictMode: 	at android.drm.DrmManagerClient.<init>(DrmManagerClient.java:258)
05-12 16:57:07.751 19449 19458 E StrictMode: 	at com.google.ccc.abuse.droidguard.DroidGuard.runNative(Native Method)
05-12 16:57:07.751 19449 19458 E StrictMode: 	at com.google.ccc.abuse.droidguard.DroidGuard.run(Unknown Source)
05-12 16:57:07.751 19449 19458 E StrictMode: 	at java.lang.reflect.Method.invoke(Native Method)
05-12 16:57:07.751 19449 19458 E StrictMode: 	at com.google.android.gms.droidguard.d.f.a(SourceFile:34)
05-12 16:57:07.751 19449 19458 E StrictMode: 	at com.google.android.gms.droidguard.d.l.a(SourceFile:71)
05-12 16:57:07.751 19449 19458 E StrictMode: 	at com.google.android.gms.droidguard.d.k.a(SourceFile:92)
05-12 16:57:07.751 19449 19458 E StrictMode: 	at com.google.android.gms.droidguard.d.k.a(SourceFile:68)
05-12 16:57:07.751 19449 19458 E StrictMode: 	at com.google.android.gms.droidguard.l.a(SourceFile:250)
05-12 16:57:07.751 19449 19458 E StrictMode: 	at com.google.android.gms.droidguard.c.t.onTransact(SourceFile:60)
05-12 16:57:07.751 19449 19458 E StrictMode: 	at android.os.Binder.execTransact(Binder.java:453)
05-12 16:57:07.815  6728 19444 I CheckinRequestBuilder: Checkin reason type: 8 attempt count: 1
05-12 16:57:07.886  6159 19561 I GCoreUlr: WorldUpdater received intent Intent { act=com.google.android.location.reporting.ACTION_UPDATE_WORLD cmp=com.google.android.gms/com.google.android.location.reporting.service.DispatchingService (has extras) } with receiverAction com.google.gservices.intent.action.GSERVICES_CHANGED
05-12 16:57:08.189  6159  6159 W art     : Long monitor contention event with owner method=boolean com.google.android.gms.common.internal.bc.a(com.google.android.gms.common.internal.bd, android.content.ServiceConnection, java.lang.String) from SourceFile:97 waiters=0 for 122ms
05-12 16:57:08.221  6045  8853 I GLSUser : [GLSUser] getTokenFromCache: [account: Account {name=omakoto@google.com, type=com.google}, callingPkg: com.google.android.gms, service: AndroidCheckInServer]
05-12 16:57:08.474  6728 19444 I CheckinRequestBuilder: Classify the device as Phone.
05-12 16:57:08.489  6728 19444 E ActivityThread: Failed to find provider info for com.google.android.wearable.settings
05-12 16:57:08.546  6159 19561 I GCoreUlr: WorldUpdater:com.google.gservices.intent.action.GSERVICES_CHANGED: Ensuring that reporting is stopped because of reasons: {account#-2#=[InactiveReason{mVersionCode=0, mIdentifier=6, mName='ReportingNotEnabled'}]}
05-12 16:57:08.567  6159 19561 I GCoreUlr: Unbound from all location providers
05-12 16:57:08.683  6159  6159 I GCoreUlr: DispatchingService.onDestroy()
05-12 16:57:08.715  6159  6159 I GCoreUlr: Unbound from all location providers
05-12 16:57:08.888  6728 19444 I CheckinTask: Sending checkin request (65766 bytes)
05-12 16:57:08.945  6045 19584 I GLSActivity: [ab] getting account id
05-12 16:57:09.036  6045 19584 I GLSUser : [t] Fetched account id for omakoto@google.com : 107219451117334219408
05-12 16:57:09.183  6045 19584 I GLSActivity: [ab] getting account id
05-12 16:57:09.279  6045 19584 I GLSUser : [t] Fetched account id for omakoto@google.com : 107219451117334219408
05-12 16:57:09.364  6045 19584 I GLSActivity: [ab] getting account id
05-12 16:57:09.435  3334  3747 I ActivityManager: Killing 18553:com.google.android.apps.cloudprint/u10a37 (adj 15): empty #17
05-12 16:57:09.449  6045 19584 I GLSUser : [t] Fetched account id for omakoto@google.com : 107219451117334219408
05-12 16:57:09.562  6728 19444 I CheckinRequestBuilder: Checkin reason type: 8 attempt count: 1
05-12 16:57:09.775  6045  6060 I GLSActivity: [ab] getting account id
05-12 16:57:09.953  6045  6060 I GLSUser : [t] Fetched account id for omakoto@google.com : 107219451117334219408
05-12 16:57:10.141  6045  6976 I GLSActivity: [ab] getting account id
05-12 16:57:10.168  6045  8853 I GLSUser : [GLSUser] getTokenFromCache: [account: Account {name=omakoto@google.com, type=com.google}, callingPkg: com.google.android.gms, service: AndroidCheckInServer]
05-12 16:57:10.195  6045  6976 I GLSUser : [t] Fetched account id for omakoto@google.com : 107219451117334219408
05-12 16:57:10.255  6728 19444 I CheckinRequestBuilder: Classify the device as Phone.
05-12 16:57:10.257  6728 19444 E ActivityThread: Failed to find provider info for com.google.android.wearable.settings
05-12 16:57:10.301  6045  6060 I GLSActivity: [ab] getting account id
05-12 16:57:10.371  6045  6060 I GLSUser : [t] Fetched account id for omakoto@google.com : 107219451117334219408
05-12 16:57:10.472  6045 15076 I GLSActivity: [ab] getting account id
05-12 16:57:10.539  6045 15076 I GLSUser : [t] Fetched account id for omakoto@google.com : 107219451117334219408
05-12 16:57:10.627  6045  6976 I GLSActivity: [ab] getting account id
05-12 16:57:10.637  6728 19444 I CheckinTask: Sending checkin request (68407 bytes)
05-12 16:57:10.693  6045  6976 I GLSUser : [t] Fetched account id for omakoto@google.com : 107219451117334219408
05-12 16:57:10.819  6045 15076 I GLSActivity: [ab] getting account id
05-12 16:57:10.895  6045 15076 I GLSUser : [t] Fetched account id for omakoto@google.com : 107219451117334219408
05-12 16:57:10.983  6045  6976 I GLSActivity: [ab] getting account id
05-12 16:57:11.057  6045  6976 I GLSUser : [t] Fetched account id for omakoto@google.com : 107219451117334219408
05-12 16:57:11.180  6045  6115 I GLSActivity: [ab] getting account id
05-12 16:57:11.276  6045  6115 I GLSUser : [t] Fetched account id for omakoto@google.com : 107219451117334219408
05-12 16:57:11.460  3334  3350 I ActivityManager: Start proc 19605:com.google.android.talk/u10a15 for broadcast com.google.android.talk/com.google.android.apps.hangouts.phone.PackageReplacedReceiver
05-12 16:57:11.463 19605 19605 I art     : Late-enabling JIT
05-12 16:57:11.472 19605 19605 I art     : JIT created with code_cache_capacity=2MB compile_threshold=1000
05-12 16:57:11.531  4415  4415 V GmsNetworkLocationProvi: DISABLE
05-12 16:57:11.587  6045  6059 I GLSActivity: [ab] getting account id
05-12 16:57:11.625  4415  4415 I GCoreNlp: shouldConfirmNlp, NLP off. Ensuring opt-in disabled
05-12 16:57:11.662 19605 19605 W art     : warning: method is huge (regs=288 insns_size=15474)
05-12 16:57:11.735  6045  6059 I GLSUser : [t] Fetched account id for omakoto@google.com : 107219451117334219408
05-12 16:57:11.799  6728 19444 I CheckinRequestBuilder: Checkin reason type: 8 attempt count: 1
05-12 16:57:11.916  6045  6115 I GLSActivity: [ab] getting account id
05-12 16:57:12.004  4171  4171 I Launcher: Deferring update until onResume
05-12 16:57:12.020  6045  6115 I GLSUser : [t] Fetched account id for omakoto@google.com : 107219451117334219408
05-12 16:57:12.272 19605 19647 I Babel   : MmsConfig: mnc/mcc: 310/260
05-12 16:57:12.272 19605 19647 I Babel   : MmsConfig.loadMmsSettings
05-12 16:57:12.281 19605 19647 I Babel   : MmsConfig.loadDeviceMmsSettings from API: mUserAgent=Nexus5, mUaProfUrl=http://gsm.lge.com/html/gsm/Nexus5-M10.xml
05-12 16:57:12.281 19605 19647 I Babel   : MmsConfig.loadFromDatabase
05-12 16:57:12.307 19605 19647 E SQLiteLog: (1) no such table: mmsconfig
05-12 16:57:12.311 19605 19647 I Babel   : MmsConfig: no mmsconfig table android.database.sqlite.SQLiteException: no such table: mmsconfig (code 1): , while compiling: SELECT key, value, type FROM mmsconfig WHERE numeric=?
05-12 16:57:12.311 19605 19647 I Babel   : MmsConfig.loadFromResources
05-12 16:57:12.315 19605 19647 E Babel   : canonicalizeMccMnc: invalid mccmnc nullnull
05-12 16:57:12.316 19605 19647 W Babel   : MmsConfig: invalid key=userAgent or type=string
05-12 16:57:12.317 19605 19647 W Babel   : MmsConfig: invalid key=uaProfUrl or type=string
05-12 16:57:12.317 19605 19647 I Babel   : MmsConfig.loadMmsSettings: mUserAgent=Nexus5, mUaProfUrl=http://gsm.lge.com/html/gsm/Nexus5-M10.xml
05-12 16:57:12.335  6045  6976 I GLSActivity: [ab] getting account id
05-12 16:57:12.413  6045  6976 I GLSUser : [t] Fetched account id for omakoto@google.com : 107219451117334219408
05-12 16:57:12.446 19605 19605 W Settings: Setting airplane_mode_on has moved from android.provider.Settings.System to android.provider.Settings.Global, returning read-only value.
05-12 16:57:12.454  6045 15076 I GLSUser : [GLSUser] getTokenFromCache: [account: Account {name=omakoto@google.com, type=com.google}, callingPkg: com.google.android.gms, service: AndroidCheckInServer]
05-12 16:57:12.537  6045  6977 I GLSActivity: [ab] getting account id
05-12 16:57:12.588  6728 19444 I CheckinRequestBuilder: Classify the device as Phone.
05-12 16:57:12.599  6728 19444 E ActivityThread: Failed to find provider info for com.google.android.wearable.settings
05-12 16:57:12.612  6045  6977 I GLSUser : [t] Fetched account id for omakoto@google.com : 107219451117334219408
05-12 16:57:12.652 19605 19605 I Babel_StickerModule: App launched.
05-12 16:57:12.654 19605 19605 I Babel_StickerModule: Trying first logged in account.
05-12 16:57:12.659 19605 19605 I Babel   : TeleModule.launchCompleted
05-12 16:57:12.675  3334  3748 W Telecom : : null is not visible for the calling user
05-12 16:57:12.712 19605 19605 I Babel   : TeleModule.updateConnectionManagerRegistration, registration preference changed from false to false
05-12 16:57:12.712 19605 19605 I Babel   : TeleModule.updateIncomingCallRegistration, preferred account for incoming calls changed from: null to null
05-12 16:57:12.730  3334  3746 W Telecom : : null is not visible for the calling user
05-12 16:57:12.753  6045  8853 I GLSActivity: [ab] getting account id
05-12 16:57:12.814  6045  8853 I GLSUser : [t] Fetched account id for omakoto@google.com : 107219451117334219408
05-12 16:57:12.824  6728 19653 D PackageBroadcastService: Received broadcast action=android.intent.action.PACKAGE_CHANGED and uri=com.google.android.gms
05-12 16:57:12.835  6728 19653 I PackageBroadcastService: Null package name or gms related package.  Ignoreing.
05-12 16:57:12.881  6728  7181 I Icing   : updateResources: need to parse f{com.google.android.gms}
05-12 16:57:12.919 19605 19605 W Utils   : could not parse integer 'null'
05-12 16:57:12.919 19605 19605 W Utils   : could not parse integer 'null'
05-12 16:57:12.922 19605 19605 W Utils   : could not parse integer 'null'
05-12 16:57:12.923 19605 19605 W Utils   : could not parse integer 'null'
05-12 16:57:12.925 19605 19605 W Utils   : could not parse integer 'null'
05-12 16:57:12.925 19605 19605 W Utils   : could not parse integer 'null'
05-12 16:57:12.929  6728 19444 I CheckinTask: Sending checkin request (69890 bytes)
05-12 16:57:12.930 19605 19605 W Utils   : could not parse integer 'null'
05-12 16:57:12.931 19605 19605 W Utils   : could not parse integer 'null'
05-12 16:57:12.933 19605 19605 W Utils   : could not parse integer 'null'
05-12 16:57:12.933 19605 19605 W Utils   : could not parse integer 'null'
05-12 16:57:12.936 19605 19605 W Utils   : could not parse integer 'null'
05-12 16:57:12.936 19605 19605 W Utils   : could not parse integer 'null'
05-12 16:57:12.942 19605 19605 W Utils   : could not parse integer 'null'
05-12 16:57:12.942 19605 19605 W Utils   : could not parse integer 'null'
05-12 16:57:12.946 19605 19605 W Utils   : could not parse integer 'null'
05-12 16:57:12.946 19605 19605 W Utils   : could not parse integer 'null'
05-12 16:57:12.948 19605 19605 W Utils   : could not parse integer 'null'
05-12 16:57:12.948 19605 19605 W Utils   : could not parse integer 'null'
05-12 16:57:12.958 19605 19605 W Utils   : could not parse integer 'null'
05-12 16:57:12.959 18252 18252 W XXX     : PackageIntentReceiver: Intent { act=android.intent.action.PACKAGE_CHANGED dat=package:com.google.android.gms flg=0x4000010 cmp=com.android.providers.contacts/.PackageIntentReceiver (has extras) }
05-12 16:57:12.960 19605 19605 W Utils   : could not parse integer 'null'
05-12 16:57:12.969 19605 19605 W Utils   : could not parse integer 'null'
05-12 16:57:12.969 19605 19605 W Utils   : could not parse integer 'null'
05-12 16:57:12.973 19605 19605 W Utils   : could not parse integer 'null'
05-12 16:57:12.973 19605 19605 W Utils   : could not parse integer 'null'
05-12 16:57:12.982 19605 19605 W Utils   : could not parse integer 'null'
05-12 16:57:12.982 19605 19605 W Utils   : could not parse integer 'null'
05-12 16:57:12.984 19605 19605 W Utils   : could not parse integer 'null'
05-12 16:57:12.984 19605 19605 W Utils   : could not parse integer 'null'
05-12 16:57:13.000 19605 19605 W Utils   : could not parse integer 'null'
05-12 16:57:13.007 19605 19605 W Utils   : could not parse integer 'null'
05-12 16:57:13.009 19605 19605 W VideoCapabilities: Unrecognized profile 2130706433 for video/avc
05-12 16:57:13.014 19605 19605 W Utils   : could not parse integer 'null'
05-12 16:57:13.018 19605 19605 W Utils   : could not parse integer 'null'
05-12 16:57:13.022 19605 19605 W Utils   : could not parse integer 'null'
05-12 16:57:13.027 19605 19605 W Utils   : could not parse integer 'null'
05-12 16:57:13.034 19605 19605 W Utils   : could not parse integer 'null'
05-12 16:57:13.039 19605 19605 W Utils   : could not parse integer 'null'
05-12 16:57:13.046 19605 19605 W Utils   : could not parse integer 'null'
05-12 16:57:13.048 19605 19605 W VideoCapabilities: Unrecognized profile/level 0/0 for video/mpeg2
05-12 16:57:13.050 19605 19605 W VideoCapabilities: Unrecognized profile/level 0/2 for video/mpeg2
05-12 16:57:13.050 19605 19605 W VideoCapabilities: Unrecognized profile/level 0/3 for video/mpeg2
05-12 16:57:13.055 19605 19605 W Utils   : could not parse integer 'null'
05-12 16:57:13.055 19605 19605 W Utils   : could not parse integer 'null'
05-12 16:57:13.061 19605 19605 W Utils   : could not parse integer 'null'
05-12 16:57:13.061 19605 19605 W Utils   : could not parse integer 'null'
05-12 16:57:13.067 19605 19605 W Utils   : could not parse integer 'null'
05-12 16:57:13.067 19605 19605 W Utils   : could not parse integer 'null'
05-12 16:57:13.073 19605 19605 W Utils   : could not parse integer 'null'
05-12 16:57:13.073 19605 19605 W Utils   : could not parse integer 'null'
05-12 16:57:13.079 19605 19605 W Utils   : could not parse integer 'null'
05-12 16:57:13.079 19605 19605 W Utils   : could not parse integer 'null'
05-12 16:57:13.084 19605 19605 W Utils   : could not parse integer 'null'
05-12 16:57:13.084 19605 19605 W Utils   : could not parse integer 'null'
05-12 16:57:13.089 19605 19605 W Utils   : could not parse integer 'null'
05-12 16:57:13.089 19605 19605 W Utils   : could not parse integer 'null'
05-12 16:57:13.093 19605 19605 W Utils   : could not parse integer 'null'
05-12 16:57:13.094 19605 19605 W Utils   : could not parse integer 'null'
05-12 16:57:13.098 19605 19605 W Utils   : could not parse integer 'null'
05-12 16:57:13.098 19605 19605 W Utils   : could not parse integer 'null'
05-12 16:57:13.100 19605 19605 I VideoCapabilities: Unsupported profile 4 for video/mp4v-es
05-12 16:57:13.103 19605 19605 W Utils   : could not parse integer 'null'
05-12 16:57:13.103 19605 19605 W Utils   : could not parse integer 'null'
05-12 16:57:13.108 19605 19605 W Utils   : could not parse integer 'null'
05-12 16:57:13.108 19605 19605 W Utils   : could not parse integer 'null'
05-12 16:57:13.117 19605 19605 W Utils   : could not parse integer 'null'
05-12 16:57:13.131 19605 19605 W Utils   : could not parse integer 'null'
05-12 16:57:13.159 19605 19605 W art     : Method processed more than once: java.lang.String com.google.android.libraries.hangouts.video.Registration.serializeOverideMap(java.lang.String[][])
05-12 16:57:13.179 19605 19605 I Babel   : Creating RTCS
05-12 16:57:13.300 19605 19605 I Babel   : Destroying RTCS
05-12 16:57:13.452  6728 19444 I CheckinRequestBuilder: Checkin reason type: 8 attempt count: 1
05-12 16:57:13.818  6045  6060 I GLSUser : [GLSUser] getTokenFromCache: [account: Account {name=omakoto@google.com, type=com.google}, callingPkg: com.google.android.gms, service: AndroidCheckInServer]
05-12 16:57:13.869  6728 19444 I CheckinRequestBuilder: Classify the device as Phone.
05-12 16:57:13.871  6728 19444 E ActivityThread: Failed to find provider info for com.google.android.wearable.settings
05-12 16:57:14.207  6728 19444 I CheckinTask: Sending checkin request (63857 bytes)
05-12 16:57:14.618  6728 19444 I CheckinRequestBuilder: Checkin reason type: 8 attempt count: 1
05-12 16:57:14.869  3334  3431 I logd    : uid=1000(system) too chatty comm=WifiStateMachin, expire 4 lines
05-12 16:57:14.959  6045  6822 I GLSUser : [GLSUser] getTokenFromCache: [account: Account {name=omakoto@google.com, type=com.google}, callingPkg: com.google.android.gms, service: AndroidCheckInServer]
05-12 16:57:15.054  6728 19444 I CheckinRequestBuilder: Classify the device as Phone.
05-12 16:57:15.056  6728 19444 E ActivityThread: Failed to find provider info for com.google.android.wearable.settings
05-12 16:57:15.368  6728 19444 I CheckinTask: Sending checkin request (76355 bytes)
05-12 16:57:16.479  6728 19444 I CheckinRequestBuilder: Checkin reason type: 8 attempt count: 1
05-12 16:57:16.887  6045  8853 I GLSUser : [GLSUser] getTokenFromCache: [account: Account {name=omakoto@google.com, type=com.google}, callingPkg: com.google.android.gms, service: AndroidCheckInServer]
05-12 16:57:16.932  6728 19444 I CheckinRequestBuilder: Classify the device as Phone.
05-12 16:57:16.933  6728 19444 E ActivityThread: Failed to find provider info for com.google.android.wearable.settings
05-12 16:57:17.208  6728 19444 I CheckinTask: Sending checkin request (78292 bytes)
05-12 16:57:17.268  3334  3747 I ActivityManager: Killing 18516:com.google.android.volta/u0a25 (adj 15): empty #17
05-12 16:57:17.750  6728 19444 I CheckinRequestBuilder: Checkin reason type: 8 attempt count: 1
05-12 16:57:18.021  6045  6060 I GLSUser : [GLSUser] getTokenFromCache: [account: Account {name=omakoto@google.com, type=com.google}, callingPkg: com.google.android.gms, service: AndroidCheckInServer]
05-12 16:57:18.063  6728 19444 I CheckinRequestBuilder: Classify the device as Phone.
05-12 16:57:18.064  6728 19444 E ActivityThread: Failed to find provider info for com.google.android.wearable.settings
05-12 16:57:18.307  6728 19444 I CheckinTask: Sending checkin request (80157 bytes)
05-12 16:57:18.838  6728 19444 I CheckinRequestBuilder: Checkin reason type: 8 attempt count: 1
05-12 16:57:19.092  6045  8853 I GLSUser : [GLSUser] getTokenFromCache: [account: Account {name=omakoto@google.com, type=com.google}, callingPkg: com.google.android.gms, service: AndroidCheckInServer]
05-12 16:57:19.153  6728 19444 I CheckinRequestBuilder: Classify the device as Phone.
05-12 16:57:19.155  6728 19444 E ActivityThread: Failed to find provider info for com.google.android.wearable.settings
05-12 16:57:19.432  6728 19444 I CheckinTask: Sending checkin request (75744 bytes)
05-12 16:57:19.821  6728 19444 I CheckinTask: Checkin success: https://android.clients.google.com/checkin (10 requests sent)
05-12 16:57:19.871  6728 19444 I CheckinService: Checking schedule, now: 1431475039871 next: 1431478831832
05-12 16:57:19.871  6728 19444 I CheckinService: active receiver: disabled
05-12 16:57:19.889  6728 19728 I CheckinService: Checking schedule, now: 1431475039889 next: 1431478831832
05-12 16:57:19.889  6728 19728 I CheckinService: active receiver: disabled
05-12 16:57:19.989  6728  6728 D ChimeraRcvrProxy: Creating receiver proxy ComponentInfo{com.google.android.gms/com.google.android.gms.kids.chimera.SystemEventReceiverProxy}
05-12 16:57:19.989  6728  6728 D ChimeraRcvrProxy: Proxying container receiver ComponentInfo{com.google.android.gms/com.google.android.gms.kids.chimera.SystemEventReceiverProxy} to Chimera receiver impl com.google.android.gms.kids.account.SystemEventReceiver
05-12 16:57:19.989  6728  6728 D ChimeraCfgMgr: Loading module com.google.android.gms.kids from APK com.google.android.gms
05-12 16:57:20.024  6728  6728 D ChimeraSrvcProxy: Creating service proxy ComponentInfo{com.google.android.gms/com.google.android.gms.kids.chimera.KidsApiServiceProxy}
05-12 16:57:20.025  6728  6728 D ChimeraSrvcProxy: Proxying container service ComponentInfo{com.google.android.gms/com.google.android.gms.kids.chimera.KidsApiServiceProxy} to Chimera service impl com.google.android.gms.kids.common.service.KidsApiService
05-12 16:57:20.025  6728  6728 D ChimeraCfgMgr: Loading module com.google.android.gms.kids from APK com.google.android.gms
05-12 16:57:20.068 19418 19418 I SetupWizard: Connected to Gservices successfully
05-12 16:57:20.232  6045  6822 I GLSUser : [GLSUser] getTokenFromCache: [account: Account {name=omakoto@google.com, type=com.google}, callingPkg: com.google.android.gms, service: ac2dm]
05-12 16:57:20.256 18571 18571 D DMAgent : Recevied Android ID in checkin complete intent 4308915870313486003
05-12 16:57:20.311  6045  6045 V GLSActivity: AuthDelegateWrapperCreated with selected intent: Intent { cmp=com.google.android.gms/.auth.DefaultAuthDelegateService }
05-12 16:57:20.356  6045  6045 V GLSActivity: AuthDelegateWrapperCreated with selected intent: Intent { cmp=com.google.android.gms/.auth.DefaultAuthDelegateService }
05-12 16:57:20.405  6045  6045 V GLSActivity: AuthDelegateWrapperCreated with selected intent: Intent { cmp=com.google.android.gms/.auth.DefaultAuthDelegateService }
05-12 16:57:20.424  6728 19740 E WakeLockTracker: missing wakeLock key. null
05-12 16:57:22.289  2649  2709 I ThermalEngine: TM Id 'SKIN_THERMAL_management_1' Sensor 'xo_therm_pu2' - alarm raised 1 at 40.0 degC
05-12 16:57:22.289  2649  2709 I ThermalEngine: ACTION: CPU - Setting CPU[0] to 1958400
05-12 16:57:22.289  2649  2709 I ThermalEngine: ACTION: CPU - Setting CPU[1] to 1958400
05-12 16:57:22.289  2649  2709 I ThermalEngine: ACTION: CPU - Setting CPU[2] to 1958400
05-12 16:57:22.289  2649  2709 I ThermalEngine: ACTION: CPU - Setting CPU[3] to 1958400
05-12 16:57:22.289  2649  2709 I ThermalEngine: ACTION: LCD - Setting max LCD brightness to 229
05-12 16:57:30.185 19605 19605 I Babel   : Creating RTCS
05-12 16:57:30.209  6728 19979 D PackageBroadcastService: Received broadcast action=android.intent.action.PACKAGE_CHANGED and uri=com.google.android.gms
05-12 16:57:30.237  6728 19979 I PackageBroadcastService: Null package name or gms related package.  Ignoreing.
05-12 16:57:30.263 19605 19605 I Babel   : Destroying RTCS
05-12 16:57:30.301  6728  7181 I Icing   : updateResources: need to parse f{com.google.android.gms}
05-12 16:57:30.313 18252 18252 W XXX     : PackageIntentReceiver: Intent { act=android.intent.action.PACKAGE_CHANGED dat=package:com.google.android.gms flg=0x4000010 cmp=com.android.providers.contacts/.PackageIntentReceiver (has extras) }
05-12 16:57:30.347  4415  4415 V GmsNetworkLocationProvi: DISABLE
05-12 16:57:30.407  4415  4415 I GCoreNlp: shouldConfirmNlp, NLP off. Ensuring opt-in disabled
05-12 16:57:30.720  4171  4171 I Launcher: Deferring update until onResume
05-12 16:57:34.914  3334  3431 I logd    : uid=1000(system) too chatty comm=WifiStateMachin, expire 4 lines
05-12 16:57:45.274  3334  3434 D ConnectivityService: updateNetworkScore for NetworkAgentInfo [WIFI () - 100] to 56
05-12 16:57:45.274  3334  3434 D ConnectivityService: rematching NetworkAgentInfo [WIFI () - 100]
05-12 16:57:45.274  3334  3434 D ConnectivityService: Network NetworkAgentInfo [WIFI () - 100] was already satisfying request 1. No change.
05-12 16:57:45.274  3334  3434 D ConnectivityService: notifyType AVAILABLE for NetworkAgentInfo [WIFI () - 100]
05-12 16:57:45.279  3769  4362 D ConnectivityManager.CallbackHandler: CM callback handler got msg 524290
05-12 16:57:48.374  3334  3434 D ConnectivityService: updateNetworkScore for NetworkAgentInfo [WIFI () - 100] to 60
05-12 16:57:48.374  3334  3434 D ConnectivityService: rematching NetworkAgentInfo [WIFI () - 100]
05-12 16:57:48.374  3334  3434 D ConnectivityService: Network NetworkAgentInfo [WIFI () - 100] was already satisfying request 1. No change.
05-12 16:57:48.375  3334  3434 D ConnectivityService: notifyType AVAILABLE for NetworkAgentInfo [WIFI () - 100]
05-12 16:57:48.380  3769  4362 D ConnectivityManager.CallbackHandler: CM callback handler got msg 524290
05-12 16:57:50.231  3334  3742 V WindowManager: not Base app: Adding window Window{3bbb926 u0 com.android.settings/com.android.settings.applications.InstalledAppDetails} at 3 of 7
05-12 16:57:51.428  3334  3431 I logd    : uid=1000(system) too chatty comm=WifiStateMachin, expire 7 lines
05-12 16:57:51.428  3334  3434 D ConnectivityService: updateNetworkScore for NetworkAgentInfo [WIFI () - 100] to 56
05-12 16:57:51.429  3334  3434 D ConnectivityService: rematching NetworkAgentInfo [WIFI () - 100]
05-12 16:57:51.429  3334  3434 D ConnectivityService: Network NetworkAgentInfo [WIFI () - 100] was already satisfying request 1. No change.
05-12 16:57:51.429  3334  3434 D ConnectivityService: notifyType AVAILABLE for NetworkAgentInfo [WIFI () - 100]
05-12 16:57:51.438  3769  4362 D ConnectivityManager.CallbackHandler: CM callback handler got msg 524290
05-12 16:57:52.262  3334  3361 I ActivityManager: Force stopping com.google.android.deskclock appid=10040 user=0: pkg changed
05-12 16:57:52.295  3334  3742 W InputMethodManagerService: Window already focused, ignoring focus gain of: com.android.internal.view.IInputMethodClient$Stub$Proxy@2bb9967 attribute=null, token = android.os.BinderProxy@db9a76
05-12 16:57:52.337  3334  3350 I ProcessStatsService: Prepared write state in 57ms
05-12 16:57:52.380  3334  3423 I logd    : uid=1000(system) too chatty comm=InputReader, expire 1 line
05-12 16:57:52.442 17598 20064 D PackageBroadcastService: Received broadcast action=android.intent.action.PACKAGE_CHANGED and uri=com.google.android.deskclock
05-12 16:57:52.457 20066 20066 I art     : Late-enabling JIT
05-12 16:57:52.459  3334  3742 I ActivityManager: Start proc 20066:com.google.android.googlequicksearchbox:search/u0a24 for broadcast com.google.android.googlequicksearchbox/com.google.android.search.core.icingsync.IcingCorporaChangedReceiver
05-12 16:57:52.468 20066 20066 I art     : JIT created with code_cache_capacity=2MB compile_threshold=1000
05-12 16:57:52.505 14871 14871 I logd    : uid=1000(system) too chatty comm=com.android.settings, expire 3 lines
05-12 16:57:52.525  3334  3361 I ActivityManager: Start proc 20086:com.android.defcontainer/u0a5 for service com.android.defcontainer/.DefaultContainerService
05-12 16:57:52.532 17598 20080 I PeopleContactsSync: CP2 sync disabled
05-12 16:57:52.533 20086 20086 I art     : Late-enabling JIT
05-12 16:57:52.542 20086 20086 I art     : JIT created with code_cache_capacity=2MB compile_threshold=1000
05-12 16:57:52.633 17598 17831 I Icing   : doRemovePackageData com.google.android.deskclock
05-12 16:57:52.739  3334  3349 I ProcessStatsService: Pruning old procstats: /data/system/procstats/state-2015-05-11-15-36-53.bin.ci
05-12 16:57:52.784  4171  4171 I Launcher: Deferring update until onResume
05-12 16:57:52.856  3334  3753 I ActivityManager: Start proc 20111:com.google.android.apps.plus/u0a68 for broadcast com.google.android.apps.plus/.service.PackagesMediaMonitor
05-12 16:57:52.856 20111 20111 I art     : Late-enabling JIT
05-12 16:57:52.869 20111 20111 I art     : JIT created with code_cache_capacity=2MB compile_threshold=1000
05-12 16:57:52.881 20066 20108 I UpdateIcingCorporaServi: Updating corpora: APPS=com.google.android.deskclock, CONTACTS=MAYBE
05-12 16:57:52.987 20066 20131 W art     : Method processed more than once: java.lang.String com.google.i.a.a.readString()
05-12 16:57:53.062  4171  4171 I Launcher: Deferring update until onResume
05-12 16:57:53.071  4171  4171 I Launcher: Deferring update until onResume
05-12 16:57:53.180 20135 20135 I art     : Late-enabling JIT
05-12 16:57:53.180  3334  3742 I ActivityManager: Start proc 20135:android.process.media/u0a6 for content provider com.android.providers.media/.MediaProvider
05-12 16:57:53.188 20135 20135 I art     : JIT created with code_cache_capacity=2MB compile_threshold=1000
05-12 16:57:53.269 20157 20157 I art     : Late-enabling JIT
05-12 16:57:53.270  3334  3347 I ActivityManager: Start proc 20157:com.google.android.partnersetup/u0a14 for content provider com.google.android.partnersetup/.RlzAppProvider
05-12 16:57:53.278 20157 20157 I art     : JIT created with code_cache_capacity=2MB compile_threshold=1000
05-12 16:57:53.463  3334  3751 I ActivityManager: Killing 18722:com.google.android.gms:car/u10a9 (adj 15): empty #17
05-12 16:57:53.858 20189 20189 I art     : Late-enabling JIT
05-12 16:57:53.858  3334  3746 I ActivityManager: Start proc 20189:android.process.acore/u0a4 for content provider com.android.providers.contacts/.ContactsProvider2
05-12 16:57:53.868 20189 20189 I art     : JIT created with code_cache_capacity=2MB compile_threshold=1000
05-12 16:57:53.974  3334  3747 I ActivityManager: Killing 18624:com.google.android.gms.wearable/u0a9 (adj 15): empty #17
05-12 16:57:54.388 20189 20189 W XXX     : PackageIntentReceiver: Intent { act=android.intent.action.PACKAGE_CHANGED dat=package:com.google.android.deskclock flg=0x4000010 cmp=com.android.providers.contacts/.PackageIntentReceiver (has extras) }
05-12 16:57:54.393  3334  3347 I ActivityManager: Killing 18124:android.process.media/u10a6 (adj 15): empty #17
05-12 16:57:54.399 20189 20214 I ContactLocale: AddressBook Labels [en-US]: [, A, B, C, D, E, F, G, H, I, J, K, L, M, N, O, P, Q, R, S, T, U, V, W, X, Y, Z, , , , , , , , , , , , , , , , , , , , , , , , , , , , , , , , , , , , , , , , , , , , , , , , , , , , , , , , , , , , , , , , , , , , , , , , , , , , , , , , , , , , , , , , , , , , , , , , , , , , , , , , , , , , , , , , , , , , , , , , , , , , , , , , , , , , , , , , , , , , , , , , , , , , , , , , , , , , , , , , , , , , , , , , , , , , , , , , , , , , , , , , , , , #, ]
05-12 16:57:54.480 20066 20108 I UpdateIcingCorporaServi: UpdateCorporaTask done [took 992 ms] updated apps [took 992 ms]
05-12 16:57:54.487  3334  3750 I ActivityManager: Killing 19233:com.google.android.configupdater/u10a38 (adj 15): empty #17
05-12 16:57:55.544 17598 17831 I Icing   : Indexing 166B37F01BF3EB2D1761165D4C242526CB4A9FD6 from com.google.android.googlequicksearchbox
05-12 16:57:55.877 17598 17831 I Icing   : Indexing done 166B37F01BF3EB2D1761165D4C242526CB4A9FD6
05-12 16:58:01.176  3334  3753 I ActivityManager: Killing 19276:com.google.android.apps.gcs/u10a8 (adj 15): empty #17
05-12 16:58:02.826  3334  3348 I ActivityManager: Killing 19313:com.google.android.partnersetup/u10a14 (adj 15): empty #17
05-12 16:58:14.969  3334  3431 I logd    : uid=1000(system) too chatty comm=WifiStateMachin, expire 4 lines
05-12 16:58:25.208   190   190 I perfprofd: profile collection skipped (missing semaphore file)
05-12 16:58:27.186  6045  6045 V GLSActivity: AuthDelegateWrapperCreated with selected intent: Intent { cmp=com.google.android.gms/.auth.DefaultAuthDelegateService }
05-12 16:58:27.398  6045  6976 I GLSUser : [GLSUser] getTokenFromCache: [account: Account {name=omakoto@google.com, type=com.google}, callingPkg: com.android.vending, service: androidmarket]
05-12 16:58:27.534 18678 18720 W System  : Ignoring header User-Agent because its value was null.
05-12 16:58:28.259  3334  3431 I logd    : uid=1000(system) too chatty comm=WifiStateMachin, expire 6 lines
05-12 16:58:28.260  3334  3434 D ConnectivityService: updateNetworkScore for NetworkAgentInfo [WIFI () - 100] to 60
05-12 16:58:28.260  3334  3434 D ConnectivityService: rematching NetworkAgentInfo [WIFI () - 100]
05-12 16:58:28.260  3334  3434 D ConnectivityService: Network NetworkAgentInfo [WIFI () - 100] was already satisfying request 1. No change.
05-12 16:58:28.261  3334  3434 D ConnectivityService: notifyType AVAILABLE for NetworkAgentInfo [WIFI () - 100]
05-12 16:58:28.268  3769  4362 D ConnectivityManager.CallbackHandler: CM callback handler got msg 524290
05-12 16:58:28.290 18678 18720 W art     : Method processed more than once: java.lang.String com.android.okhttp.okio.Buffer.readString(long, java.nio.charset.Charset)
05-12 16:58:34.425  3334  3434 D ConnectivityService: updateNetworkScore for NetworkAgentInfo [WIFI () - 100] to 56
05-12 16:58:34.425  3334  3434 D ConnectivityService: rematching NetworkAgentInfo [WIFI () - 100]
05-12 16:58:34.425  3334  3434 D ConnectivityService: Network NetworkAgentInfo [WIFI () - 100] was already satisfying request 1. No change.
05-12 16:58:34.425  3334  3434 D ConnectivityService: notifyType AVAILABLE for NetworkAgentInfo [WIFI () - 100]
05-12 16:58:34.435  3769  4362 D ConnectivityManager.CallbackHandler: CM callback handler got msg 524290
05-12 16:58:42.350  2649  2709 I ThermalEngine: TM Id 'SKIN_THERMAL_management_1' Sensor 'xo_therm_pu2' - alarm cleared 1 at 38.0 degC
05-12 16:58:42.350  2649  2709 I ThermalEngine: ACTION: CPU - Setting CPU[0] to 2265600
05-12 16:58:42.350  2649  2709 I ThermalEngine: ACTION: CPU - Setting CPU[1] to 2265600
05-12 16:58:42.351  2649  2709 I ThermalEngine: ACTION: CPU - Setting CPU[2] to 2265600
05-12 16:58:42.351  2649  2709 I ThermalEngine: ACTION: CPU - Setting CPU[3] to 2265600
05-12 16:58:42.352  2649  2709 I ThermalEngine: ACTION: LCD - Setting max LCD brightness to 255
05-12 16:58:55.091  3334  3431 I logd    : uid=1000(system) too chatty comm=WifiStateMachin, expire 5 lines
05-12 16:59:01.987  3334  3434 D ConnectivityService: updateNetworkScore for NetworkAgentInfo [WIFI () - 100] to 60
05-12 16:59:01.987  3334  3434 D ConnectivityService: rematching NetworkAgentInfo [WIFI () - 100]
05-12 16:59:01.987  3334  3434 D ConnectivityService: Network NetworkAgentInfo [WIFI () - 100] was already satisfying request 1. No change.
05-12 16:59:01.987  3334  3434 D ConnectivityService: notifyType AVAILABLE for NetworkAgentInfo [WIFI () - 100]
05-12 16:59:01.993  3769  4362 D ConnectivityManager.CallbackHandler: CM callback handler got msg 524290
05-12 16:59:08.190  3334  3431 I logd    : uid=1000(system) too chatty comm=WifiStateMachin, expire 23 lines
05-12 16:59:08.191  3334  3434 D ConnectivityService: updateNetworkScore for NetworkAgentInfo [WIFI () - 100] to 56
05-12 16:59:08.191  3334  3434 D ConnectivityService: rematching NetworkAgentInfo [WIFI () - 100]
05-12 16:59:08.191  3334  3434 D ConnectivityService: Network NetworkAgentInfo [WIFI () - 100] was already satisfying request 1. No change.
05-12 16:59:08.191  3334  3434 D ConnectivityService: notifyType AVAILABLE for NetworkAgentInfo [WIFI () - 100]
05-12 16:59:08.195  3769  4362 D ConnectivityManager.CallbackHandler: CM callback handler got msg 524290
05-12 16:59:11.237  3334  4474 I logd    : uid=1000(system) too chatty comm=DhcpClient, expire 2 lines
05-12 16:59:11.245  3334  4479 I logd    : uid=1000(system) too chatty comm=Thread-107, expire 1 line
05-12 16:59:11.258  2636  3210 D CommandListener: Setting iface cfg
05-12 16:59:11.327  3334  3434 D ConnectivityService: NetworkAgentInfo [WIFI () - 100] EVENT_NETWORK_INFO_CHANGED, going from CONNECTED to CONNECTING
05-12 16:59:11.387  3334  3434 D ConnectivityService: NetworkAgentInfo [WIFI () - 100] EVENT_NETWORK_INFO_CHANGED, going from CONNECTING to CONNECTED
05-12 16:59:32.776  3334  3434 D ConnectivityService: updateNetworkScore for NetworkAgentInfo [WIFI () - 100] to 60
05-12 16:59:32.776  3334  3434 D ConnectivityService: rematching NetworkAgentInfo [WIFI () - 100]
